Archive member included because of file (symbol)

/tools/gcc-arm/gcc-linaro/gcc-arm-none-eabi-4_6-2012q2/lib/gcc/arm-none-eabi/4.6.2/libgcc.a(_udivsi3.o)
                              ./drivers/synopsis/uart/DW_apb_uart/DW_apb_uart_drv.o (__aeabi_uidiv)
/tools/gcc-arm/gcc-linaro/gcc-arm-none-eabi-4_6-2012q2/lib/gcc/arm-none-eabi/4.6.2/libgcc.a(_divsi3.o)
                              ./drivers/zoro/usb/usb_ll/cil.o (__aeabi_idiv)
/tools/gcc-arm/gcc-linaro/gcc-arm-none-eabi-4_6-2012q2/lib/gcc/arm-none-eabi/4.6.2/libgcc.a(_dvmd_tls.o)
                              /tools/gcc-arm/gcc-linaro/gcc-arm-none-eabi-4_6-2012q2/lib/gcc/arm-none-eabi/4.6.2/libgcc.a(_udivsi3.o) (__aeabi_idiv0)

Allocating common symbols
Common symbol       size              file

nu3000_num_trbs     0x4               ./drivers/zoro/usb/usb_driver/no_os_gadget.o
nu3000_dep_cfg_cb   0x4               ./drivers/zoro/usb/usb_ll/pcd.o
g_pcd_req           0x130             ./drivers/zoro/usb/usb_driver/no_os_init.o
g_pcd_req_bm        0x4               ./drivers/zoro/usb/usb_driver/no_os_init.o
bos_desc_buf        0x200             ./drivers/zoro/usb/usb_driver/no_os_ep0.o
nu3000_alloc_trb_cb
                    0x4               ./drivers/zoro/usb/usb_driver/no_os_gadget.o
g_out_trb_pool      0xc0              ./drivers/zoro/usb/usb_driver/no_os_init.o
hs_config_desc_buf  0x800             ./drivers/zoro/usb/usb_driver/no_os_ep0.o
ss_config_desc_buf  0x800             ./drivers/zoro/usb/usb_driver/no_os_ep0.o
nu3000_usb_descriptors_export
                    0x34              ./drivers/zoro/usb/usb_driver/no_os_ep0.o
g_usb3_dev          0x140             ./drivers/zoro/usb/usb_driver/no_os_init.o
dev_qualifier_buf   0xa               ./drivers/zoro/usb/usb_driver/no_os_ep0.o
bos_desc_buf_size   0x4               ./drivers/zoro/usb/usb_driver/no_os_ep0.o
fs_config_desc_buf_size
                    0x4               ./drivers/zoro/usb/usb_driver/no_os_ep0.o
device_desc_buf     0x12              ./drivers/zoro/usb/usb_driver/no_os_ep0.o
nu3000_descriptor_override
                    0x10              ./drivers/zoro/usb/usb_driver/no_os_ep0.o
max_delay_in_ticks  0x4               ./main/system.o
ICTLP_spIsrCnt      0x4               ./drivers/inuitive/ictl/ictl.o
fw_entry            0x4               ./drivers/zoro/usb/usb_driver/no_os_src_sink_lpbk.o
fs_config_desc_buf  0x800             ./drivers/zoro/usb/usb_driver/no_os_ep0.o
g_in_trb_pool       0xc0              ./drivers/zoro/usb/usb_driver/no_os_init.o
ss_config_desc_buf_size
                    0x4               ./drivers/zoro/usb/usb_driver/no_os_ep0.o
nu3000_string_descriptors
                    0x500             ./drivers/zoro/usb/usb_driver/no_os_ep0.o
nu3000_iso_rate     0x40              ./drivers/zoro/usb/usb_driver/no_os_ep0.o
hs_config_desc_buf_size
                    0x4               ./drivers/zoro/usb/usb_driver/no_os_ep0.o

Discarded input sections

 .data          0x00000000        0x0 boot/start.o
 .bss           0x00000000        0x0 boot/start.o
 .text          0x00000000        0x0 ./main/main.o
 .data          0x00000000        0x0 ./main/main.o
 .bss           0x00000000        0x0 ./main/main.o
 .text.bootrom_hw_verif_flags_set
                0x00000000        0x4 ./main/main.o
 .text          0x00000000        0x0 ./main/board.o
 .data          0x00000000        0x0 ./main/board.o
 .bss           0x00000000        0x0 ./main/board.o
 .text.board_usb_phy_dump_regs
                0x00000000       0x68 ./main/board.o
 .text.board_pll_status_show
                0x00000000       0xbc ./main/board.o
 .text          0x00000000        0x0 ./main/system.o
 .data          0x00000000        0x0 ./main/system.o
 .bss           0x00000000        0x0 ./main/system.o
 .text.system_getSwVersion
                0x00000000       0x34 ./main/system.o
 .text.system_getHwVersion
                0x00000000        0xc ./main/system.o
 .text.system_mdelay
                0x00000000       0x2c ./main/system.o
 .text.system_hard_reset
                0x00000000       0x10 ./main/system.o
 COMMON         0x00000000        0x4 ./main/system.o
 .text          0x00000000        0x0 ./dft/dft.o
 .data          0x00000000        0x0 ./dft/dft.o
 .bss           0x00000000        0x0 ./dft/dft.o
 .text          0x00000000        0x0 ./drivers/synopsis/uart/DW_apb_uart/DW_apb_uart_drv.o
 .data          0x00000000        0x0 ./drivers/synopsis/uart/DW_apb_uart/DW_apb_uart_drv.o
 .bss           0x00000000        0x0 ./drivers/synopsis/uart/DW_apb_uart/DW_apb_uart_drv.o
 .text.uart_print
                0x00000000       0x30 ./drivers/synopsis/uart/DW_apb_uart/DW_apb_uart_drv.o
 .text          0x00000000        0x0 ./drivers/synopsis/uart/DW_apb_uart/DW_apb_uart.o
 .data          0x00000000        0x0 ./drivers/synopsis/uart/DW_apb_uart/DW_apb_uart.o
 .bss           0x00000000        0x0 ./drivers/synopsis/uart/DW_apb_uart/DW_apb_uart.o
 .text.dw_uart_reset
[...]
Memory Configuration

Name             Origin             Length             Attributes
ROM              0x00000000         0x00020000         xr
LRAM             0x02000000         0x00060000         xrw
*default*        0x00000000         0xffffffff

Linker script and memory map

                0x02000000                __LRAM_ADDRESS = ORIGIN (LRAM)
                0x00060000                __LRAM_SIZE = 0x60000
                0x00002000                IRQ_STACK_SIZE = 0x2000
                0x00000200                ABT_STACK_SIZE = 0x200
                0x00002000                C_STACK_SIZE = 0x2000
                0x00004200                STACK_MAX_SIZE = ((C_STACK_SIZE + IRQ_STACK_SIZE) + ABT_STACK_SIZE)
                0x00004000                BSS_MAX_SIZE = 0x4000
                0x00004000                PBSS_MAX_SIZE = 0x4000
                0x00004000                TLB_MAX_SIZE = 0x4000
                0x00004000                PAGETABLE_MAX_SIZE = 0x4000
                0x00000000                . = ALIGN (0x4)

.text           0x00000000     0xe2b0
 *(.text*)
 .text          0x00000000      0x460 boot/start.o
                0x00000000                _start
                0x00000040                _end_vect
                0x00000040                _major_version
                0x00000044                _minor_version
                0x00000048                _build_version
                0x00000058                HEAP_START
                0x0000005c                HEAP_END
                0x000000c0                cpu_init_cp15
                0x00000100                usb_resume
                0x00000120                enable_async_abort
                0x00000130                cpu_init_crit
 .text.bootrom_hie_regs_show
                0x00000460       0x24 ./main/main.o
                0x00000460                bootrom_hie_regs_show
 .text.bootrom_usb_phy_init
                0x00000484        0xc ./main/main.o
                0x00000484                bootrom_usb_phy_init
 .text.bootrom_basic_init
                0x00000490       0x7c ./main/main.o
                0x00000490                bootrom_basic_init
 .text.bootrom_bg_usb
                0x0000050c       0x10 ./main/main.o
                0x0000050c                bootrom_bg_usb
 .text.bootrom_usb_resume
                0x0000051c       0x68 ./main/main.o
                0x0000051c                bootrom_usb_resume
 .text.bootrom_init
                0x00000584       0xc0 ./main/main.o
                0x00000584                bootrom_init
 .text.bootrom_por
                0x00000644       0xc4 ./main/main.o
                0x00000644                bootrom_por
 .text.get_strap_info
                0x00000708        0xc ./main/main.o
                0x00000708                get_strap_info
 .text.getTcaField
                0x00000714       0x3c ./main/board.o
 .text.setTcaField
                0x00000750       0x48 ./main/board.o
 .text.board_dbg_uart_init
                0x00000798       0x54 ./main/board.o
                0x00000798                board_dbg_uart_init
 .text.board_boot_uart_init
                0x000007ec       0x54 ./main/board.o
                0x000007ec                board_boot_uart_init
 .text.board_timer_init
                0x00000840       0x1c ./main/board.o
                0x00000840                board_timer_init
 .text.board_spi_init
                0x0000085c       0x3c ./main/board.o
                0x0000085c                board_spi_init
 .text.board_usb_init
                0x00000898       0x3c ./main/board.o
                0x00000898                board_usb_init
 .text.board_lram_clk_set
                0x000008d4       0x68 ./main/board.o
                0x000008d4                board_lram_clk_set
 .text.board_sys_clk_set
                0x0000093c       0x78 ./main/board.o
                0x0000093c                board_sys_clk_set
 .text.board_gpp_clk_set
                0x000009b4       0x7c ./main/board.o
                0x000009b4                board_gpp_clk_set
 .text.board_clks_set
                0x00000a30       0x14 ./main/board.o
                0x00000a30                board_clks_set
 .text.board_clks_restore
                0x00000a44       0x58 ./main/board.o
                0x00000a44                board_clks_restore
 .text.board_basic_init
                0x00000a9c       0x1c ./main/board.o
                0x00000a9c                board_basic_init
 .text.board_usb_phy_init
                0x00000ab8       0x24 ./main/board.o
                0x00000ab8                board_usb_phy_init
 .text.board_usb_typec_orientation
                0x00000adc      0x10c ./main/board.o
                0x00000adc                board_usb_typec_orientation
 .text.board_bootstrap_get
                0x00000be8       0x34 ./main/board.o
                0x00000be8                board_bootstrap_get
 .text.board_set_mode
                0x00000c1c       0x10 ./main/board.o
                0x00000c1c                board_set_mode
 .text.board_clk_pll_basic_init
                0x00000c2c       0x28 ./main/board.o
                0x00000c2c                board_clk_pll_basic_init
 .text.get_board_info
                0x00000c54       0x20 ./main/board.o
                0x00000c54                get_board_info
 .text.get_tick_count
                0x00000c74       0x14 ./main/system.o
 .text.system_tick_delay
                0x00000c88       0x88 ./main/system.o
                0x00000c88                system_tick_delay
 .text.system_udelay
                0x00000d10       0x30 ./main/system.o
                0x00000d10                system_udelay
 .text.system_ticks_per_msec
                0x00000d40       0x20 ./main/system.o
                0x00000d40                system_ticks_per_msec
 .text.system_power_mode
                0x00000d60       0x20 ./main/system.o
                0x00000d60                system_power_mode
 .text.system_is_self_powered
                0x00000d80        0x8 ./main/system.o
                0x00000d80                system_is_self_powered
 .text.system_usb_typec_orientation
                0x00000d88       0x14 ./main/system.o
                0x00000d88                system_usb_typec_orientation
 .text.system_jump_to_address
                0x00000d9c       0x14 ./main/system.o
                0x00000d9c                system_jump_to_address
 .text.enable_caches
                0x00000db0       0x10 ./main/system.o
                0x00000db0                enable_caches
 .text.disable_caches
                0x00000dc0       0x10 ./main/system.o
                0x00000dc0                disable_caches
 .text.run_test_mode
                0x00000dd0       0x54 ./dft/dft.o
                0x00000dd0                run_test_mode
 .text.uart_init_device
                0x00000e24       0xc4 ./drivers/synopsis/uart/DW_apb_uart/DW_apb_uart_drv.o
 .text.uart_boot_init
                0x00000ee8       0xd0 ./drivers/synopsis/uart/DW_apb_uart/DW_apb_uart_drv.o
                0x00000ee8                uart_boot_init
 .text.uart_debug_init
                0x00000fb8       0xd4 ./drivers/synopsis/uart/DW_apb_uart/DW_apb_uart_drv.o
                0x00000fb8                uart_debug_init
 .text.uart_write
                0x0000108c       0x1c ./drivers/synopsis/uart/DW_apb_uart/DW_apb_uart_drv.o
                0x0000108c                uart_write
 .text.uart_read
                0x000010a8       0x44 ./drivers/synopsis/uart/DW_apb_uart/DW_apb_uart_drv.o
                0x000010a8                uart_read
 .text.uart_is_ready
                0x000010ec       0x10 ./drivers/synopsis/uart/DW_apb_uart/DW_apb_uart_drv.o
                0x000010ec                uart_is_ready
 .text.dw_uart_isBusy
                0x000010fc       0x24 ./drivers/synopsis/uart/DW_apb_uart/DW_apb_uart.o
                0x000010fc                dw_uart_isBusy
 .text.dw_uart_resetTxFifo
                0x00001120       0x30 ./drivers/synopsis/uart/DW_apb_uart/DW_apb_uart.o
                0x00001120                dw_uart_resetTxFifo
 .text.dw_uart_resetRxFifo
                0x00001150       0x30 ./drivers/synopsis/uart/DW_apb_uart/DW_apb_uart.o
                0x00001150                dw_uart_resetRxFifo
 .text.dw_uart_setClockDivisor
                0x00001180       0x50 ./drivers/synopsis/uart/DW_apb_uart/DW_apb_uart.o
                0x00001180                dw_uart_setClockDivisor
 .text.dw_uart_setLineControl
                0x000011d0       0x44 ./drivers/synopsis/uart/DW_apb_uart/DW_apb_uart.o
                0x000011d0                dw_uart_setLineControl
 .text.dw_uart_enableFifos
                0x00001214       0x50 ./drivers/synopsis/uart/DW_apb_uart/DW_apb_uart.o
                0x00001214                dw_uart_enableFifos
 .text.dw_uart_areFifosEnabled
                0x00001264       0x38 ./drivers/synopsis/uart/DW_apb_uart/DW_apb_uart.o
                0x00001264                dw_uart_areFifosEnabled
 .text.dw_uart_disablePtime
                0x0000129c       0x40 ./drivers/synopsis/uart/DW_apb_uart/DW_apb_uart.o
                0x0000129c                dw_uart_disablePtime
 .text.dw_uart_enableLoopback
                0x000012dc       0x18 ./drivers/synopsis/uart/DW_apb_uart/DW_apb_uart.o
                0x000012dc                dw_uart_enableLoopback
 .text.dw_uart_disableLoopback
                0x000012f4       0x18 ./drivers/synopsis/uart/DW_apb_uart/DW_apb_uart.o
                0x000012f4                dw_uart_disableLoopback
 .text.dw_uart_disableIrq
                0x0000130c       0x20 ./drivers/synopsis/uart/DW_apb_uart/DW_apb_uart.o
                0x0000130c                dw_uart_disableIrq
 .text.dw_uart_getTxTrigger
                0x0000132c       0x28 ./drivers/synopsis/uart/DW_apb_uart/DW_apb_uart.o
                0x0000132c                dw_uart_getTxTrigger
 .text.dw_uart_resetInstance
                0x00001354       0x84 ./drivers/synopsis/uart/DW_apb_uart/DW_apb_uart.o
                0x00001354                dw_uart_resetInstance
 .text.dw_uart_autoCompParams
                0x000013d8       0x98 ./drivers/synopsis/uart/DW_apb_uart/DW_apb_uart.o
                0x000013d8                dw_uart_autoCompParams
 .text.dw_uart_init
                0x00001470       0x34 ./drivers/synopsis/uart/DW_apb_uart/DW_apb_uart.o
                0x00001470                dw_uart_init
 .text.storage_flash_init
                0x000014a4        0xc ./drivers/inuitive/storage/src/storage.o
                0x000014a4                storage_flash_init
 .text.storage_flash_boot_check
                0x000014b0       0x34 ./drivers/inuitive/storage/src/storage.o
                0x000014b0                storage_flash_boot_check
 .text.storage_boot
                0x000014e4       0x24 ./drivers/inuitive/storage/src/storage.o
                0x000014e4                storage_boot
 .text.ICTLP_setPriorityLevel
                0x00001508       0x18 ./drivers/inuitive/ictl/ictl.o
 .text.ICTLP_setPrioLevelVector
                0x00001520       0x18 ./drivers/inuitive/ictl/ictl.o
 .text.ICTLP_prNIsr
                0x00001538       0xc0 ./drivers/inuitive/ictl/ictl.o
 .text.ICTLP_prDbgIsr
                0x000015f8        0x4 ./drivers/inuitive/ictl/ictl.o
 .text.ICTLP_spuriousIsr
                0x000015fc       0x18 ./drivers/inuitive/ictl/ictl.o
 .text.ICTLP_pr2Isr
                0x00001614       0x20 ./drivers/inuitive/ictl/ictl.o
 .text.ICTLP_pr1Isr
                0x00001634       0x20 ./drivers/inuitive/ictl/ictl.o
 .text.ICTLP_pr0Isr
                0x00001654       0x20 ./drivers/inuitive/ictl/ictl.o
 .text.ICTLG_init
                0x00001674      0x120 ./drivers/inuitive/ictl/ictl.o
                0x00001674                ICTLG_init
 .text.ICTLG_registerIsr
                0x00001794       0xf4 ./drivers/inuitive/ictl/ictl.o
                0x00001794                ICTLG_registerIsr
 .text.ICTLG_deRegisterIsr
                0x00001888       0xb4 ./drivers/inuitive/ictl/ictl.o
                0x00001888                ICTLG_deRegisterIsr
 .text.ICTLG_unMaskInt
                0x0000193c       0x40 ./drivers/inuitive/ictl/ictl.o
                0x0000193c                ICTLG_unMaskInt
 .text.ICTLG_irqHandler
                0x0000197c       0x28 ./drivers/inuitive/ictl/ictl.o
                0x0000197c                ICTLG_irqHandler
 .text.flash_is_valid
                0x000019a4       0x1c ./drivers/inuitive/flash/flash_boot.o
                0x000019a4                flash_is_valid
 .text.flash_is_bootable
                0x000019c0       0x34 ./drivers/inuitive/flash/flash_boot.o
                0x000019c0                flash_is_bootable
 .text.flash_init
                0x000019f4       0xa0 ./drivers/inuitive/flash/flash_boot.o
                0x000019f4                flash_init
 .text.flash_boot
                0x00001a94       0xf4 ./drivers/inuitive/flash/flash_boot.o
                0x00001a94                flash_boot
 .text.SPI_FLASHG_Read
                0x00001b88       0x68 ./drivers/inuitive/flash/spi_flash.o
                0x00001b88                SPI_FLASHG_Read
 .text.SPI_FLASHG_init
                0x00001bf0        0xc ./drivers/inuitive/flash/spi_flash.o
                0x00001bf0                SPI_FLASHG_init
 .text.SPI_DRVG_open
                0x00001bfc      0x130 ./drivers/inuitive/flash/ispi.o
                0x00001bfc                SPI_DRVG_open
 .text.SPI_DRVG_spiTransaction
                0x00001d2c      0x208 ./drivers/inuitive/flash/ispi.o
                0x00001d2c                SPI_DRVG_spiTransaction
 .text.APB_TIMERP_read
                0x00001f34       0x18 ./drivers/inuitive/timer/apb_timer.o
 .text.APB_TIMERP_write
                0x00001f4c       0x18 ./drivers/inuitive/timer/apb_timer.o
 .text.APB_TIMERG_start
                0x00001f64       0x1c ./drivers/inuitive/timer/apb_timer.o
                0x00001f64                APB_TIMERG_start
 .text.APB_TIMERG_isStarted
                0x00001f80       0x14 ./drivers/inuitive/timer/apb_timer.o
                0x00001f80                APB_TIMERG_isStarted
 .text.APB_TIMERG_read
                0x00001f94       0x10 ./drivers/inuitive/timer/apb_timer.o
                0x00001f94                APB_TIMERG_read
 .text.APB_TIMERG_setLoadCnt
                0x00001fa4       0x10 ./drivers/inuitive/timer/apb_timer.o
                0x00001fa4                APB_TIMERG_setLoadCnt
 .text.APB_TIMERG_init
                0x00001fb4       0x44 ./drivers/inuitive/timer/apb_timer.o
                0x00001fb4                APB_TIMERG_init
 .text.APB_TIMERG_getLoadCnt
                0x00001ff8       0x10 ./drivers/inuitive/timer/apb_timer.o
                0x00001ff8                APB_TIMERG_getLoadCnt
 .text.APB_TIMERG_wdtDisable
                0x00002008       0x14 ./drivers/inuitive/timer/apb_timer.o
                0x00002008                APB_TIMERG_wdtDisable
 .text.GMEG_resetPowerState
                0x0000201c       0x24 ./drivers/inuitive/gme/gme.o
                0x0000201c                GMEG_resetPowerState
 .text.GMEG_configSysPll
                0x00002040       0xec ./drivers/inuitive/gme/gme.o
                0x00002040                GMEG_configSysPll
 .text.GMEG_lockSysPll
                0x0000212c       0x18 ./drivers/inuitive/gme/gme.o
                0x0000212c                GMEG_lockSysPll
 .text.GMEG_configCpuPll
                0x00002144       0xec ./drivers/inuitive/gme/gme.o
                0x00002144                GMEG_configCpuPll
 .text.GMEG_lockCpuPll
                0x00002230       0x18 ./drivers/inuitive/gme/gme.o
                0x00002230                GMEG_lockCpuPll
 .text.GMEG_configDspPll
                0x00002248       0xec ./drivers/inuitive/gme/gme.o
                0x00002248                GMEG_configDspPll
 .text.GMEG_lockDspPll
                0x00002334       0x18 ./drivers/inuitive/gme/gme.o
                0x00002334                GMEG_lockDspPll
 .text.GMEG_configPllLockCnt
                0x0000234c       0x4c ./drivers/inuitive/gme/gme.o
                0x0000234c                GMEG_configPllLockCnt
 .text.GMEG_isSysPllEnabled
                0x00002398       0x14 ./drivers/inuitive/gme/gme.o
                0x00002398                GMEG_isSysPllEnabled
 .text.GMEG_isCpuPllEnabled
                0x000023ac       0x14 ./drivers/inuitive/gme/gme.o
                0x000023ac                GMEG_isCpuPllEnabled
 .text.GMEG_isDspPllEnabled
                0x000023c0       0x14 ./drivers/inuitive/gme/gme.o
                0x000023c0                GMEG_isDspPllEnabled
 .text.GMEG_setGppClockSrc
                0x000023d4       0x20 ./drivers/inuitive/gme/gme.o
                0x000023d4                GMEG_setGppClockSrc
 .text.GMEG_setGppClockDiv
                0x000023f4       0x20 ./drivers/inuitive/gme/gme.o
                0x000023f4                GMEG_setGppClockDiv
 .text.GMEG_setSysClockSrc
                0x00002414       0x20 ./drivers/inuitive/gme/gme.o
                0x00002414                GMEG_setSysClockSrc
 .text.GMEG_setSysClockDiv
                0x00002434       0x20 ./drivers/inuitive/gme/gme.o
                0x00002434                GMEG_setSysClockDiv
 .text.GMEG_setLramClockSrc
                0x00002454       0x20 ./drivers/inuitive/gme/gme.o
                0x00002454                GMEG_setLramClockSrc
 .text.GMEG_setUsbClockDiv
                0x00002474       0x20 ./drivers/inuitive/gme/gme.o
                0x00002474                GMEG_setUsbClockDiv
 .text.GMEG_setUartClockDiv
                0x00002494       0x50 ./drivers/inuitive/gme/gme.o
                0x00002494                GMEG_setUartClockDiv
 .text.GMEG_setUartClockSrc
                0x000024e4       0x50 ./drivers/inuitive/gme/gme.o
                0x000024e4                GMEG_setUartClockSrc
 .text.GMEG_setFcuClockDiv
                0x00002534       0x24 ./drivers/inuitive/gme/gme.o
                0x00002534                GMEG_setFcuClockDiv
 .text.GMEG_changeUnitFreq
                0x00002558       0xbc ./drivers/inuitive/gme/gme.o
                0x00002558                GMEG_changeUnitFreq
 .text.GMEG_disableClk
                0x00002614      0x1cc ./drivers/inuitive/gme/gme.o
                0x00002614                GMEG_disableClk
 .text.GMEP_setPowerSuspend
                0x000027e0       0x5c ./drivers/inuitive/gme/gme.o
                0x000027e0                GMEP_setPowerSuspend
 .text.GMEG_setSuspendMode
                0x0000283c       0x3c ./drivers/inuitive/gme/gme.o
                0x0000283c                GMEG_setSuspendMode
 .text.GMEG_enableClk
                0x00002878      0x200 ./drivers/inuitive/gme/gme.o
                0x00002878                GMEG_enableClk
 .text.GMEG_setResumeAddr
                0x00002a78       0x10 ./drivers/inuitive/gme/gme.o
                0x00002a78                GMEG_setResumeAddr
 .text.GMEG_getBootMode
                0x00002a88       0x14 ./drivers/inuitive/gme/gme.o
                0x00002a88                GMEG_getBootMode
 .text.GMEG_isUartDebug
                0x00002a9c       0x1c ./drivers/inuitive/gme/gme.o
                0x00002a9c                GMEG_isUartDebug
 .text.GMEG_isTypecInvert
                0x00002ab8       0x14 ./drivers/inuitive/gme/gme.o
                0x00002ab8                GMEG_isTypecInvert
 .text.GMEG_isTestMode
                0x00002acc       0x14 ./drivers/inuitive/gme/gme.o
                0x00002acc                GMEG_isTestMode
 .text.GMEG_setUartMux
                0x00002ae0        0x4 ./drivers/inuitive/gme/gme.o
                0x00002ae0                GMEG_setUartMux
 .text.GMEG_writeSaveAndRestoreReg
                0x00002ae4       0x18 ./drivers/inuitive/gme/gme.o
                0x00002ae4                GMEG_writeSaveAndRestoreReg
 .text.GMEG_disableSuspendTimer
                0x00002afc       0x18 ./drivers/inuitive/gme/gme.o
                0x00002afc                GMEG_disableSuspendTimer
 .text.GMEG_phyBridgeWaitForAckFall
                0x00002b14       0x18 ./drivers/inuitive/gme/gme.o
                0x00002b14                GMEG_phyBridgeWaitForAckFall
 .text.GMEG_phyBridgeWaitForAckRise
                0x00002b2c       0x18 ./drivers/inuitive/gme/gme.o
                0x00002b2c                GMEG_phyBridgeWaitForAckRise
 .text.GMEG_phyBridgeCapAddr
                0x00002b44       0x44 ./drivers/inuitive/gme/gme.o
                0x00002b44                GMEG_phyBridgeCapAddr
 .text.GMEG_setUsbPhyReg
                0x00002b88       0x78 ./drivers/inuitive/gme/gme.o
                0x00002b88                GMEG_setUsbPhyReg
 .text.GMEG_initUsbPhyParam
                0x00002c00       0x88 ./drivers/inuitive/gme/gme.o
                0x00002c00                GMEG_initUsbPhyParam
 .text.haps_phy_config_hook
                0x00002c88       0x8c ./drivers/zoro/usb/usb_driver/no_os_init.o
 .text.dwc_usb3_common_irq
                0x00002d14       0x18 ./drivers/zoro/usb/usb_driver/no_os_init.o
                0x00002d14                dwc_usb3_common_irq
 .text.usb3ss_common_irq
                0x00002d2c       0x24 ./drivers/zoro/usb/usb_driver/no_os_init.o
 .text.dwc_usb3_common_wakeup
                0x00002d50       0x14 ./drivers/zoro/usb/usb_driver/no_os_init.o
                0x00002d50                dwc_usb3_common_wakeup
 .text.dwc_usb3_driver_remove
                0x00002d64      0x13c ./drivers/zoro/usb/usb_driver/no_os_init.o
                0x00002d64                dwc_usb3_driver_remove
 .text.dwc_usb3_driver_init
                0x00002ea0      0x204 ./drivers/zoro/usb/usb_driver/no_os_init.o
                0x00002ea0                dwc_usb3_driver_init
 .text.nu3000_usb_irq_register
                0x000030a4       0x14 ./drivers/zoro/usb/usb_driver/no_os_init.o
                0x000030a4                nu3000_usb_irq_register
 .text.dwc_usb3_handle_pme_intr
                0x000030b8       0x18 ./drivers/zoro/usb/usb_driver/no_os_hiber.o
                0x000030b8                dwc_usb3_handle_pme_intr
 .text.dwc_usb3_power_ctl
                0x000030d0        0x4 ./drivers/zoro/usb/usb_driver/no_os_hiber.o
                0x000030d0                dwc_usb3_power_ctl
 .text.dwc_usb3_gadget_connect
                0x000030d4       0x14 ./drivers/zoro/usb/usb_driver/no_os_gadget.o
                0x000030d4                dwc_usb3_gadget_connect
 .text.dwc_usb3_gadget_disconnect
                0x000030e8       0x14 ./drivers/zoro/usb/usb_driver/no_os_gadget.o
                0x000030e8                dwc_usb3_gadget_disconnect
 .text.dwc_usb3_gadget_suspend
                0x000030fc       0x28 ./drivers/zoro/usb/usb_driver/no_os_gadget.o
                0x000030fc                dwc_usb3_gadget_suspend
 .text.dwc_usb3_gadget_resume
                0x00003124        0x8 ./drivers/zoro/usb/usb_driver/no_os_gadget.o
                0x00003124                dwc_usb3_gadget_resume
 .text.dwc_usb3_gadget_setup
                0x0000312c       0x58 ./drivers/zoro/usb/usb_driver/no_os_gadget.o
                0x0000312c                dwc_usb3_gadget_setup
 .text.dwc_usb3_gadget_complete
                0x00003184       0x80 ./drivers/zoro/usb/usb_driver/no_os_gadget.o
                0x00003184                dwc_usb3_gadget_complete
 .text.dwc_usb3_gadget_alloc_dma
                0x00003204       0x6c ./drivers/zoro/usb/usb_driver/no_os_gadget.o
                0x00003204                dwc_usb3_gadget_alloc_dma
 .text.dwc_usb3_gadget_free_dma
                0x00003270        0x4 ./drivers/zoro/usb/usb_driver/no_os_gadget.o
                0x00003270                dwc_usb3_gadget_free_dma
 .text.dwc_usb3_gadget_get_request
                0x00003274       0x10 ./drivers/zoro/usb/usb_driver/no_os_gadget.o
                0x00003274                dwc_usb3_gadget_get_request
 .text.dwc_usb3_gadget_start_next_request
                0x00003284       0x70 ./drivers/zoro/usb/usb_driver/no_os_gadget.o
                0x00003284                dwc_usb3_gadget_start_next_request
 .text.dwc_usb3_gadget_isoc_ep_start
                0x000032f4       0xe4 ./drivers/zoro/usb/usb_driver/no_os_gadget.o
                0x000032f4                dwc_usb3_gadget_isoc_ep_start
 .text.dwc_usb3_gadget_request_nuke
                0x000033d8       0x5c ./drivers/zoro/usb/usb_driver/no_os_gadget.o
                0x000033d8                dwc_usb3_gadget_request_nuke
 .text.dwc_usb3_gadget_set_ep_not_started
                0x00003434       0x2c ./drivers/zoro/usb/usb_driver/no_os_gadget.o
                0x00003434                dwc_usb3_gadget_set_ep_not_started
 .text.dwc_usb3_ep_enable
                0x00003460       0xf0 ./drivers/zoro/usb/usb_driver/no_os_gadget.o
                0x00003460                dwc_usb3_ep_enable
 .text.dwc_usb3_ep_disable
                0x00003550       0x28 ./drivers/zoro/usb/usb_driver/no_os_gadget.o
                0x00003550                dwc_usb3_ep_disable
 .text.dwc_usb3_alloc_request
                0x00003578       0xa0 ./drivers/zoro/usb/usb_driver/no_os_gadget.o
                0x00003578                dwc_usb3_alloc_request
 .text.dwc_usb3_free_request
                0x00003618       0x4c ./drivers/zoro/usb/usb_driver/no_os_gadget.o
                0x00003618                dwc_usb3_free_request
 .text.dwc_usb3_ep_queue
                0x00003664      0x180 ./drivers/zoro/usb/usb_driver/no_os_gadget.o
                0x00003664                dwc_usb3_ep_queue
 .text.dwc_usb3_gadget_init
                0x000037e4       0xa0 ./drivers/zoro/usb/usb_driver/no_os_gadget.o
                0x000037e4                dwc_usb3_gadget_init
 .text.dwc_usb3_gadget_remove
                0x00003884        0x4 ./drivers/zoro/usb/usb_driver/no_os_gadget.o
                0x00003884                dwc_usb3_gadget_remove
 .text.is_video
                0x00003888       0x1c ./drivers/zoro/usb/usb_driver/no_os_src_sink_lpbk.o
 .text.reset_other_eps
                0x000038a4       0xc0 ./drivers/zoro/usb/usb_driver/no_os_src_sink_lpbk.o
 .text.set_single_intf_ep
                0x00003964       0xe4 ./drivers/zoro/usb/usb_driver/no_os_src_sink_lpbk.o
 .text.set_other_ep
                0x00003a48       0xf8 ./drivers/zoro/usb/usb_driver/no_os_src_sink_lpbk.o
 .text.set_interface
                0x00003b40      0x260 ./drivers/zoro/usb/usb_driver/no_os_src_sink_lpbk.o
 .text.nu3000_monitor_process
                0x00003da0      0x1e8 ./drivers/zoro/usb/usb_driver/no_os_src_sink_lpbk.o
 .text.loopbk_complete
                0x00003f88      0x1d0 ./drivers/zoro/usb/usb_driver/no_os_src_sink_lpbk.o
 .text.nu3000_bg_process
                0x00004158       0x44 ./drivers/zoro/usb/usb_driver/no_os_src_sink_lpbk.o
                0x00004158                nu3000_bg_process
 .text.nu3000_class_request
                0x0000419c       0xdc ./drivers/zoro/usb/usb_driver/no_os_src_sink_lpbk.o
                0x0000419c                nu3000_class_request
 .text.dwc_usb3_function_setup
                0x00004278      0x5fc ./drivers/zoro/usb/usb_driver/no_os_src_sink_lpbk.o
                0x00004278                dwc_usb3_function_setup
 .text.dwc_usb3_function_connect
                0x00004874       0x68 ./drivers/zoro/usb/usb_driver/no_os_src_sink_lpbk.o
                0x00004874                dwc_usb3_function_connect
 .text.dwc_usb3_function_disconnect
                0x000048dc        0x8 ./drivers/zoro/usb/usb_driver/no_os_src_sink_lpbk.o
                0x000048dc                dwc_usb3_function_disconnect
 .text.dwc_usb3_function_init
                0x000048e4       0x24 ./drivers/zoro/usb/usb_driver/no_os_src_sink_lpbk.o
                0x000048e4                dwc_usb3_function_init
 .text.dwc_usb3_function_remove
                0x00004908        0x4 ./drivers/zoro/usb/usb_driver/no_os_src_sink_lpbk.o
                0x00004908                dwc_usb3_function_remove
 .text.fill_bos_descriptor
                0x0000490c       0xf4 ./drivers/zoro/usb/usb_driver/no_os_ep0.o
 .text.fill_configuration_descriptor
                0x00004a00       0xe8 ./drivers/zoro/usb/usb_driver/no_os_ep0.o
 .text.pass_desc_rest
                0x00004ae8       0xc0 ./drivers/zoro/usb/usb_driver/no_os_ep0.o
                0x00004ae8                pass_desc_rest
 .text.dwc_usb3_no_os_setup
                0x00004ba8      0x3bc ./drivers/zoro/usb/usb_driver/no_os_ep0.o
                0x00004ba8                dwc_usb3_no_os_setup
 .text.fill_descr_gen_customization
                0x00004f64       0x20 ./drivers/zoro/usb/usb_driver/no_os_ep0.o
                0x00004f64                fill_descr_gen_customization
 .text.fill_descr_iso_customization
                0x00004f84       0xc0 ./drivers/zoro/usb/usb_driver/no_os_ep0.o
                0x00004f84                fill_descr_iso_customization
 .text.create_descriptors_customization
                0x00005044      0x1d8 ./drivers/zoro/usb/usb_driver/no_os_ep0.o
                0x00005044                create_descriptors_customization
 .text.create_bos_descriptor
                0x0000521c       0x60 ./drivers/zoro/usb/usb_driver/no_os_ep0.o
                0x0000521c                create_bos_descriptor
 .text.dwc_reenable_xfer_and_restart
                0x0000527c      0x164 ./drivers/zoro/usb/usb_ll/pcd_hiber.o
 .text.dwc_exit_hibernation_after_connect
                0x000053e0      0x1fc ./drivers/zoro/usb/usb_ll/pcd_hiber.o
                0x000053e0                dwc_exit_hibernation_after_connect
 .text.dwc_exit_hibernation
                0x000055dc      0x1a0 ./drivers/zoro/usb/usb_ll/pcd_hiber.o
                0x000055dc                dwc_exit_hibernation
 .text.handle_disconnect_intr
                0x0000577c       0x94 ./drivers/zoro/usb/usb_ll/pcd_intr.o
 .text.dwc_usb3_handle_connect_done_intr
                0x00005810      0x12c ./drivers/zoro/usb/usb_ll/pcd_intr.o
                0x00005810                dwc_usb3_handle_connect_done_intr
 .text.dwc_usb3_handle_ep_intr
                0x0000593c      0x1b8 ./drivers/zoro/usb/usb_ll/pcd_intr.o
                0x0000593c                dwc_usb3_handle_ep_intr
 .text.dwc_usb3_handle_dev_resume
                0x00005af4       0x24 ./drivers/zoro/usb/usb_ll/pcd_intr.o
                0x00005af4                dwc_usb3_handle_dev_resume
 .text.dwc_usb3_handle_dev_intr
                0x00005b18      0x32c ./drivers/zoro/usb/usb_ll/pcd_intr.o
                0x00005b18                dwc_usb3_handle_dev_intr
 .text._handshake
                0x00005e44       0x30 ./drivers/zoro/usb/usb_ll/cil.o
 .text.dwc_usb3_fill_desc
                0x00005e74       0x48 ./drivers/zoro/usb/usb_ll/cil.o
                0x00005e74                dwc_usb3_fill_desc
 .text.dwc_usb3_enable_desc
                0x00005ebc       0x10 ./drivers/zoro/usb/usb_ll/cil.o
                0x00005ebc                dwc_usb3_enable_desc
 .text.dwc_usb3_xmit_fn_remote_wake
                0x00005ecc       0x60 ./drivers/zoro/usb/usb_ll/cil.o
                0x00005ecc                dwc_usb3_xmit_fn_remote_wake
 .text.dwc_usb3_set_scratchpad_buf_array
                0x00005f2c       0x38 ./drivers/zoro/usb/usb_ll/cil.o
                0x00005f2c                dwc_usb3_set_scratchpad_buf_array
 .text.dwc_usb3_dep_cfg
                0x00005f64       0x34 ./drivers/zoro/usb/usb_ll/cil.o
                0x00005f64                dwc_usb3_dep_cfg
 .text.dwc_usb3_dep_xfercfg
                0x00005f98       0x28 ./drivers/zoro/usb/usb_ll/cil.o
                0x00005f98                dwc_usb3_dep_xfercfg
 .text.dwc_usb3_dep_sstall
                0x00005fc0       0x24 ./drivers/zoro/usb/usb_ll/cil.o
                0x00005fc0                dwc_usb3_dep_sstall
 .text.dwc_usb3_dep_cstall
                0x00005fe4       0x24 ./drivers/zoro/usb/usb_ll/cil.o
                0x00005fe4                dwc_usb3_dep_cstall
 .text.dwc_usb3_dep_startxfer
                0x00006008       0x40 ./drivers/zoro/usb/usb_ll/cil.o
                0x00006008                dwc_usb3_dep_startxfer
 .text.dwc_usb3_dep_updatexfer
                0x00006048       0x2c ./drivers/zoro/usb/usb_ll/cil.o
                0x00006048                dwc_usb3_dep_updatexfer
 .text.dwc_usb3_dep_endxfer
                0x00006074       0x34 ./drivers/zoro/usb/usb_ll/cil.o
                0x00006074                dwc_usb3_dep_endxfer
 .text.dwc_usb3_dep_startnewcfg
                0x000060a8       0x2c ./drivers/zoro/usb/usb_ll/cil.o
                0x000060a8                dwc_usb3_dep_startnewcfg
 .text.dwc_usb3_enable_ep
                0x000060d4       0x3c ./drivers/zoro/usb/usb_ll/cil.o
                0x000060d4                dwc_usb3_enable_ep
 .text.dwc_usb3_disable_ep
                0x00006110       0x3c ./drivers/zoro/usb/usb_ll/cil.o
                0x00006110                dwc_usb3_disable_ep
 .text.dwc_usb3_get_device_speed
                0x0000614c       0x54 ./drivers/zoro/usb/usb_ll/cil.o
                0x0000614c                dwc_usb3_get_device_speed
 .text.dwc_usb3_get_frame
                0x000061a0       0x10 ./drivers/zoro/usb/usb_ll/cil.o
                0x000061a0                dwc_usb3_get_frame
 .text.dwc_usb3_pcd_get_link_state
                0x000061b0       0x10 ./drivers/zoro/usb/usb_ll/cil.o
                0x000061b0                dwc_usb3_pcd_get_link_state
 .text.dwc_usb3_pcd_set_link_state
                0x000061c0       0x28 ./drivers/zoro/usb/usb_ll/cil.o
                0x000061c0                dwc_usb3_pcd_set_link_state
 .text.dwc_usb3_pcd_remote_wake
                0x000061e8       0x18 ./drivers/zoro/usb/usb_ll/cil.o
                0x000061e8                dwc_usb3_pcd_remote_wake
 .text.dwc_usb3_set_address
                0x00006200       0x18 ./drivers/zoro/usb/usb_ll/cil.o
                0x00006200                dwc_usb3_set_address
 .text.dwc_usb3_ena_usb2_phy_suspend
                0x00006218       0x44 ./drivers/zoro/usb/usb_ll/cil.o
                0x00006218                dwc_usb3_ena_usb2_phy_suspend
 .text.dwc_usb3_dis_usb2_phy_suspend
                0x0000625c       0x18 ./drivers/zoro/usb/usb_ll/cil.o
                0x0000625c                dwc_usb3_dis_usb2_phy_suspend
 .text.dwc_usb3_ena_usb3_phy_suspend
                0x00006274       0x18 ./drivers/zoro/usb/usb_ll/cil.o
                0x00006274                dwc_usb3_ena_usb3_phy_suspend
 .text.dwc_usb3_dis_usb3_phy_suspend
                0x0000628c       0x18 ./drivers/zoro/usb/usb_ll/cil.o
                0x0000628c                dwc_usb3_dis_usb3_phy_suspend
 .text.dwc_usb3_accept_u1
                0x000062a4       0x14 ./drivers/zoro/usb/usb_ll/cil.o
                0x000062a4                dwc_usb3_accept_u1
 .text.dwc_usb3_accept_u2
                0x000062b8       0x14 ./drivers/zoro/usb/usb_ll/cil.o
                0x000062b8                dwc_usb3_accept_u2
 .text.dwc_usb3_enable_u1
                0x000062cc       0x14 ./drivers/zoro/usb/usb_ll/cil.o
                0x000062cc                dwc_usb3_enable_u1
 .text.dwc_usb3_enable_u2
                0x000062e0       0x14 ./drivers/zoro/usb/usb_ll/cil.o
                0x000062e0                dwc_usb3_enable_u2
 .text.dwc_usb3_disable_u1
                0x000062f4       0x14 ./drivers/zoro/usb/usb_ll/cil.o
                0x000062f4                dwc_usb3_disable_u1
 .text.dwc_usb3_disable_u2
                0x00006308       0x14 ./drivers/zoro/usb/usb_ll/cil.o
                0x00006308                dwc_usb3_disable_u2
 .text.dwc_usb3_u1_enabled
                0x0000631c       0x10 ./drivers/zoro/usb/usb_ll/cil.o
                0x0000631c                dwc_usb3_u1_enabled
 .text.dwc_usb3_u2_enabled
                0x0000632c       0x10 ./drivers/zoro/usb/usb_ll/cil.o
                0x0000632c                dwc_usb3_u2_enabled
 .text.dwc_usb3_clr_eps_enabled
                0x0000633c       0x80 ./drivers/zoro/usb/usb_ll/cil.o
                0x0000633c                dwc_usb3_clr_eps_enabled
 .text.dwc_usb3_pcd_common_init
                0x000063bc       0x94 ./drivers/zoro/usb/usb_ll/cil.o
                0x000063bc                dwc_usb3_pcd_common_init
 .text.dwc_usb3_pcd_common_remove
                0x00006450        0x4 ./drivers/zoro/usb/usb_ll/cil.o
                0x00006450                dwc_usb3_pcd_common_remove
 .text.dwc_usb3_pcd_check_snpsid
                0x00006454       0x30 ./drivers/zoro/usb/usb_ll/cil.o
                0x00006454                dwc_usb3_pcd_check_snpsid
 .text.dwc_usb3_set_tx_fifo_size
                0x00006484       0xf8 ./drivers/zoro/usb/usb_ll/cil.o
                0x00006484                dwc_usb3_set_tx_fifo_size
 .text.dwc_usb3_set_rx_fifo_size
                0x0000657c       0x64 ./drivers/zoro/usb/usb_ll/cil.o
                0x0000657c                dwc_usb3_set_rx_fifo_size
 .text.dwc_usb3_pcd_device_init
                0x000065e0      0x41c ./drivers/zoro/usb/usb_ll/cil.o
                0x000065e0                dwc_usb3_pcd_device_init
 .text.dwc_usb3_pcd_device_remove
                0x000069fc       0x8c ./drivers/zoro/usb/usb_ll/cil.o
                0x000069fc                dwc_usb3_pcd_device_remove
 .text.ep0_do_stall
                0x00006a88       0x40 ./drivers/zoro/usb/usb_ll/ep0.o
 .text.ep0_continue_transfer
                0x00006ac8       0x80 ./drivers/zoro/usb/usb_ll/ep0.o
 .text.ep0_complete_request
                0x00006b48      0x114 ./drivers/zoro/usb/usb_ll/ep0.o
 .text.dwc_usb3_pcd_ep0_data_stage
                0x00006c5c       0x58 ./drivers/zoro/usb/usb_ll/ep0.o
                0x00006c5c                dwc_usb3_pcd_ep0_data_stage
 .text.dwc_usb3_do_setup
                0x00006cb4      0xb18 ./drivers/zoro/usb/usb_ll/ep0.o
                0x00006cb4                dwc_usb3_do_setup
 .text.dwc_usb3_handle_ep0
                0x000077cc      0x2d8 ./drivers/zoro/usb/usb_ll/ep0.o
                0x000077cc                dwc_usb3_handle_ep0
 .text.dwc_usb3_handle_ep0_xfer
                0x00007aa4       0x4c ./drivers/zoro/usb/usb_ll/ep0.o
                0x00007aa4                dwc_usb3_handle_ep0_xfer
 .text.dwc_usb3_stop_xfer
                0x00007af0       0x9c ./drivers/zoro/usb/usb_ll/pcd.o
 .text.dwc_usb3_pcd_trb_alloc
                0x00007b8c      0x110 ./drivers/zoro/usb/usb_ll/pcd.o
                0x00007b8c                dwc_usb3_pcd_trb_alloc
 .text.dwc_usb3_pcd_trb_free
                0x00007c9c       0x2c ./drivers/zoro/usb/usb_ll/pcd.o
                0x00007c9c                dwc_usb3_pcd_trb_free
 .text.dwc_usb3_pcd_fill_trbs
                0x00007cc8      0x1ec ./drivers/zoro/usb/usb_ll/pcd.o
                0x00007cc8                dwc_usb3_pcd_fill_trbs
 .text.dwc_usb3_ep0_activate
                0x00007eb4       0xe4 ./drivers/zoro/usb/usb_ll/pcd.o
                0x00007eb4                dwc_usb3_ep0_activate
 .text.dwc_usb3_ep_activate
                0x00007f98      0x268 ./drivers/zoro/usb/usb_ll/pcd.o
                0x00007f98                dwc_usb3_ep_activate
 .text.dwc_usb3_pcd_ep0_out_start
                0x00008200       0x74 ./drivers/zoro/usb/usb_ll/pcd.o
                0x00008200                dwc_usb3_pcd_ep0_out_start
 .text.dwc_usb3_pcd_ep0_start_transfer
                0x00008274      0x150 ./drivers/zoro/usb/usb_ll/pcd.o
                0x00008274                dwc_usb3_pcd_ep0_start_transfer
 .text.dwc_usb3_pcd_ep_start_transfer
                0x000083c4      0x1e4 ./drivers/zoro/usb/usb_ll/pcd.o
                0x000083c4                dwc_usb3_pcd_ep_start_transfer
 .text.dwc_usb3_pcd_isoc_ep_hiber_restart
                0x000085a8       0x6c ./drivers/zoro/usb/usb_ll/pcd.o
                0x000085a8                dwc_usb3_pcd_isoc_ep_hiber_restart
 .text.dwc_usb3_stop_all_xfers
                0x00008614       0xa0 ./drivers/zoro/usb/usb_ll/pcd.o
                0x00008614                dwc_usb3_stop_all_xfers
 .text.dwc_usb3_pcd_ep_set_stall
                0x000086b4       0x34 ./drivers/zoro/usb/usb_ll/pcd.o
                0x000086b4                dwc_usb3_pcd_ep_set_stall
 .text.dwc_usb3_pcd_ep_clear_stall
                0x000086e8       0x34 ./drivers/zoro/usb/usb_ll/pcd.o
                0x000086e8                dwc_usb3_pcd_ep_clear_stall
 .text.dwc_usb3_get_out_ep
                0x0000871c       0x14 ./drivers/zoro/usb/usb_ll/pcd.o
                0x0000871c                dwc_usb3_get_out_ep
 .text.dwc_usb3_get_in_ep
                0x00008730       0x14 ./drivers/zoro/usb/usb_ll/pcd.o
                0x00008730                dwc_usb3_get_in_ep
 .text.dwc_usb3_pcd_get_ep_by_addr
                0x00008744       0x28 ./drivers/zoro/usb/usb_ll/pcd.o
                0x00008744                dwc_usb3_pcd_get_ep_by_addr
 .text.dwc_usb3_pcd_ep_enable
                0x0000876c      0x158 ./drivers/zoro/usb/usb_ll/pcd.o
                0x0000876c                dwc_usb3_pcd_ep_enable
 .text.dwc_usb3_pcd_ep_disable
                0x000088c4       0xd4 ./drivers/zoro/usb/usb_ll/pcd.o
                0x000088c4                dwc_usb3_pcd_ep_disable
 .text.dwc_usb3_pcd_ep_submit_req
                0x00008998      0x100 ./drivers/zoro/usb/usb_ll/pcd.o
                0x00008998                dwc_usb3_pcd_ep_submit_req
 .text.dwc_usb3_pcd_request_done
                0x00008a98       0x70 ./drivers/zoro/usb/usb_ll/pcd.o
                0x00008a98                dwc_usb3_pcd_request_done
 .text.dwc_usb3_ep_complete_request
                0x00008b08      0x264 ./drivers/zoro/usb/usb_ll/pcd.o
                0x00008b08                dwc_usb3_ep_complete_request
 .text.dwc_usb3_complete_request
                0x00008d6c       0x88 ./drivers/zoro/usb/usb_ll/pcd.o
                0x00008d6c                dwc_usb3_complete_request
 .text.dwc_usb3_pcd_stop
                0x00008df4       0xcc ./drivers/zoro/usb/usb_ll/pcd.o
                0x00008df4                dwc_usb3_pcd_stop
 .text.dwc_usb3_pcd_init
                0x00008ec0      0x1e0 ./drivers/zoro/usb/usb_ll/pcd.o
                0x00008ec0                dwc_usb3_pcd_init
 .text.dwc_usb3_pcd_remove
                0x000090a0        0xc ./drivers/zoro/usb/usb_ll/pcd.o
                0x000090a0                dwc_usb3_pcd_remove
 .text.dis_eventbuf_intr
                0x000090ac       0x18 ./drivers/zoro/usb/usb_ll/cil_intr.o
 .text.update_eventbuf_count
                0x000090c4       0x10 ./drivers/zoro/usb/usb_ll/cil_intr.o
 .text.dwc_usb3_dis_flush_eventbuf_intr
                0x000090d4       0x34 ./drivers/zoro/usb/usb_ll/cil_intr.o
                0x000090d4                dwc_usb3_dis_flush_eventbuf_intr
 .text.dwc_usb3_init_eventbuf
                0x00009108       0x4c ./drivers/zoro/usb/usb_ll/cil_intr.o
                0x00009108                dwc_usb3_init_eventbuf
 .text.dwc_usb3_enable_common_interrupts
                0x00009154       0x24 ./drivers/zoro/usb/usb_ll/cil_intr.o
                0x00009154                dwc_usb3_enable_common_interrupts
 .text.dwc_usb3_enable_device_interrupts
                0x00009178       0x30 ./drivers/zoro/usb/usb_ll/cil_intr.o
                0x00009178                dwc_usb3_enable_device_interrupts
 .text.dwc_usb3_handle_event
                0x000091a8      0x130 ./drivers/zoro/usb/usb_ll/cil_intr.o
                0x000091a8                dwc_usb3_handle_event
 .text.dwc_usb3_irq
                0x000092d8       0xf0 ./drivers/zoro/usb/usb_ll/cil_intr.o
                0x000092d8                dwc_usb3_irq
 .text.memset   0x000093c8       0xc8 ./lib/sys/memset.o
                0x000093c8                memset
 .text.memcpy   0x00009490       0xf8 ./lib/sys/memcpy.o
                0x00009490                memcpy
 .text.memcmp   0x00009588       0xb8 ./lib/sys/memcmp.o
                0x00009588                memcmp
 .text.debug_init
                0x00009640       0x30 ./lib/debug/debug.o
                0x00009640                debug_init
 .text.debug_writeb
                0x00009670       0x24 ./lib/debug/debug.o
                0x00009670                debug_writeb
 .text.fill_int
                0x00009694      0x22c ./lib/debug/debug.o
 .text.fill_hex_int
                0x000098c0      0x11c ./lib/debug/debug.o
 .text.debug_printf
                0x000099dc      0x218 ./lib/debug/debug.o
                0x000099dc                debug_printf
 .text.end_of_test_vcs
                0x00009bf4       0x28 ./lib/debug/sim.o
                0x00009bf4                end_of_test_vcs
 .text.sim_init
                0x00009c1c       0x2c ./lib/debug/sim.o
                0x00009c1c                sim_init
 .text.board_end
                0x00009c48        0xc ./lib/debug/sim.o
                0x00009c48                board_end
 .text.interrupt_init
                0x00009c54       0x10 ./lib/arm/interrupts.o
                0x00009c54                interrupt_init
 .text.enable_interrupts
                0x00009c64       0x10 ./lib/arm/interrupts.o
                0x00009c64                enable_interrupts
 .text.disable_interrupts
                0x00009c74       0x1c ./lib/arm/interrupts.o
                0x00009c74                disable_interrupts
 .text.bad_mode
                0x00009c90        0x4 ./lib/arm/interrupts.o
                0x00009c90                bad_mode
 .text.show_regs
                0x00009c94      0x150 ./lib/arm/interrupts.o
                0x00009c94                show_regs
 .text.do_undefined_instruction
                0x00009de4       0x20 ./lib/arm/interrupts.o
                0x00009de4                do_undefined_instruction
 .text.do_software_interrupt
                0x00009e04       0x20 ./lib/arm/interrupts.o
                0x00009e04                do_software_interrupt
 .text.do_prefetch_abort
                0x00009e24       0x20 ./lib/arm/interrupts.o
                0x00009e24                do_prefetch_abort
 .text.do_data_abort
                0x00009e44       0x20 ./lib/arm/interrupts.o
                0x00009e44                do_data_abort
 .text.do_not_used
                0x00009e64       0x20 ./lib/arm/interrupts.o
                0x00009e64                do_not_used
 .text.do_fiq   0x00009e84       0x20 ./lib/arm/interrupts.o
                0x00009e84                do_fiq
 .text.do_irq   0x00009ea4        0xc ./lib/arm/interrupts.o
                0x00009ea4                do_irq
 .text.irq_register
                0x00009eb0       0x14 ./lib/arm/interrupts.o
                0x00009eb0                irq_register
 .text.irq_clear
                0x00009ec4        0x4 ./lib/arm/interrupts.o
                0x00009ec4                irq_clear
 .text.irq_unmask
                0x00009ec8       0x10 ./lib/arm/interrupts.o
                0x00009ec8                irq_unmask
 .text.irq_deregister
                0x00009ed8       0x10 ./lib/arm/interrupts.o
                0x00009ed8                irq_deregister
 .text.cp_delay
                0x00009ee8       0x3c ./lib/arm/cache-cp15.o
 .text.cache_disable
                0x00009f24       0x4c ./lib/arm/cache-cp15.o
 .text.set_section_dcache
                0x00009f70       0x1c ./lib/arm/cache-cp15.o
                0x00009f70                set_section_dcache
 .text.bank_mmu_setup
                0x00009f8c       0x14 ./lib/arm/cache-cp15.o
                0x00009f8c                bank_mmu_setup
 .text.cache_enable
                0x00009fa0       0x88 ./lib/arm/cache-cp15.o
 .text.icache_enable
                0x0000a028       0x10 ./lib/arm/cache-cp15.o
                0x0000a028                icache_enable
 .text.icache_disable
                0x0000a038       0x10 ./lib/arm/cache-cp15.o
                0x0000a038                icache_disable
 .text.dcache_enable
                0x0000a048       0x10 ./lib/arm/cache-cp15.o
                0x0000a048                dcache_enable
 .text.dcache_disable
                0x0000a058       0x10 ./lib/arm/cache-cp15.o
                0x0000a058                dcache_disable
 .text.get_ccsidr
                0x0000a068        0x8 ./lib/arm/cache_v7.o
 .text.v7_maint_dcache_all
                0x0000a070       0xec ./lib/arm/cache_v7.o
 .text.flush_dcache_all
                0x0000a15c       0x14 ./lib/arm/cache_v7.o
                0x0000a15c                flush_dcache_all
 .text.invalidate_icache_all
                0x0000a170       0x18 ./lib/arm/cache_v7.o
                0x0000a170                invalidate_icache_all
 .text.__v7_outer_cache_flush_all
                0x0000a188        0x4 ./lib/arm/cache_v7.o
                0x0000a188                __v7_outer_cache_flush_all
                0x0000a188                v7_outer_cache_flush_all
 .text.xmodem_boot_init
                0x0000a18c       0x64 ./protocol/xmodem/xmodem_boot.o
                0x0000a18c                xmodem_boot_init
 .text.xmodem_wait_rx_char
                0x0000a1f0       0x70 ./protocol/xmodem/xmodem.o
 .text.uart_boot_is_ready
                0x0000a260       0x18 ./protocol/xmodem/xmodem.o
 .text.xmodem_init
                0x0000a278       0x40 ./protocol/xmodem/xmodem.o
                0x0000a278                xmodem_init
 .text.xmodem_calculate_crc16
                0x0000a2b8       0x48 ./protocol/xmodem/xmodem.o
                0x0000a2b8                xmodem_calculate_crc16
 .text.xmodem_rx_file
                0x0000a300      0x270 ./protocol/xmodem/xmodem.o
                0x0000a300                xmodem_rx_file
 .text.SBIF_Attribute_Check
                0x0000a570      0x104 drivers/secureBoot/SBCommon/SBIF/src/sbif_attributes.o
                0x0000a570                SBIF_Attribute_Check
 .text.SBHYBRID_Do_Asym_RunFsm
                0x0000a674       0xc8 drivers/secureBoot/SBLib/SB_SW/src/sbsw_api_decrypt.o
 .text.SB_ECDSA_Image_DecryptWithKeyAndVerify
                0x0000a73c      0x9f4 drivers/secureBoot/SBLib/SB_SW/src/sbsw_api_decrypt.o
                0x0000a73c                SB_ECDSA_Image_DecryptWithKeyAndVerify
 .text.SBIFTOOLS_Image_ConvertHeader
                0x0000b130      0x2f8 drivers/secureBoot/SBLib/SB_SW/src/sbsw_sbif_tools_convert.o
                0x0000b130                SBIFTOOLS_Image_ConvertHeader
 .text.SBIFTOOLS_Image_Convert_InitWorkspace
                0x0000b428       0x58 drivers/secureBoot/SBLib/SB_SW/src/sbsw_sbif_tools_convert.o
                0x0000b428                SBIFTOOLS_Image_Convert_InitWorkspace
 .text.SBIFTOOLS_Image_Convert_UninitWorkspace
                0x0000b480       0x24 drivers/secureBoot/SBLib/SB_SW/src/sbsw_sbif_tools_convert.o
                0x0000b480                SBIFTOOLS_Image_Convert_UninitWorkspace
 .text.SBHYBRID_Initialize_HW
                0x0000b4a4       0x10 drivers/secureBoot/SBLib/SB_SW/src/sbsw_hw_init.o
                0x0000b4a4                SBHYBRID_Initialize_HW
 .text.SBHYBRID_Uninitialize_HW
                0x0000b4b4        0x4 drivers/secureBoot/SBLib/SB_SW/src/sbsw_hw_init.o
                0x0000b4b4                SBHYBRID_Uninitialize_HW
 .text.unwrap_key
                0x0000b4b8      0x138 drivers/secureBoot/SBLib/SB_SW/src/sbsw_sw_aes_if.o
 .text.AES_IF_Ctx_GetSize
                0x0000b5f0        0x8 drivers/secureBoot/SBLib/SB_SW/src/sbsw_sw_aes_if.o
                0x0000b5f0                AES_IF_Ctx_GetSize
 .text.AES_IF_Ctx_Init
                0x0000b5f8       0x18 drivers/secureBoot/SBLib/SB_SW/src/sbsw_sw_aes_if.o
                0x0000b5f8                AES_IF_Ctx_Init
 .text.AES_IF_Ctx_Uninit
                0x0000b610        0x4 drivers/secureBoot/SBLib/SB_SW/src/sbsw_sw_aes_if.o
                0x0000b610                AES_IF_Ctx_Uninit
 .text.AES_IF_Ctx_GetError
                0x0000b614        0x8 drivers/secureBoot/SBLib/SB_SW/src/sbsw_sw_aes_if.o
                0x0000b614                AES_IF_Ctx_GetError
 .text.AES_IF_Ctx_LoadKey
                0x0000b61c       0x20 drivers/secureBoot/SBLib/SB_SW/src/sbsw_sw_aes_if.o
                0x0000b61c                AES_IF_Ctx_LoadKey
 .text.AES_IF_Ctx_LoadIV
                0x0000b63c       0x14 drivers/secureBoot/SBLib/SB_SW/src/sbsw_sw_aes_if.o
                0x0000b63c                AES_IF_Ctx_LoadIV
 .text.AES_IF_Ctx_SetKEK
                0x0000b650       0x3c drivers/secureBoot/SBLib/SB_SW/src/sbsw_sw_aes_if.o
                0x0000b650                AES_IF_Ctx_SetKEK
 .text.AES_IF_Ctx_LoadWrappedKey
                0x0000b68c       0x44 drivers/secureBoot/SBLib/SB_SW/src/sbsw_sw_aes_if.o
                0x0000b68c                AES_IF_Ctx_LoadWrappedKey
 .text.AES_IF_CBC_Decrypt
                0x0000b6d0       0xc8 drivers/secureBoot/SBLib/SB_SW/src/sbsw_sw_aes_if.o
                0x0000b6d0                AES_IF_CBC_Decrypt
 .text.uint8_to_sb_sw_number
                0x0000b798       0x20 drivers/secureBoot/SBLib/SB_SW/src/sbsw_sw_ecdsa_verify.o
 .text.SBHYBRID_SW_Ecdsa_Verify_SetPublicKey
                0x0000b7b8       0x4c drivers/secureBoot/SBLib/SB_SW/src/sbsw_sw_ecdsa_verify.o
                0x0000b7b8                SBHYBRID_SW_Ecdsa_Verify_SetPublicKey
 .text.SBHYBRID_SW_Ecdsa_Verify_SetSignature
                0x0000b804       0x4c drivers/secureBoot/SBLib/SB_SW/src/sbsw_sw_ecdsa_verify.o
                0x0000b804                SBHYBRID_SW_Ecdsa_Verify_SetSignature
 .text.SBHYBRID_SW_Ecdsa_Verify_SetDigest
                0x0000b850       0x44 drivers/secureBoot/SBLib/SB_SW/src/sbsw_sw_ecdsa_verify.o
                0x0000b850                SBHYBRID_SW_Ecdsa_Verify_SetDigest
 .text.SBHYBRID_SW_Ecdsa_Verify
                0x0000b894       0x24 drivers/secureBoot/SBLib/SB_SW/src/sbsw_sw_ecdsa_verify.o
                0x0000b894                SBHYBRID_SW_Ecdsa_Verify
 .text.c_memcpy
                0x0000b8b8        0xc drivers/secureBoot/Framework/CLIB/src/c_lib.o
                0x0000b8b8                c_memcpy
 .text.c_memset
                0x0000b8c4        0xc drivers/secureBoot/Framework/CLIB/src/c_lib.o
                0x0000b8c4                c_memset
 .text.c_memcmp
                0x0000b8d0        0xc drivers/secureBoot/Framework/CLIB/src/c_lib.o
                0x0000b8d0                c_memcmp
 .text.rijndaelSetupEncrypt
                0x0000b8dc      0x3a4 drivers/secureBoot/SBCommon/SB_SW_CRYPTO/src/rijndael.o
                0x0000b8dc                rijndaelSetupEncrypt
 .text.rijndaelSetupDecrypt
                0x0000bc80      0x1d8 drivers/secureBoot/SBCommon/SB_SW_CRYPTO/src/rijndael.o
                0x0000bc80                rijndaelSetupDecrypt
 .text.rijndaelDecrypt
                0x0000be58      0x428 drivers/secureBoot/SBCommon/SB_SW_CRYPTO/src/rijndael.o
                0x0000be58                rijndaelDecrypt
 .text.SB_SW_HASH_Init
                0x0000c280       0x50 drivers/secureBoot/SBCommon/SB_SW_CRYPTO/src/minsha_init.o
                0x0000c280                SB_SW_HASH_Init
 .text.SB_SW_HASH_Update
                0x0000c2d0       0x44 drivers/secureBoot/SBCommon/SB_SW_CRYPTO/src/minsha_update.o
                0x0000c2d0                SB_SW_HASH_Update
 .text.SB_SW_HASH_FinalUpdate
                0x0000c314      0x180 drivers/secureBoot/SBCommon/SB_SW_CRYPTO/src/minsha_update.o
                0x0000c314                SB_SW_HASH_FinalUpdate
 .text.rotr2shr
                0x0000c494       0x28 drivers/secureBoot/SBCommon/SB_SW_CRYPTO/src/minsha_core.o
 .text.SB_SW_HASH_Transform
                0x0000c4bc      0x218 drivers/secureBoot/SBCommon/SB_SW_CRYPTO/src/minsha_core.o
                0x0000c4bc                SB_SW_HASH_Transform
 .text.uECC_vli_add
                0x0000c6d4       0x98 drivers/secureBoot/micro-ecc/uECC.o
 .text.uECC_vli_sub
                0x0000c76c       0x9c drivers/secureBoot/micro-ecc/uECC.o
 .text.uECC_vli_mult
                0x0000c808       0x8c drivers/secureBoot/micro-ecc/uECC.o
 .text.uECC_vli_clear
                0x0000c894       0x34 drivers/secureBoot/micro-ecc/uECC.o
 .text.uECC_vli_isZero
                0x0000c8c8       0x44 drivers/secureBoot/micro-ecc/uECC.o
 .text.uECC_vli_testBit
                0x0000c90c       0x18 drivers/secureBoot/micro-ecc/uECC.o
 .text.uECC_vli_numBits
                0x0000c924       0x94 drivers/secureBoot/micro-ecc/uECC.o
 .text.uECC_vli_set
                0x0000c9b8       0x34 drivers/secureBoot/micro-ecc/uECC.o
 .text.uECC_vli_cmp_unsafe
                0x0000c9ec       0x80 drivers/secureBoot/micro-ecc/uECC.o
 .text.uECC_vli_rshift1
                0x0000ca6c       0x40 drivers/secureBoot/micro-ecc/uECC.o
 .text.uECC_vli_modAdd
                0x0000caac       0x50 drivers/secureBoot/micro-ecc/uECC.o
 .text.uECC_vli_modMult
                0x0000cafc      0x224 drivers/secureBoot/micro-ecc/uECC.o
 .text.uECC_vli_modMult_fast
                0x0000cd20       0x34 drivers/secureBoot/micro-ecc/uECC.o
 .text.uECC_vli_modSquare_fast
                0x0000cd54       0xbc drivers/secureBoot/micro-ecc/uECC.o
 .text.vli_modInv_update
                0x0000ce10       0x60 drivers/secureBoot/micro-ecc/uECC.o
 .text.uECC_vli_modInv
                0x0000ce70      0x1f4 drivers/secureBoot/micro-ecc/uECC.o
 .text.apply_z  0x0000d064       0x6c drivers/secureBoot/micro-ecc/uECC.o
 .text.uECC_vli_modSub
                0x0000d0d0       0x98 drivers/secureBoot/micro-ecc/uECC.o
 .text.XYcZ_add
                0x0000d168      0x154 drivers/secureBoot/micro-ecc/uECC.o
 .text.double_jacobian_default
                0x0000d2bc      0x234 drivers/secureBoot/micro-ecc/uECC.o
 .text.vli_mmod_fast_secp256r1
                0x0000d4f0      0x3fc drivers/secureBoot/micro-ecc/uECC.o
 .text.uECC_secp256r1
                0x0000d8ec        0xc drivers/secureBoot/micro-ecc/uECC.o
                0x0000d8ec                uECC_secp256r1
 .text.uECC_verify
                0x0000d8f8      0x494 drivers/secureBoot/micro-ecc/uECC.o
                0x0000d8f8                uECC_verify
 .text.SB_SW_ECDSA_Verify256
                0x0000dd8c       0x44 drivers/secureBoot/SBCommon/SB_SW_CRYPTO/src/sb_sw_ecdsa256.o
                0x0000dd8c                SB_SW_ECDSA_Verify256
 .text.decrypt_and_verify_blw_image
                0x0000ddd0       0xd8 drivers/secureBoot/verification/verify.o
                0x0000ddd0                decrypt_and_verify_blw_image
 .text.initSBEfuseDB
                0x0000dea8       0x1c drivers/secureBoot/verification/verify.o
                0x0000dea8                initSBEfuseDB
 .text.getEfuseSecureControlData
                0x0000dec4       0x38 drivers/secureBoot/verification/verify.o
                0x0000dec4                getEfuseSecureControlData
 .text.readEfuseSecureControl
                0x0000defc       0x30 drivers/secureBoot/verification/verify.o
                0x0000defc                readEfuseSecureControl
 .text.readEfuseKeys
                0x0000df2c       0x68 drivers/secureBoot/verification/verify.o
                0x0000df2c                readEfuseKeys
 .text.fillSBEfuseDB
                0x0000df94       0x24 drivers/secureBoot/verification/verify.o
                0x0000df94                fillSBEfuseDB
 .text.secureBoot
                0x0000dfb8       0x98 drivers/secureBoot/verification/verify.o
                0x0000dfb8                secureBoot
 .text          0x0000e050      0x114 /tools/gcc-arm/gcc-linaro/gcc-arm-none-eabi-4_6-2012q2/lib/gcc/arm-none-eabi/4.6.2/libgcc.a(_udivsi3.o)
                0x0000e050                __udivsi3
                0x0000e050                __aeabi_uidiv
                0x0000e144                __aeabi_uidivmod
 .text          0x0000e164      0x148 /tools/gcc-arm/gcc-linaro/gcc-arm-none-eabi-4_6-2012q2/lib/gcc/arm-none-eabi/4.6.2/libgcc.a(_divsi3.o)
                0x0000e164                __aeabi_idiv
                0x0000e164                __divsi3
                0x0000e28c                __aeabi_idivmod
 .text          0x0000e2ac        0x4 /tools/gcc-arm/gcc-linaro/gcc-arm-none-eabi-4_6-2012q2/lib/gcc/arm-none-eabi/4.6.2/libgcc.a(_dvmd_tls.o)
                0x0000e2ac                __aeabi_ldiv0
                0x0000e2ac                __aeabi_idiv0

.glue_7         0x0000e2b0        0x0
 .glue_7        0x00000000        0x0 linker stubs

.glue_7t        0x0000e2b0        0x0
 .glue_7t       0x00000000        0x0 linker stubs

.vfp11_veneer   0x0000e2b0        0x0
 .vfp11_veneer  0x00000000        0x0 linker stubs

.v4_bx          0x0000e2b0        0x0
 .v4_bx         0x00000000        0x0 linker stubs
                0x0000e2b0                . = ALIGN (0x4)

.rodata         0x0000e2b0     0x2b9c
 *(SORT(.rodata*))
 .rodata        0x0000e2b0       0x10 ./drivers/zoro/usb/usb_driver/no_os_ep0.o
 .rodata        0x0000e2c0       0x80 ./lib/arm/interrupts.o
 .rodata.K      0x0000e340      0x100 drivers/secureBoot/SBCommon/SB_SW_CRYPTO/src/minsha_core.o
 .rodata.SBCommon_SBCRK
                0x0000e440       0x10 drivers/secureBoot/SBCommon/SB_SW_CRYPTO/src/sbcr_key.o
                0x0000e440                SBCommon_SBCRK
 .rodata.Td0    0x0000e450      0x400 drivers/secureBoot/SBCommon/SB_SW_CRYPTO/src/rijndael.o
 .rodata.Td1    0x0000e850      0x400 drivers/secureBoot/SBCommon/SB_SW_CRYPTO/src/rijndael.o
 .rodata.Td2    0x0000ec50      0x400 drivers/secureBoot/SBCommon/SB_SW_CRYPTO/src/rijndael.o
 .rodata.Td3    0x0000f050      0x400 drivers/secureBoot/SBCommon/SB_SW_CRYPTO/src/rijndael.o
 .rodata.Td4    0x0000f450      0x400 drivers/secureBoot/SBCommon/SB_SW_CRYPTO/src/rijndael.o
 .rodata.Te4    0x0000f850      0x400 drivers/secureBoot/SBCommon/SB_SW_CRYPTO/src/rijndael.o
 .rodata.__func__.4245
                0x0000fc50       0x20 drivers/secureBoot/SBLib/SB_SW/src/sbsw_sbif_tools_convert.o
 .rodata.__func__.4341
                0x0000fc70       0x14 ./protocol/xmodem/xmodem_boot.o
 .rodata.__func__.4371
                0x0000fc84       0x28 drivers/secureBoot/SBLib/SB_SW/src/sbsw_sw_ecdsa_verify.o
 .rodata.__func__.4377
                0x0000fcac       0x28 drivers/secureBoot/SBLib/SB_SW/src/sbsw_sw_ecdsa_verify.o
 .rodata.__func__.4383
                0x0000fcd4       0x24 drivers/secureBoot/SBLib/SB_SW/src/sbsw_sw_ecdsa_verify.o
 .rodata.__func__.4502
                0x0000fcf8       0x24 drivers/secureBoot/SBLib/SB_SW/src/sbsw_api_decrypt.o
 .rodata.__func__.4559
                0x0000fd1c        0xc drivers/secureBoot/verification/verify.o
 .rodata.__func__.4565
                0x0000fd28       0x28 drivers/secureBoot/SBLib/SB_SW/src/sbsw_api_decrypt.o
 .rodata.__func__.5992
                0x0000fd50        0xc ./drivers/inuitive/flash/flash_boot.o
 .rodata.__func__.5999
                0x0000fd5c        0xc ./drivers/inuitive/flash/flash_boot.o
 .rodata.board_modes
                0x0000fd68      0x168 ./main/board.o
                0x0000fd68                board_modes
 .rodata.bos_desc
                0x0000fed0        0x8 ./drivers/zoro/usb/usb_driver/no_os_ep0.o
 .rodata.cap1_desc
                0x0000fed8        0x8 ./drivers/zoro/usb/usb_driver/no_os_ep0.o
 .rodata.cap2_desc
                0x0000fee0        0xc ./drivers/zoro/usb/usb_driver/no_os_ep0.o
 .rodata.cap3_desc
                0x0000feec       0x14 ./drivers/zoro/usb/usb_driver/no_os_ep0.o
 .rodata.crc16_tab
                0x0000ff00      0x200 ./protocol/xmodem/xmodem.o
 .rodata.curve_secp256r1
                0x00010100       0xac drivers/secureBoot/micro-ecc/uECC.o
 .rodata.dev_qualifier
                0x000101ac        0xc ./drivers/zoro/usb/usb_driver/no_os_ep0.o
 .rodata.device_desc
                0x000101b8       0x14 ./drivers/zoro/usb/usb_driver/no_os_ep0.o
 .rodata.fs_config_desc
                0x000101cc       0x20 ./drivers/zoro/usb/usb_driver/no_os_ep0.o
                0x000101cc                fs_config_desc
 .rodata.hs_config_desc
                0x000101ec       0x20 ./drivers/zoro/usb/usb_driver/no_os_ep0.o
                0x000101ec                hs_config_desc
 .rodata.nu3000_strings
                0x0001020c       0xf0 ./drivers/zoro/usb/usb_driver/no_os_ep0.o
                0x0001020c                nu3000_strings
 .rodata.rcon   0x000102fc       0x28 drivers/secureBoot/SBCommon/SB_SW_CRYPTO/src/rijndael.o
 .rodata.sha256_init
                0x00010324       0x24 drivers/secureBoot/SBCommon/SB_SW_CRYPTO/src/minsha_init.o
 .rodata.ss_config_desc
                0x00010348       0x2c ./drivers/zoro/usb/usb_driver/no_os_ep0.o
                0x00010348                ss_config_desc
 .rodata.str1.4
                0x00010374       0x6e ./main/main.o
                                 0x74 (size before relaxing)
 *fill*         0x000103e2        0x2 00
 .rodata.str1.4
                0x000103e4       0x9a ./main/board.o
                                 0xa4 (size before relaxing)
 *fill*         0x0001047e        0x2 00
 .rodata.str1.4
                0x00010480        0x4 ./main/system.o
 .rodata.str1.4
                0x00010484       0x1f ./drivers/synopsis/uart/DW_apb_uart/DW_apb_uart_drv.o
                                 0x20 (size before relaxing)
 *fill*         0x000104a3        0x1 00
 .rodata.str1.4
                0x000104a4       0x15 ./drivers/inuitive/storage/src/storage.o
                                 0x18 (size before relaxing)
 *fill*         0x000104b9        0x3 00
 .rodata.str1.4
                0x000104bc      0x12a ./drivers/inuitive/flash/flash_boot.o
                                0x134 (size before relaxing)
 *fill*         0x000105e6        0x2 00
 .rodata.str1.4
                0x000105e8       0x54 ./drivers/inuitive/flash/ispi.o
 .rodata.str1.4
                0x0001063c      0x26b ./lib/arm/interrupts.o
                                0x274 (size before relaxing)
 *fill*         0x000108a7        0x1 00
 .rodata.str1.4
                0x000108a8       0x59 ./protocol/xmodem/xmodem_boot.o
                                 0x5c (size before relaxing)
 *fill*         0x00010901        0x3 00
 .rodata.str1.4
                0x00010904      0x493 drivers/secureBoot/SBLib/SB_SW/src/sbsw_api_decrypt.o
                                0x498 (size before relaxing)
 .rodata.str1.4
                0x00000000       0x1c drivers/secureBoot/SBLib/SB_SW/src/sbsw_sbif_tools_convert.o
 .rodata.str1.4
                0x00000000       0x1c drivers/secureBoot/SBLib/SB_SW/src/sbsw_sw_ecdsa_verify.o
 *fill*         0x00010d97        0x1 00
 .rodata.str1.4
                0x00010d98       0x20 drivers/secureBoot/verification/verify.o
 .rodata.usb3ss_module_params
                0x00010db8       0x94 ./drivers/zoro/usb/usb_driver/no_os_init.o
                0x00010db8                usb3ss_module_params

.data.tlb_addr  0x00010e4c        0x4
 .data.tlb_addr
                0x00010e4c        0x4 ./lib/arm/cache-cp15.o
                0x00010e4c                tlb_addr
                0x00010e50                . = ALIGN (0x4)

.heap           0x02000000    0x4fe00
                0x02000000                . = ALIGN (0x4)
                0x02000000                __heap_start__ = .
                0x0204fe00                . = (. + ((((__LRAM_SIZE - BSS_MAX_SIZE) - PBSS_MAX_SIZE) - STACK_MAX_SIZE) - TLB_MAX_SIZE))
 *fill*         0x02000000    0x4fe00 00
                0x0204fe00                __heap_end__ = .

.tlb            0x0204fe00     0x4200
                0x02050000                . = ALIGN (0x4000)
 *fill*         0x0204fe00      0x200 00
                0x02050000                __tlb_start__ = .
                0x02054000                . = (. + TLB_MAX_SIZE)
 *fill*         0x02050000     0x4000 00
                0x02054000                __tlb_end__ = .

.stack          0x02054000     0x4200
                0x02054000                . = ALIGN (0x8)
                0x02054000                __stack_start__ = .
                0x02056000                . = (. + C_STACK_SIZE)
 *fill*         0x02054000     0x2000 00
                0x02056000                . = ALIGN (0x8)
                0x02056000                __c_stack_top__ = .
                0x02056200                . = (. + ABT_STACK_SIZE)
 *fill*         0x02056000      0x200 00
                0x02056200                . = ALIGN (0x8)
                0x02056200                __abt_stack_top__ = .
                0x02058200                . = (. + IRQ_STACK_SIZE)
 *fill*         0x02056200     0x2000 00
                0x02058200                . = ALIGN (0x8)
                0x02058200                __irq_stack_top__ = .
                0x02058200                __stack_top__ = .
                0x02058200                . = ALIGN (0x8)

.pbss           0x02058200      0x1d0
                0x02058200                . = ALIGN (0x4)
                0x02058200                __pbss_start__ = .
 *(.pbss*)
 .pbss          0x02058200       0x10 ./main/main.o
                0x0205820c                uart_boot_dev
 .pbss          0x02058210        0x4 ./main/board.o
 .pbss          0x02058214      0x140 ./drivers/synopsis/uart/DW_apb_uart/DW_apb_uart_drv.o
                0x02058214                uart1
                0x0205823c                uart1_instance
                0x020582a8                uart1_param
                0x020582b4                uart2
                0x020582dc                uart2_instance
                0x02058348                uart2_param
 .pbss          0x02058354       0x10 ./drivers/inuitive/storage/src/storage.o
                0x02058354                storage_boot_header
                0x0205835c                storage_header
 .pbss          0x02058364        0x4 ./lib/debug/debug.o
                0x02058364                dbg_uart
 .pbss          0x02058368       0x68 drivers/secureBoot/verification/verify.o
                0x02058368                eFUSEDB
                0x020583d0                . = ALIGN (0x4)
                0x020583d0                __pbss_end__ = .

.bss            0x020583d0     0x4544
                0x020583d0                . = ALIGN (0x4)
                0x020583d0                __bss_start__ = .
                0x020583d0                __bss_patch__ = .
 *(.patch)
 .patch         0x020583d0       0x40 ./drivers/zoro/usb/usb_driver/no_os_src_sink_lpbk.o
                0x020583d0                usb_pp
 *(.bss*)
 .bss.ICTLP_isrTbl
                0x02058410      0x200 ./drivers/inuitive/ictl/ictl.o
 .bss.ICTLP_prioTbl
                0x02058610       0x18 ./drivers/inuitive/ictl/ictl.o
 .bss.SPI_DRVP_dviceDesc
                0x02058628        0x4 ./drivers/inuitive/flash/ispi.o
 .bss.APB_TIMERP_baseP
                0x0205862c        0x4 ./drivers/inuitive/timer/apb_timer.o
 .bss.g_ep0_out_desc
                0x02058630       0x10 ./drivers/zoro/usb/usb_driver/no_os_init.o
 .bss.g_hiber_scratchpad_array
                0x02058640        0x8 ./drivers/zoro/usb/usb_driver/no_os_init.o
 .bss.g_ep0_req
                0x02058648       0x4c ./drivers/zoro/usb/usb_driver/no_os_init.o
 .bss.g_ep0_status_buf
                0x02058694      0x800 ./drivers/zoro/usb/usb_driver/no_os_init.o
 .bss.g_ep0_setup_pkt
                0x02058e94        0x8 ./drivers/zoro/usb/usb_driver/no_os_init.o
 .bss.g_ep0     0x02058e9c       0x68 ./drivers/zoro/usb/usb_driver/no_os_init.o
 .bss.g_in_ep   0x02058f04      0x270 ./drivers/zoro/usb/usb_driver/no_os_init.o
 *fill*         0x02059174        0xc 00
 .bss.g_ep0_setup_desc
                0x02059180       0x10 ./drivers/zoro/usb/usb_driver/no_os_init.o
 .bss.g_event_buf
                0x02059190       0x80 ./drivers/zoro/usb/usb_driver/no_os_init.o
 .bss.g_out_ep  0x02059210      0x270 ./drivers/zoro/usb/usb_driver/no_os_init.o
 .bss.g_hiber_scratchpad
                0x02059480       0x40 ./drivers/zoro/usb/usb_driver/no_os_init.o
 .bss.g_ep0_in_desc
                0x020594c0       0x10 ./drivers/zoro/usb/usb_driver/no_os_init.o
 .bss.g_usb_is_loopbk_is_active
                0x020594d0        0x4 ./drivers/zoro/usb/usb_driver/no_os_src_sink_lpbk.o
                0x020594d0                g_usb_is_loopbk_is_active
 .bss.g_out_buf
                0x020594d4     0x1000 ./drivers/zoro/usb/usb_driver/no_os_src_sink_lpbk.o
 .bss.loopbk    0x0205a4d4       0x58 ./drivers/zoro/usb/usb_driver/no_os_src_sink_lpbk.o
 .bss.msg_cnt.7060
                0x0205a52c        0x4 ./drivers/zoro/usb/usb_ll/cil_intr.o
 .bss.xmodem_packet_number
                0x0205a530        0x1 ./protocol/xmodem/xmodem.o
 *fill*         0x0205a531        0x3 00
 .bss.target_buffer
                0x0205a534        0x4 ./protocol/xmodem/xmodem.o
 .bss.xmodem_read_timeout_in_ticks
                0x0205a538        0x4 ./protocol/xmodem/xmodem.o
 .bss.xmodem_start_timeout_in_ticks
                0x0205a53c        0x4 ./protocol/xmodem/xmodem.o
 *(COMMON)
 COMMON         0x0205a540        0x4 ./drivers/inuitive/ictl/ictl.o
                0x0205a540                ICTLP_spIsrCnt
 *fill*         0x0205a544        0xc 00
 COMMON         0x0205a550      0x400 ./drivers/zoro/usb/usb_driver/no_os_init.o
                0x0205a550                g_pcd_req
                0x0205a680                g_pcd_req_bm
                0x0205a690                g_out_trb_pool
                0x0205a750                g_usb3_dev
                0x0205a890                g_in_trb_pool
 COMMON         0x0205a950        0x8 ./drivers/zoro/usb/usb_driver/no_os_gadget.o
                0x0205a950                nu3000_num_trbs
                0x0205a954                nu3000_alloc_trb_cb
 COMMON         0x0205a958        0x4 ./drivers/zoro/usb/usb_driver/no_os_src_sink_lpbk.o
                0x0205a958                fw_entry
 COMMON         0x0205a95c     0x1fb4 ./drivers/zoro/usb/usb_driver/no_os_ep0.o
                0x0205a95c                bos_desc_buf
                0x0205ab5c                hs_config_desc_buf
                0x0205b35c                ss_config_desc_buf
                0x0205bb5c                nu3000_usb_descriptors_export
                0x0205bb90                dev_qualifier_buf
                0x0205bb9c                bos_desc_buf_size
                0x0205bba0                fs_config_desc_buf_size
                0x0205bba4                device_desc_buf
                0x0205bbb8                nu3000_descriptor_override
                0x0205bbc8                fs_config_desc_buf
                0x0205c3c8                ss_config_desc_buf_size
                0x0205c3cc                nu3000_string_descriptors
                0x0205c8cc                nu3000_iso_rate
                0x0205c90c                hs_config_desc_buf_size
 COMMON         0x0205c910        0x4 ./drivers/zoro/usb/usb_ll/pcd.o
                0x0205c910                nu3000_dep_cfg_cb
                0x0205c914                . = ALIGN (0x4)
                0x0205c914                __bss_end__ = .
START GROUP
LOAD boot/start.o
LOAD ./main/main.o
LOAD ./main/board.o
LOAD ./main/system.o
LOAD ./dft/dft.o
LOAD ./drivers/synopsis/uart/DW_apb_uart/DW_apb_uart_drv.o
LOAD ./drivers/synopsis/uart/DW_apb_uart/DW_apb_uart.o
LOAD ./drivers/inuitive/storage/src/storage.o
LOAD ./drivers/inuitive/ictl/ictl.o
LOAD ./drivers/inuitive/flash/flash_boot.o
LOAD ./drivers/inuitive/flash/spi_flash.o
LOAD ./drivers/inuitive/flash/ispi.o
LOAD ./drivers/inuitive/timer/apb_timer.o
LOAD ./drivers/inuitive/gme/gme.o
LOAD ./drivers/zoro/usb/usb_driver/no_os_init.o
LOAD ./drivers/zoro/usb/usb_driver/no_os_hiber.o
LOAD ./drivers/zoro/usb/usb_driver/no_os_gadget.o
LOAD ./drivers/zoro/usb/usb_driver/no_os_src_sink_lpbk.o
LOAD ./drivers/zoro/usb/usb_driver/no_os_ep0.o
LOAD ./drivers/zoro/usb/usb_driver/conf.o
LOAD ./drivers/zoro/usb/usb_ll/pcd_hiber.o
LOAD ./drivers/zoro/usb/usb_ll/pcd_intr.o
LOAD ./drivers/zoro/usb/usb_ll/cil.o
LOAD ./drivers/zoro/usb/usb_ll/ep0.o
LOAD ./drivers/zoro/usb/usb_ll/pcd.o
LOAD ./drivers/zoro/usb/usb_ll/cil_intr.o
LOAD ./lib/sys/memset.o
LOAD ./lib/sys/memcpy.o
LOAD ./lib/sys/memcmp.o
LOAD ./lib/debug/debug.o
LOAD ./lib/debug/mail_box.o
LOAD ./lib/debug/sim.o
LOAD ./lib/debug/string_to_gpio.o
LOAD ./lib/arm/interrupts.o
LOAD ./lib/arm/cache-cp15.o
LOAD ./lib/arm/cache_v7.o
LOAD ./protocol/xmodem/xmodem_boot.o
LOAD ./protocol/xmodem/xmodem.o
LOAD drivers/secureBoot/SBCommon/SBIF/src/sbif_attributes.o
LOAD drivers/secureBoot/SBLib/SB_SW/src/sbsw_api_decrypt.o
LOAD drivers/secureBoot/SBLib/SB_SW/src/sbsw_sbif_tools_convert.o
LOAD drivers/secureBoot/SBLib/SB_SW/src/sbsw_hw_init.o
LOAD drivers/secureBoot/SBLib/SB_SW/src/sbsw_sw_aes_if.o
LOAD drivers/secureBoot/SBLib/SB_SW/src/sbsw_sw_ecdsa_verify.o
LOAD drivers/secureBoot/SBLib/SB_SW/src/sbsw_sw_publicdata.o
LOAD drivers/secureBoot/Framework/CLIB/src/c_lib.o
LOAD drivers/secureBoot/SBCommon/SB_SW_CRYPTO/src/sbcr_key.o
LOAD drivers/secureBoot/SBCommon/SB_SW_CRYPTO/src/rijndael.o
LOAD drivers/secureBoot/SBCommon/SB_SW_CRYPTO/src/minsha_init.o
LOAD drivers/secureBoot/SBCommon/SB_SW_CRYPTO/src/minsha_update.o
LOAD drivers/secureBoot/SBCommon/SB_SW_CRYPTO/src/minsha_core.o
LOAD drivers/secureBoot/micro-ecc/uECC.o
LOAD drivers/secureBoot/SBCommon/SB_SW_CRYPTO/src/sb_sw_ecdsa256.o
LOAD drivers/secureBoot/verification/verify.o
LOAD /tools/gcc-arm/gcc-linaro/gcc-arm-none-eabi-4_6-2012q2/lib/gcc/arm-none-eabi/4.6.2/libgcc.a
END GROUP
OUTPUT(nu4000-rom.elf elf32-littlearm)

.ARM.attributes
                0x00000000       0x2f
 .ARM.attributes
                0x00000000       0x21 boot/start.o
 .ARM.attributes
                0x00000021       0x39 ./main/main.o
 .ARM.attributes
                0x0000005a       0x39 ./main/board.o
 .ARM.attributes
                0x00000093       0x39 ./main/system.o
 .ARM.attributes
                0x000000cc       0x39 ./dft/dft.o
 .ARM.attributes
                0x00000105       0x39 ./drivers/synopsis/uart/DW_apb_uart/DW_apb_uart_drv.o
 .ARM.attributes
                0x0000013e       0x39 ./drivers/synopsis/uart/DW_apb_uart/DW_apb_uart.o
 .ARM.attributes
                0x00000177       0x39 ./drivers/inuitive/storage/src/storage.o
 .ARM.attributes
                0x000001b0       0x39 ./drivers/inuitive/ictl/ictl.o
 .ARM.attributes
                0x000001e9       0x39 ./drivers/inuitive/flash/flash_boot.o
 .ARM.attributes
                0x00000222       0x39 ./drivers/inuitive/flash/spi_flash.o
 .ARM.attributes
                0x0000025b       0x39 ./drivers/inuitive/flash/ispi.o
 .ARM.attributes
                0x00000294       0x39 ./drivers/inuitive/timer/apb_timer.o
 .ARM.attributes
                0x000002cd       0x39 ./drivers/inuitive/gme/gme.o
 .ARM.attributes
                0x00000306       0x39 ./drivers/zoro/usb/usb_driver/no_os_init.o
 .ARM.attributes
                0x0000033f       0x39 ./drivers/zoro/usb/usb_driver/no_os_hiber.o
 .ARM.attributes
                0x00000378       0x39 ./drivers/zoro/usb/usb_driver/no_os_gadget.o
 .ARM.attributes
                0x000003b1       0x39 ./drivers/zoro/usb/usb_driver/no_os_src_sink_lpbk.o
 .ARM.attributes
                0x000003ea       0x39 ./drivers/zoro/usb/usb_driver/no_os_ep0.o
 .ARM.attributes
                0x00000423       0x39 ./drivers/zoro/usb/usb_driver/conf.o
 .ARM.attributes
                0x0000045c       0x39 ./drivers/zoro/usb/usb_ll/pcd_hiber.o
 .ARM.attributes
                0x00000495       0x39 ./drivers/zoro/usb/usb_ll/pcd_intr.o
 .ARM.attributes
                0x000004ce       0x39 ./drivers/zoro/usb/usb_ll/cil.o
 .ARM.attributes
                0x00000507       0x39 ./drivers/zoro/usb/usb_ll/ep0.o
 .ARM.attributes
                0x00000540       0x39 ./drivers/zoro/usb/usb_ll/pcd.o
 .ARM.attributes
                0x00000579       0x39 ./drivers/zoro/usb/usb_ll/cil_intr.o
 .ARM.attributes
                0x000005b2       0x39 ./lib/sys/memset.o
 .ARM.attributes
                0x000005eb       0x39 ./lib/sys/memcpy.o
 .ARM.attributes
                0x00000624       0x39 ./lib/sys/memcmp.o
 .ARM.attributes
                0x0000065d       0x39 ./lib/debug/debug.o
 .ARM.attributes
                0x00000696       0x39 ./lib/debug/mail_box.o
 .ARM.attributes
                0x000006cf       0x39 ./lib/debug/sim.o
 .ARM.attributes
                0x00000708       0x39 ./lib/debug/string_to_gpio.o
 .ARM.attributes
                0x00000741       0x39 ./lib/arm/interrupts.o
 .ARM.attributes
                0x0000077a       0x39 ./lib/arm/cache-cp15.o
 .ARM.attributes
                0x000007b3       0x39 ./lib/arm/cache_v7.o
 .ARM.attributes
                0x000007ec       0x39 ./protocol/xmodem/xmodem_boot.o
 .ARM.attributes
                0x00000825       0x39 ./protocol/xmodem/xmodem.o
 .ARM.attributes
                0x0000085e       0x39 drivers/secureBoot/SBCommon/SBIF/src/sbif_attributes.o
 .ARM.attributes
                0x00000897       0x39 drivers/secureBoot/SBLib/SB_SW/src/sbsw_api_decrypt.o
 .ARM.attributes
                0x000008d0       0x39 drivers/secureBoot/SBLib/SB_SW/src/sbsw_sbif_tools_convert.o
 .ARM.attributes
                0x00000909       0x39 drivers/secureBoot/SBLib/SB_SW/src/sbsw_hw_init.o
 .ARM.attributes
                0x00000942       0x39 drivers/secureBoot/SBLib/SB_SW/src/sbsw_sw_aes_if.o
 .ARM.attributes
                0x0000097b       0x39 drivers/secureBoot/SBLib/SB_SW/src/sbsw_sw_ecdsa_verify.o
 .ARM.attributes
                0x000009b4       0x39 drivers/secureBoot/SBLib/SB_SW/src/sbsw_sw_publicdata.o
 .ARM.attributes
                0x000009ed       0x39 drivers/secureBoot/Framework/CLIB/src/c_lib.o
 .ARM.attributes
                0x00000a26       0x39 drivers/secureBoot/SBCommon/SB_SW_CRYPTO/src/sbcr_key.o
 .ARM.attributes
                0x00000a5f       0x39 drivers/secureBoot/SBCommon/SB_SW_CRYPTO/src/rijndael.o
 .ARM.attributes
                0x00000a98       0x39 drivers/secureBoot/SBCommon/SB_SW_CRYPTO/src/minsha_init.o
 .ARM.attributes
                0x00000ad1       0x39 drivers/secureBoot/SBCommon/SB_SW_CRYPTO/src/minsha_update.o
 .ARM.attributes
                0x00000b0a       0x39 drivers/secureBoot/SBCommon/SB_SW_CRYPTO/src/minsha_core.o
 .ARM.attributes
                0x00000b43       0x39 drivers/secureBoot/micro-ecc/uECC.o
 .ARM.attributes
                0x00000b7c       0x39 drivers/secureBoot/SBCommon/SB_SW_CRYPTO/src/sb_sw_ecdsa256.o
 .ARM.attributes
                0x00000bb5       0x39 drivers/secureBoot/verification/verify.o
 .ARM.attributes
                0x00000bee       0x18 /tools/gcc-arm/gcc-linaro/gcc-arm-none-eabi-4_6-2012q2/lib/gcc/arm-none-eabi/4.6.2/libgcc.a(_udivsi3.o)
 .ARM.attributes
                0x00000c06       0x18 /tools/gcc-arm/gcc-linaro/gcc-arm-none-eabi-4_6-2012q2/lib/gcc/arm-none-eabi/4.6.2/libgcc.a(_divsi3.o)
 .ARM.attributes
                0x00000c1e       0x16 /tools/gcc-arm/gcc-linaro/gcc-arm-none-eabi-4_6-2012q2/lib/gcc/arm-none-eabi/4.6.2/libgcc.a(_dvmd_tls.o)

.comment        0x00000000       0x70
 .comment       0x00000000       0x70 ./main/main.o
                                 0x71 (size before relaxing)
 .comment       0x00000000       0x71 ./main/board.o
 .comment       0x00000000       0x71 ./main/system.o
 .comment       0x00000000       0x71 ./dft/dft.o
 .comment       0x00000000       0x71 ./drivers/synopsis/uart/DW_apb_uart/DW_apb_uart_drv.o
 .comment       0x00000000       0x71 ./drivers/synopsis/uart/DW_apb_uart/DW_apb_uart.o
 .comment       0x00000000       0x71 ./drivers/inuitive/storage/src/storage.o
 .comment       0x00000000       0x71 ./drivers/inuitive/ictl/ictl.o
 .comment       0x00000000       0x71 ./drivers/inuitive/flash/flash_boot.o
 .comment       0x00000000       0x71 ./drivers/inuitive/flash/spi_flash.o
 .comment       0x00000000       0x71 ./drivers/inuitive/flash/ispi.o
 .comment       0x00000000       0x71 ./drivers/inuitive/timer/apb_timer.o
 .comment       0x00000000       0x71 ./drivers/inuitive/gme/gme.o
 .comment       0x00000000       0x71 ./drivers/zoro/usb/usb_driver/no_os_init.o
 .comment       0x00000000       0x71 ./drivers/zoro/usb/usb_driver/no_os_hiber.o
 .comment       0x00000000       0x71 ./drivers/zoro/usb/usb_driver/no_os_gadget.o
 .comment       0x00000000       0x71 ./drivers/zoro/usb/usb_driver/no_os_src_sink_lpbk.o
 .comment       0x00000000       0x71 ./drivers/zoro/usb/usb_driver/no_os_ep0.o
 .comment       0x00000000       0x71 ./drivers/zoro/usb/usb_driver/conf.o
 .comment       0x00000000       0x71 ./drivers/zoro/usb/usb_ll/pcd_hiber.o
 .comment       0x00000000       0x71 ./drivers/zoro/usb/usb_ll/pcd_intr.o
 .comment       0x00000000       0x71 ./drivers/zoro/usb/usb_ll/cil.o
 .comment       0x00000000       0x71 ./drivers/zoro/usb/usb_ll/ep0.o
 .comment       0x00000000       0x71 ./drivers/zoro/usb/usb_ll/pcd.o
 .comment       0x00000000       0x71 ./drivers/zoro/usb/usb_ll/cil_intr.o
 .comment       0x00000000       0x71 ./lib/sys/memset.o
 .comment       0x00000000       0x71 ./lib/sys/memcpy.o
 .comment       0x00000000       0x71 ./lib/sys/memcmp.o
 .comment       0x00000000       0x71 ./lib/debug/debug.o
 .comment       0x00000000       0x71 ./lib/debug/mail_box.o
 .comment       0x00000000       0x71 ./lib/debug/sim.o
 .comment       0x00000000       0x71 ./lib/debug/string_to_gpio.o
 .comment       0x00000000       0x71 ./lib/arm/interrupts.o
 .comment       0x00000000       0x71 ./lib/arm/cache-cp15.o
 .comment       0x00000000       0x71 ./lib/arm/cache_v7.o
 .comment       0x00000000       0x71 ./protocol/xmodem/xmodem_boot.o
 .comment       0x00000000       0x71 ./protocol/xmodem/xmodem.o
 .comment       0x00000000       0x71 drivers/secureBoot/SBCommon/SBIF/src/sbif_attributes.o
 .comment       0x00000000       0x71 drivers/secureBoot/SBLib/SB_SW/src/sbsw_api_decrypt.o
 .comment       0x00000000       0x71 drivers/secureBoot/SBLib/SB_SW/src/sbsw_sbif_tools_convert.o
 .comment       0x00000000       0x71 drivers/secureBoot/SBLib/SB_SW/src/sbsw_hw_init.o
 .comment       0x00000000       0x71 drivers/secureBoot/SBLib/SB_SW/src/sbsw_sw_aes_if.o
 .comment       0x00000000       0x71 drivers/secureBoot/SBLib/SB_SW/src/sbsw_sw_ecdsa_verify.o
 .comment       0x00000000       0x71 drivers/secureBoot/SBLib/SB_SW/src/sbsw_sw_publicdata.o
 .comment       0x00000000       0x71 drivers/secureBoot/Framework/CLIB/src/c_lib.o
 .comment       0x00000000       0x71 drivers/secureBoot/SBCommon/SB_SW_CRYPTO/src/sbcr_key.o
 .comment       0x00000000       0x71 drivers/secureBoot/SBCommon/SB_SW_CRYPTO/src/rijndael.o
 .comment       0x00000000       0x71 drivers/secureBoot/SBCommon/SB_SW_CRYPTO/src/minsha_init.o
 .comment       0x00000000       0x71 drivers/secureBoot/SBCommon/SB_SW_CRYPTO/src/minsha_update.o
 .comment       0x00000000       0x71 drivers/secureBoot/SBCommon/SB_SW_CRYPTO/src/minsha_core.o
 .comment       0x00000000       0x71 drivers/secureBoot/micro-ecc/uECC.o
 .comment       0x00000000       0x71 drivers/secureBoot/SBCommon/SB_SW_CRYPTO/src/sb_sw_ecdsa256.o
 .comment       0x00000000       0x71 drivers/secureBoot/verification/verify.o

.debug_line     0x00000000     0x883d
 .debug_line    0x00000000       0xca boot/start.o
 .debug_line    0x000000ca      0x19b ./main/main.o
 .debug_line    0x00000265      0x275 ./main/board.o
 .debug_line    0x000004da      0x164 ./main/system.o
 .debug_line    0x0000063e       0x48 ./dft/dft.o
 .debug_line    0x00000686      0x1d5 ./drivers/synopsis/uart/DW_apb_uart/DW_apb_uart_drv.o
 .debug_line    0x0000085b      0xda1 ./drivers/synopsis/uart/DW_apb_uart/DW_apb_uart.o
 .debug_line    0x000015fc       0xea ./drivers/inuitive/storage/src/storage.o
 .debug_line    0x000016e6      0x259 ./drivers/inuitive/ictl/ictl.o
 .debug_line    0x0000193f       0xf7 ./drivers/inuitive/flash/flash_boot.o
 .debug_line    0x00001a36      0x149 ./drivers/inuitive/flash/spi_flash.o
 .debug_line    0x00001b7f       0xff ./drivers/inuitive/flash/ispi.o
 .debug_line    0x00001c7e      0x12e ./drivers/inuitive/timer/apb_timer.o
 .debug_line    0x00001dac      0x55b ./drivers/inuitive/gme/gme.o
 .debug_line    0x00002307      0x241 ./drivers/zoro/usb/usb_driver/no_os_init.o
 .debug_line    0x00002548      0x18e ./drivers/zoro/usb/usb_driver/no_os_hiber.o
 .debug_line    0x000026d6      0x3ab ./drivers/zoro/usb/usb_driver/no_os_gadget.o
 .debug_line    0x00002a81      0x544 ./drivers/zoro/usb/usb_driver/no_os_src_sink_lpbk.o
 .debug_line    0x00002fc5      0x30c ./drivers/zoro/usb/usb_driver/no_os_ep0.o
 .debug_line    0x000032d1        0x0 ./drivers/zoro/usb/usb_driver/conf.o
 .debug_line    0x000032d1      0x465 ./drivers/zoro/usb/usb_ll/pcd_hiber.o
 .debug_line    0x00003736      0x2d9 ./drivers/zoro/usb/usb_ll/pcd_intr.o
 .debug_line    0x00003a0f      0xb52 ./drivers/zoro/usb/usb_ll/cil.o
 .debug_line    0x00004561      0x350 ./drivers/zoro/usb/usb_ll/ep0.o
 .debug_line    0x000048b1      0x6ed ./drivers/zoro/usb/usb_ll/pcd.o
 .debug_line    0x00004f9e      0x29b ./drivers/zoro/usb/usb_ll/cil_intr.o
 .debug_line    0x00005239      0x19c ./lib/sys/memset.o
 .debug_line    0x000053d5       0xfa ./lib/sys/memcpy.o
 .debug_line    0x000054cf      0x183 ./lib/sys/memcmp.o
 .debug_line    0x00005652      0x248 ./lib/debug/debug.o
 .debug_line    0x0000589a        0x0 ./lib/debug/mail_box.o
 .debug_line    0x0000589a       0x76 ./lib/debug/sim.o
 .debug_line    0x00005910        0x0 ./lib/debug/string_to_gpio.o
 .debug_line    0x00005910      0x1b4 ./lib/arm/interrupts.o
 .debug_line    0x00005ac4      0x1c3 ./lib/arm/cache-cp15.o
 .debug_line    0x00005c87      0x1e0 ./lib/arm/cache_v7.o
 .debug_line    0x00005e67       0x55 ./protocol/xmodem/xmodem_boot.o
 .debug_line    0x00005ebc      0x1ee ./protocol/xmodem/xmodem.o
 .debug_line    0x000060aa      0x1a6 drivers/secureBoot/SBCommon/SBIF/src/sbif_attributes.o
 .debug_line    0x00006250      0x52d drivers/secureBoot/SBLib/SB_SW/src/sbsw_api_decrypt.o
 .debug_line    0x0000677d      0x367 drivers/secureBoot/SBLib/SB_SW/src/sbsw_sbif_tools_convert.o
 .debug_line    0x00006ae4      0x216 drivers/secureBoot/SBLib/SB_SW/src/sbsw_hw_init.o
 .debug_line    0x00006cfa      0x3b6 drivers/secureBoot/SBLib/SB_SW/src/sbsw_sw_aes_if.o
 .debug_line    0x000070b0      0x256 drivers/secureBoot/SBLib/SB_SW/src/sbsw_sw_ecdsa_verify.o
 .debug_line    0x00007306      0x12c drivers/secureBoot/SBLib/SB_SW/src/sbsw_sw_publicdata.o
 .debug_line    0x00007432      0x26b drivers/secureBoot/Framework/CLIB/src/c_lib.o
 .debug_line    0x0000769d       0xe0 drivers/secureBoot/SBCommon/SB_SW_CRYPTO/src/sbcr_key.o
 .debug_line    0x0000777d      0x2af drivers/secureBoot/SBCommon/SB_SW_CRYPTO/src/rijndael.o
 .debug_line    0x00007a2c      0x14c drivers/secureBoot/SBCommon/SB_SW_CRYPTO/src/minsha_init.o
 .debug_line    0x00007b78      0x196 drivers/secureBoot/SBCommon/SB_SW_CRYPTO/src/minsha_update.o
 .debug_line    0x00007d0e      0x1c0 drivers/secureBoot/SBCommon/SB_SW_CRYPTO/src/minsha_core.o
 .debug_line    0x00007ece      0x5c3 drivers/secureBoot/micro-ecc/uECC.o
 .debug_line    0x00008491      0x152 drivers/secureBoot/SBCommon/SB_SW_CRYPTO/src/sb_sw_ecdsa256.o
 .debug_line    0x000085e3      0x25a drivers/secureBoot/verification/verify.o

.debug_info     0x00000000    0x2783a
 .debug_info    0x00000000       0x6d boot/start.o
 .debug_info    0x0000006d      0x39b ./main/main.o
 .debug_info    0x00000408      0x75f ./main/board.o
 .debug_info    0x00000b67      0x383 ./main/system.o
 .debug_info    0x00000eea       0x7e ./dft/dft.o
 .debug_info    0x00000f68      0xbcc ./drivers/synopsis/uart/DW_apb_uart/DW_apb_uart_drv.o
 .debug_info    0x00001b34     0x3099 ./drivers/synopsis/uart/DW_apb_uart/DW_apb_uart.o
 .debug_info    0x00004bcd      0x1f1 ./drivers/inuitive/storage/src/storage.o
 .debug_info    0x00004dbe      0x638 ./drivers/inuitive/ictl/ictl.o
 .debug_info    0x000053f6      0x250 ./drivers/inuitive/flash/flash_boot.o
 .debug_info    0x00005646      0x39e ./drivers/inuitive/flash/spi_flash.o
 .debug_info    0x000059e4      0x659 ./drivers/inuitive/flash/ispi.o
 .debug_info    0x0000603d      0x242 ./drivers/inuitive/timer/apb_timer.o
 .debug_info    0x0000627f     0x1233 ./drivers/inuitive/gme/gme.o
 .debug_info    0x000074b2     0x1a6c ./drivers/zoro/usb/usb_driver/no_os_init.o
 .debug_info    0x00008f1e     0x16f6 ./drivers/zoro/usb/usb_driver/no_os_hiber.o
 .debug_info    0x0000a614     0x1e1b ./drivers/zoro/usb/usb_driver/no_os_gadget.o
 .debug_info    0x0000c42f     0x2614 ./drivers/zoro/usb/usb_driver/no_os_src_sink_lpbk.o
 .debug_info    0x0000ea43     0x26a5 ./drivers/zoro/usb/usb_driver/no_os_ep0.o
 .debug_info    0x000110e8     0x20d0 ./drivers/zoro/usb/usb_ll/pcd_hiber.o
 .debug_info    0x000131b8     0x1f48 ./drivers/zoro/usb/usb_ll/pcd_intr.o
 .debug_info    0x00015100     0x431d ./drivers/zoro/usb/usb_ll/cil.o
 .debug_info    0x0001941d     0x1ee3 ./drivers/zoro/usb/usb_ll/ep0.o
 .debug_info    0x0001b300     0x261f ./drivers/zoro/usb/usb_ll/pcd.o
 .debug_info    0x0001d91f     0x1e39 ./drivers/zoro/usb/usb_ll/cil_intr.o
 .debug_info    0x0001f758      0x112 ./lib/sys/memset.o
 .debug_info    0x0001f86a      0x110 ./lib/sys/memcpy.o
 .debug_info    0x0001f97a      0x114 ./lib/sys/memcmp.o
 .debug_info    0x0001fa8e      0x5b7 ./lib/debug/debug.o
 .debug_info    0x00020045       0xf8 ./lib/debug/sim.o
 .debug_info    0x0002013d      0x3a3 ./lib/arm/interrupts.o
 .debug_info    0x000204e0      0x511 ./lib/arm/cache-cp15.o
 .debug_info    0x000209f1      0x772 ./lib/arm/cache_v7.o
 .debug_info    0x00021163       0xd3 ./protocol/xmodem/xmodem_boot.o
 .debug_info    0x00021236      0x5d8 ./protocol/xmodem/xmodem.o
 .debug_info    0x0002180e      0x332 drivers/secureBoot/SBCommon/SBIF/src/sbif_attributes.o
 .debug_info    0x00021b40     0x11d1 drivers/secureBoot/SBLib/SB_SW/src/sbsw_api_decrypt.o
 .debug_info    0x00022d11      0x736 drivers/secureBoot/SBLib/SB_SW/src/sbsw_sbif_tools_convert.o
 .debug_info    0x00023447      0x3fa drivers/secureBoot/SBLib/SB_SW/src/sbsw_hw_init.o
 .debug_info    0x00023841      0xb85 drivers/secureBoot/SBLib/SB_SW/src/sbsw_sw_aes_if.o
 .debug_info    0x000243c6      0x3c7 drivers/secureBoot/SBLib/SB_SW/src/sbsw_sw_ecdsa_verify.o
 .debug_info    0x0002478d      0x135 drivers/secureBoot/SBLib/SB_SW/src/sbsw_sw_publicdata.o
 .debug_info    0x000248c2      0x4ee drivers/secureBoot/Framework/CLIB/src/c_lib.o
 .debug_info    0x00024db0       0x9e drivers/secureBoot/SBCommon/SB_SW_CRYPTO/src/sbcr_key.o
 .debug_info    0x00024e4e      0x33b drivers/secureBoot/SBCommon/SB_SW_CRYPTO/src/rijndael.o
 .debug_info    0x00025189      0x189 drivers/secureBoot/SBCommon/SB_SW_CRYPTO/src/minsha_init.o
 .debug_info    0x00025312      0x305 drivers/secureBoot/SBCommon/SB_SW_CRYPTO/src/minsha_update.o
 .debug_info    0x00025617      0x2bc drivers/secureBoot/SBCommon/SB_SW_CRYPTO/src/minsha_core.o