Archive member included because of file (symbol)

/tools/gcc-arm/gcc-linaro/gcc-arm-none-eabi-4_6-2012q2/lib/gcc/arm-none-eabi/4.6.2/libgcc.a(_udivsi3.o)
                              ./drivers/zoro/usb/usb_ll/pcd.o (__aeabi_uidiv)
/tools/gcc-arm/gcc-linaro/gcc-arm-none-eabi-4_6-2012q2/lib/gcc/arm-none-eabi/4.6.2/libgcc.a(_divsi3.o)
                              ./drivers/zoro/usb/usb_ll/cil.o (__aeabi_idiv)
/tools/gcc-arm/gcc-linaro/gcc-arm-none-eabi-4_6-2012q2/lib/gcc/arm-none-eabi/4.6.2/libgcc.a(_dvmd_tls.o)
                              /tools/gcc-arm/gcc-linaro/gcc-arm-none-eabi-4_6-2012q2/lib/gcc/arm-none-eabi/4.6.2/libgcc.a(_udivsi3.o) (__aeabi_idiv0)

Allocating common symbols
Common symbol       size              file

build_for_hw_verif_disable_suspend
                    0x4               ./drivers/zoro/usb/usb_ll/cil.o
nu3000_num_trbs     0x4               ./drivers/zoro/usb/usb_driver/no_os_gadget.o
nu3000_dep_cfg_cb   0x4               ./drivers/zoro/usb/usb_ll/pcd.o
g_pcd_req           0x130             ./drivers/zoro/usb/usb_driver/no_os_init.o
g_pcd_req_bm        0x4               ./drivers/zoro/usb/usb_driver/no_os_init.o
bos_desc_buf        0x200             ./drivers/zoro/usb/usb_driver/no_os_ep0.o
nu3000_alloc_trb_cb
                    0x4               ./drivers/zoro/usb/usb_driver/no_os_gadget.o
g_out_trb_pool      0xc0              ./drivers/zoro/usb/usb_driver/no_os_init.o
hs_config_desc_buf  0x800             ./drivers/zoro/usb/usb_driver/no_os_ep0.o
ss_config_desc_buf  0x800             ./drivers/zoro/usb/usb_driver/no_os_ep0.o
nu3000_usb_descriptors_export
                    0x34              ./drivers/zoro/usb/usb_driver/no_os_ep0.o
g_usb3_dev          0x140             ./drivers/zoro/usb/usb_driver/no_os_init.o
dev_qualifier_buf   0xa               ./drivers/zoro/usb/usb_driver/no_os_ep0.o
bos_desc_buf_size   0x4               ./drivers/zoro/usb/usb_driver/no_os_ep0.o
fs_config_desc_buf_size
                    0x4               ./drivers/zoro/usb/usb_driver/no_os_ep0.o
device_desc_buf     0x12              ./drivers/zoro/usb/usb_driver/no_os_ep0.o
nu3000_descriptor_override
                    0x10              ./drivers/zoro/usb/usb_driver/no_os_ep0.o
max_delay_in_ticks  0x4               ./main/system.o
ICTLP_spIsrCnt      0x4               ./drivers/inuitive/ictl/ictl.o
fw_entry            0x4               ./drivers/zoro/usb/usb_driver/no_os_src_sink_lpbk.o
fs_config_desc_buf  0x800             ./drivers/zoro/usb/usb_driver/no_os_ep0.o
g_in_trb_pool       0xc0              ./drivers/zoro/usb/usb_driver/no_os_init.o
build_for_hw_verif_scale_down
                    0x4               ./drivers/zoro/usb/usb_ll/cil.o
ss_config_desc_buf_size
                    0x4               ./drivers/zoro/usb/usb_driver/no_os_ep0.o
nu3000_string_descriptors
                    0x500             ./drivers/zoro/usb/usb_driver/no_os_ep0.o
nu3000_iso_rate     0x40              ./drivers/zoro/usb/usb_driver/no_os_ep0.o
hs_config_desc_buf_size
                    0x4               ./drivers/zoro/usb/usb_driver/no_os_ep0.o

Discarded input sections

 .data          0x00000000        0x0 boot/start.o
 .bss           0x00000000        0x0 boot/start.o
 .text          0x00000000        0x0 ./drivers/zoro/usb/usb_driver/no_os_ep0.o
 .data          0x00000000        0x0 ./drivers/zoro/usb/usb_driver/no_os_ep0.o
 .bss           0x00000000        0x0 ./drivers/zoro/usb/usb_driver/no_os_ep0.o
 .text          0x00000000        0x0 ./drivers/zoro/usb/usb_driver/no_os_src_sink_lpbk.o
 .data          0x00000000        0x0 ./drivers/zoro/usb/usb_driver/no_os_src_sink_lpbk.o
 .bss           0x00000000        0x0 ./drivers/zoro/usb/usb_driver/no_os_src_sink_lpbk.o
 .text.nu3000_send_to_host_complete
                0x00000000       0x30 ./drivers/zoro/usb/usb_driver/no_os_src_sink_lpbk.o
 .text.nu3000_get_ep_array
                0x00000000       0x28 ./drivers/zoro/usb/usb_driver/no_os_src_sink_lpbk.o
 .text.nu3000_get_cur_device_state
                0x00000000        0x8 ./drivers/zoro/usb/usb_driver/no_os_src_sink_lpbk.o
 .text.nu3000_usb_send_to_host
                0x00000000       0x6c ./drivers/zoro/usb/usb_driver/no_os_src_sink_lpbk.o
 .text          0x00000000        0x0 ./drivers/zoro/usb/usb_driver/no_os_gadget.o
 .data          0x00000000        0x0 ./drivers/zoro/usb/usb_driver/no_os_gadget.o
 .bss           0x00000000        0x0 ./drivers/zoro/usb/usb_driver/no_os_gadget.o
 .text.dwc_usb3_ep_dequeue
                0x00000000       0x84 ./drivers/zoro/usb/usb_driver/no_os_gadget.o
 .text          0x00000000        0x0 ./drivers/zoro/usb/usb_driver/conf.o
 .data          0x00000000        0x0 ./drivers/zoro/usb/usb_driver/conf.o
 .bss           0x00000000        0x0 ./drivers/zoro/usb/usb_driver/conf.o
 .text          0x00000000        0x0 ./drivers/zoro/usb/usb_driver/no_os_hiber.o
 .data          0x00000000        0x0 ./drivers/zoro/usb/usb_driver/no_os_hiber.o
[...]
Memory Configuration

Name             Origin             Length             Attributes
ROM              0x00000000         0x00020000         xr
LRAM             0x02000000         0x00060000         xrw
*default*        0x00000000         0xffffffff

Linker script and memory map

                0x02000000                __LRAM_ADDRESS = ORIGIN (LRAM)
                0x00060000                __LRAM_SIZE = 0x60000
                0x00002000                IRQ_STACK_SIZE = 0x2000
                0x00000200                ABT_STACK_SIZE = 0x200
                0x00002000                C_STACK_SIZE = 0x2000
                0x00004200                STACK_MAX_SIZE = ((C_STACK_SIZE + IRQ_STACK_SIZE) + ABT_STACK_SIZE)
                0x00004000                BSS_MAX_SIZE = 0x4000
                0x00004000                PBSS_MAX_SIZE = 0x4000
                0x00004000                TLB_MAX_SIZE = 0x4000
                0x00004000                PAGETABLE_MAX_SIZE = 0x4000
                0x00000000                . = ALIGN (0x4)

.text           0x00000000     0xe454
 *(.text*)
 .text          0x00000000      0x460 boot/start.o
                0x00000000                _start
                0x00000040                _end_vect
                0x00000040                _major_version
                0x00000044                _minor_version
                0x00000048                _build_version
                0x00000058                HEAP_START
                0x0000005c                HEAP_END
                0x000000c0                cpu_init_cp15
                0x00000100                usb_resume
                0x00000120                enable_async_abort
                0x00000130                cpu_init_crit
 .text.fill_bos_descriptor
                0x00000460       0xf4 ./drivers/zoro/usb/usb_driver/no_os_ep0.o
 .text.fill_configuration_descriptor
                0x00000554       0xe8 ./drivers/zoro/usb/usb_driver/no_os_ep0.o
 .text.pass_desc_rest
                0x0000063c       0xc0 ./drivers/zoro/usb/usb_driver/no_os_ep0.o
                0x0000063c                pass_desc_rest
 .text.dwc_usb3_no_os_setup
                0x000006fc      0x3bc ./drivers/zoro/usb/usb_driver/no_os_ep0.o
                0x000006fc                dwc_usb3_no_os_setup
 .text.fill_descr_gen_customization
                0x00000ab8       0x20 ./drivers/zoro/usb/usb_driver/no_os_ep0.o
                0x00000ab8                fill_descr_gen_customization
 .text.fill_descr_iso_customization
                0x00000ad8       0xc0 ./drivers/zoro/usb/usb_driver/no_os_ep0.o
                0x00000ad8                fill_descr_iso_customization
 .text.create_descriptors_customization
                0x00000b98      0x1d8 ./drivers/zoro/usb/usb_driver/no_os_ep0.o
                0x00000b98                create_descriptors_customization
 .text.create_bos_descriptor
                0x00000d70       0x60 ./drivers/zoro/usb/usb_driver/no_os_ep0.o
                0x00000d70                create_bos_descriptor
 .text.is_video
                0x00000dd0       0x1c ./drivers/zoro/usb/usb_driver/no_os_src_sink_lpbk.o
 .text.reset_other_eps
                0x00000dec       0xc0 ./drivers/zoro/usb/usb_driver/no_os_src_sink_lpbk.o
 .text.set_single_intf_ep
                0x00000eac       0xe4 ./drivers/zoro/usb/usb_driver/no_os_src_sink_lpbk.o
 .text.set_other_ep
                0x00000f90       0xf8 ./drivers/zoro/usb/usb_driver/no_os_src_sink_lpbk.o
 .text.set_interface
                0x00001088      0x260 ./drivers/zoro/usb/usb_driver/no_os_src_sink_lpbk.o
 .text.nu3000_monitor_process
                0x000012e8      0x1e8 ./drivers/zoro/usb/usb_driver/no_os_src_sink_lpbk.o
 .text.loopbk_complete
                0x000014d0      0x1d0 ./drivers/zoro/usb/usb_driver/no_os_src_sink_lpbk.o
 .text.nu3000_bg_process
                0x000016a0       0x44 ./drivers/zoro/usb/usb_driver/no_os_src_sink_lpbk.o
                0x000016a0                nu3000_bg_process
 .text.nu3000_class_request
                0x000016e4       0xdc ./drivers/zoro/usb/usb_driver/no_os_src_sink_lpbk.o
                0x000016e4                nu3000_class_request
 .text.dwc_usb3_function_setup
                0x000017c0      0x5fc ./drivers/zoro/usb/usb_driver/no_os_src_sink_lpbk.o
                0x000017c0                dwc_usb3_function_setup
 .text.dwc_usb3_function_connect
                0x00001dbc       0x68 ./drivers/zoro/usb/usb_driver/no_os_src_sink_lpbk.o
                0x00001dbc                dwc_usb3_function_connect
 .text.dwc_usb3_function_disconnect
                0x00001e24        0x8 ./drivers/zoro/usb/usb_driver/no_os_src_sink_lpbk.o
                0x00001e24                dwc_usb3_function_disconnect
 .text.dwc_usb3_function_init
                0x00001e2c       0x24 ./drivers/zoro/usb/usb_driver/no_os_src_sink_lpbk.o
                0x00001e2c                dwc_usb3_function_init
 .text.dwc_usb3_function_remove
                0x00001e50        0x4 ./drivers/zoro/usb/usb_driver/no_os_src_sink_lpbk.o
                0x00001e50                dwc_usb3_function_remove
 .text.dwc_usb3_gadget_connect
                0x00001e54       0x14 ./drivers/zoro/usb/usb_driver/no_os_gadget.o
                0x00001e54                dwc_usb3_gadget_connect
 .text.dwc_usb3_gadget_disconnect
                0x00001e68       0x14 ./drivers/zoro/usb/usb_driver/no_os_gadget.o
                0x00001e68                dwc_usb3_gadget_disconnect
 .text.dwc_usb3_gadget_suspend
                0x00001e7c       0x28 ./drivers/zoro/usb/usb_driver/no_os_gadget.o
                0x00001e7c                dwc_usb3_gadget_suspend
 .text.dwc_usb3_gadget_resume
                0x00001ea4        0x8 ./drivers/zoro/usb/usb_driver/no_os_gadget.o
                0x00001ea4                dwc_usb3_gadget_resume
 .text.dwc_usb3_gadget_setup
                0x00001eac       0x58 ./drivers/zoro/usb/usb_driver/no_os_gadget.o
                0x00001eac                dwc_usb3_gadget_setup
 .text.dwc_usb3_gadget_complete
                0x00001f04       0x80 ./drivers/zoro/usb/usb_driver/no_os_gadget.o
                0x00001f04                dwc_usb3_gadget_complete
 .text.dwc_usb3_gadget_alloc_dma
                0x00001f84       0x6c ./drivers/zoro/usb/usb_driver/no_os_gadget.o
                0x00001f84                dwc_usb3_gadget_alloc_dma
 .text.dwc_usb3_gadget_free_dma
                0x00001ff0        0x4 ./drivers/zoro/usb/usb_driver/no_os_gadget.o
                0x00001ff0                dwc_usb3_gadget_free_dma
 .text.dwc_usb3_gadget_get_request
                0x00001ff4       0x10 ./drivers/zoro/usb/usb_driver/no_os_gadget.o
                0x00001ff4                dwc_usb3_gadget_get_request
 .text.dwc_usb3_gadget_start_next_request
                0x00002004       0x70 ./drivers/zoro/usb/usb_driver/no_os_gadget.o
                0x00002004                dwc_usb3_gadget_start_next_request
 .text.dwc_usb3_gadget_isoc_ep_start
                0x00002074       0xe4 ./drivers/zoro/usb/usb_driver/no_os_gadget.o
                0x00002074                dwc_usb3_gadget_isoc_ep_start
 .text.dwc_usb3_gadget_request_nuke
                0x00002158       0x5c ./drivers/zoro/usb/usb_driver/no_os_gadget.o
                0x00002158                dwc_usb3_gadget_request_nuke
 .text.dwc_usb3_gadget_set_ep_not_started
                0x000021b4       0x2c ./drivers/zoro/usb/usb_driver/no_os_gadget.o
                0x000021b4                dwc_usb3_gadget_set_ep_not_started
 .text.dwc_usb3_ep_enable
                0x000021e0       0xf0 ./drivers/zoro/usb/usb_driver/no_os_gadget.o
                0x000021e0                dwc_usb3_ep_enable
 .text.dwc_usb3_ep_disable
                0x000022d0       0x28 ./drivers/zoro/usb/usb_driver/no_os_gadget.o
                0x000022d0                dwc_usb3_ep_disable
 .text.dwc_usb3_alloc_request
                0x000022f8       0xa0 ./drivers/zoro/usb/usb_driver/no_os_gadget.o
                0x000022f8                dwc_usb3_alloc_request
 .text.dwc_usb3_free_request
                0x00002398       0x4c ./drivers/zoro/usb/usb_driver/no_os_gadget.o
                0x00002398                dwc_usb3_free_request
 .text.dwc_usb3_ep_queue
                0x000023e4      0x180 ./drivers/zoro/usb/usb_driver/no_os_gadget.o
                0x000023e4                dwc_usb3_ep_queue
 .text.dwc_usb3_gadget_init
                0x00002564       0xa0 ./drivers/zoro/usb/usb_driver/no_os_gadget.o
                0x00002564                dwc_usb3_gadget_init
 .text.dwc_usb3_gadget_remove
                0x00002604        0x4 ./drivers/zoro/usb/usb_driver/no_os_gadget.o
                0x00002604                dwc_usb3_gadget_remove
 .text.dwc_usb3_handle_pme_intr
                0x00002608       0x18 ./drivers/zoro/usb/usb_driver/no_os_hiber.o
                0x00002608                dwc_usb3_handle_pme_intr
 .text.dwc_usb3_power_ctl
                0x00002620        0x4 ./drivers/zoro/usb/usb_driver/no_os_hiber.o
                0x00002620                dwc_usb3_power_ctl
 .text.haps_phy_config_hook
                0x00002624       0x8c ./drivers/zoro/usb/usb_driver/no_os_init.o
 .text.dwc_usb3_common_irq
                0x000026b0       0x18 ./drivers/zoro/usb/usb_driver/no_os_init.o
                0x000026b0                dwc_usb3_common_irq
 .text.usb3ss_common_irq
                0x000026c8       0x24 ./drivers/zoro/usb/usb_driver/no_os_init.o
 .text.dwc_usb3_common_wakeup
                0x000026ec       0x14 ./drivers/zoro/usb/usb_driver/no_os_init.o
                0x000026ec                dwc_usb3_common_wakeup
 .text.dwc_usb3_driver_remove
                0x00002700      0x13c ./drivers/zoro/usb/usb_driver/no_os_init.o
                0x00002700                dwc_usb3_driver_remove
 .text.dwc_usb3_driver_init
                0x0000283c      0x204 ./drivers/zoro/usb/usb_driver/no_os_init.o
                0x0000283c                dwc_usb3_driver_init
 .text.nu3000_usb_irq_register
                0x00002a40       0x14 ./drivers/zoro/usb/usb_driver/no_os_init.o
                0x00002a40                nu3000_usb_irq_register
 .text._handshake
                0x00002a54       0x30 ./drivers/zoro/usb/usb_ll/cil.o
 .text.dwc_usb3_fill_desc
                0x00002a84       0x48 ./drivers/zoro/usb/usb_ll/cil.o
                0x00002a84                dwc_usb3_fill_desc
 .text.dwc_usb3_enable_desc
                0x00002acc       0x10 ./drivers/zoro/usb/usb_ll/cil.o
                0x00002acc                dwc_usb3_enable_desc
 .text.dwc_usb3_xmit_fn_remote_wake
                0x00002adc       0x60 ./drivers/zoro/usb/usb_ll/cil.o
                0x00002adc                dwc_usb3_xmit_fn_remote_wake
 .text.dwc_usb3_set_scratchpad_buf_array
                0x00002b3c       0x38 ./drivers/zoro/usb/usb_ll/cil.o
                0x00002b3c                dwc_usb3_set_scratchpad_buf_array
 .text.dwc_usb3_dep_cfg
                0x00002b74       0x34 ./drivers/zoro/usb/usb_ll/cil.o
                0x00002b74                dwc_usb3_dep_cfg
 .text.dwc_usb3_dep_xfercfg
                0x00002ba8       0x28 ./drivers/zoro/usb/usb_ll/cil.o
                0x00002ba8                dwc_usb3_dep_xfercfg
 .text.dwc_usb3_dep_sstall
                0x00002bd0       0x24 ./drivers/zoro/usb/usb_ll/cil.o
                0x00002bd0                dwc_usb3_dep_sstall
 .text.dwc_usb3_dep_cstall
                0x00002bf4       0x24 ./drivers/zoro/usb/usb_ll/cil.o
                0x00002bf4                dwc_usb3_dep_cstall
 .text.dwc_usb3_dep_startxfer
                0x00002c18       0x40 ./drivers/zoro/usb/usb_ll/cil.o
                0x00002c18                dwc_usb3_dep_startxfer
 .text.dwc_usb3_dep_updatexfer
                0x00002c58       0x2c ./drivers/zoro/usb/usb_ll/cil.o
                0x00002c58                dwc_usb3_dep_updatexfer
 .text.dwc_usb3_dep_endxfer
                0x00002c84       0x34 ./drivers/zoro/usb/usb_ll/cil.o
                0x00002c84                dwc_usb3_dep_endxfer
 .text.dwc_usb3_dep_startnewcfg
                0x00002cb8       0x2c ./drivers/zoro/usb/usb_ll/cil.o
                0x00002cb8                dwc_usb3_dep_startnewcfg
 .text.dwc_usb3_enable_ep
                0x00002ce4       0x3c ./drivers/zoro/usb/usb_ll/cil.o
                0x00002ce4                dwc_usb3_enable_ep
 .text.dwc_usb3_disable_ep
                0x00002d20       0x3c ./drivers/zoro/usb/usb_ll/cil.o
                0x00002d20                dwc_usb3_disable_ep
 .text.dwc_usb3_get_device_speed
                0x00002d5c       0x54 ./drivers/zoro/usb/usb_ll/cil.o
                0x00002d5c                dwc_usb3_get_device_speed
 .text.dwc_usb3_get_frame
                0x00002db0       0x10 ./drivers/zoro/usb/usb_ll/cil.o
                0x00002db0                dwc_usb3_get_frame
 .text.dwc_usb3_pcd_get_link_state
                0x00002dc0       0x10 ./drivers/zoro/usb/usb_ll/cil.o
                0x00002dc0                dwc_usb3_pcd_get_link_state
 .text.dwc_usb3_pcd_set_link_state
                0x00002dd0       0x28 ./drivers/zoro/usb/usb_ll/cil.o
                0x00002dd0                dwc_usb3_pcd_set_link_state
 .text.dwc_usb3_pcd_remote_wake
                0x00002df8       0x18 ./drivers/zoro/usb/usb_ll/cil.o
                0x00002df8                dwc_usb3_pcd_remote_wake
 .text.dwc_usb3_set_address
                0x00002e10       0x18 ./drivers/zoro/usb/usb_ll/cil.o
                0x00002e10                dwc_usb3_set_address
 .text.dwc_usb3_ena_usb2_phy_suspend
                0x00002e28       0x58 ./drivers/zoro/usb/usb_ll/cil.o
                0x00002e28                dwc_usb3_ena_usb2_phy_suspend
 .text.dwc_usb3_dis_usb2_phy_suspend
                0x00002e80       0x18 ./drivers/zoro/usb/usb_ll/cil.o
                0x00002e80                dwc_usb3_dis_usb2_phy_suspend
 .text.dwc_usb3_ena_usb3_phy_suspend
                0x00002e98       0x18 ./drivers/zoro/usb/usb_ll/cil.o
                0x00002e98                dwc_usb3_ena_usb3_phy_suspend
 .text.dwc_usb3_dis_usb3_phy_suspend
                0x00002eb0       0x18 ./drivers/zoro/usb/usb_ll/cil.o
                0x00002eb0                dwc_usb3_dis_usb3_phy_suspend
 .text.dwc_usb3_accept_u1
                0x00002ec8       0x14 ./drivers/zoro/usb/usb_ll/cil.o
                0x00002ec8                dwc_usb3_accept_u1
 .text.dwc_usb3_accept_u2
                0x00002edc       0x14 ./drivers/zoro/usb/usb_ll/cil.o
                0x00002edc                dwc_usb3_accept_u2
 .text.dwc_usb3_enable_u1
                0x00002ef0       0x14 ./drivers/zoro/usb/usb_ll/cil.o
                0x00002ef0                dwc_usb3_enable_u1
 .text.dwc_usb3_enable_u2
                0x00002f04       0x14 ./drivers/zoro/usb/usb_ll/cil.o
                0x00002f04                dwc_usb3_enable_u2
 .text.dwc_usb3_disable_u1
                0x00002f18       0x14 ./drivers/zoro/usb/usb_ll/cil.o
                0x00002f18                dwc_usb3_disable_u1
 .text.dwc_usb3_disable_u2
                0x00002f2c       0x14 ./drivers/zoro/usb/usb_ll/cil.o
                0x00002f2c                dwc_usb3_disable_u2
 .text.dwc_usb3_u1_enabled
                0x00002f40       0x10 ./drivers/zoro/usb/usb_ll/cil.o
                0x00002f40                dwc_usb3_u1_enabled
 .text.dwc_usb3_u2_enabled
                0x00002f50       0x10 ./drivers/zoro/usb/usb_ll/cil.o
                0x00002f50                dwc_usb3_u2_enabled
 .text.dwc_usb3_clr_eps_enabled
                0x00002f60       0x80 ./drivers/zoro/usb/usb_ll/cil.o
                0x00002f60                dwc_usb3_clr_eps_enabled
 .text.dwc_usb3_pcd_common_init
                0x00002fe0       0xb0 ./drivers/zoro/usb/usb_ll/cil.o
                0x00002fe0                dwc_usb3_pcd_common_init
 .text.dwc_usb3_pcd_common_remove
                0x00003090        0x4 ./drivers/zoro/usb/usb_ll/cil.o
                0x00003090                dwc_usb3_pcd_common_remove
 .text.dwc_usb3_pcd_check_snpsid
                0x00003094       0x30 ./drivers/zoro/usb/usb_ll/cil.o
                0x00003094                dwc_usb3_pcd_check_snpsid
 .text.dwc_usb3_set_tx_fifo_size
                0x000030c4       0xf8 ./drivers/zoro/usb/usb_ll/cil.o
                0x000030c4                dwc_usb3_set_tx_fifo_size
 .text.dwc_usb3_set_rx_fifo_size
                0x000031bc       0x64 ./drivers/zoro/usb/usb_ll/cil.o
                0x000031bc                dwc_usb3_set_rx_fifo_size
 .text.dwc_usb3_pcd_device_init
                0x00003220      0x430 ./drivers/zoro/usb/usb_ll/cil.o
                0x00003220                dwc_usb3_pcd_device_init
 .text.dwc_usb3_pcd_device_remove
                0x00003650       0x8c ./drivers/zoro/usb/usb_ll/cil.o
                0x00003650                dwc_usb3_pcd_device_remove
 .text.dis_eventbuf_intr
                0x000036dc       0x18 ./drivers/zoro/usb/usb_ll/cil_intr.o
 .text.update_eventbuf_count
                0x000036f4       0x10 ./drivers/zoro/usb/usb_ll/cil_intr.o
 .text.dwc_usb3_dis_flush_eventbuf_intr
                0x00003704       0x34 ./drivers/zoro/usb/usb_ll/cil_intr.o
                0x00003704                dwc_usb3_dis_flush_eventbuf_intr
 .text.dwc_usb3_init_eventbuf
                0x00003738       0x4c ./drivers/zoro/usb/usb_ll/cil_intr.o
                0x00003738                dwc_usb3_init_eventbuf
 .text.dwc_usb3_enable_common_interrupts
                0x00003784       0x24 ./drivers/zoro/usb/usb_ll/cil_intr.o
                0x00003784                dwc_usb3_enable_common_interrupts
 .text.dwc_usb3_enable_device_interrupts
                0x000037a8       0x30 ./drivers/zoro/usb/usb_ll/cil_intr.o
                0x000037a8                dwc_usb3_enable_device_interrupts
 .text.dwc_usb3_handle_event
                0x000037d8      0x130 ./drivers/zoro/usb/usb_ll/cil_intr.o
                0x000037d8                dwc_usb3_handle_event
 .text.dwc_usb3_irq
                0x00003908       0xf0 ./drivers/zoro/usb/usb_ll/cil_intr.o
                0x00003908                dwc_usb3_irq
 .text.ep0_do_stall
                0x000039f8       0x40 ./drivers/zoro/usb/usb_ll/ep0.o
 .text.ep0_continue_transfer
                0x00003a38       0x80 ./drivers/zoro/usb/usb_ll/ep0.o
 .text.ep0_complete_request
                0x00003ab8      0x114 ./drivers/zoro/usb/usb_ll/ep0.o
 .text.dwc_usb3_pcd_ep0_data_stage
                0x00003bcc       0x58 ./drivers/zoro/usb/usb_ll/ep0.o
                0x00003bcc                dwc_usb3_pcd_ep0_data_stage
 .text.dwc_usb3_do_setup
                0x00003c24      0xb18 ./drivers/zoro/usb/usb_ll/ep0.o
                0x00003c24                dwc_usb3_do_setup
 .text.dwc_usb3_handle_ep0
                0x0000473c      0x2d8 ./drivers/zoro/usb/usb_ll/ep0.o
                0x0000473c                dwc_usb3_handle_ep0
 .text.dwc_usb3_handle_ep0_xfer
                0x00004a14       0x4c ./drivers/zoro/usb/usb_ll/ep0.o
                0x00004a14                dwc_usb3_handle_ep0_xfer
 .text.handle_disconnect_intr
                0x00004a60       0x94 ./drivers/zoro/usb/usb_ll/pcd_intr.o
 .text.dwc_usb3_handle_connect_done_intr
                0x00004af4      0x12c ./drivers/zoro/usb/usb_ll/pcd_intr.o
                0x00004af4                dwc_usb3_handle_connect_done_intr
 .text.dwc_usb3_handle_ep_intr
                0x00004c20      0x1b8 ./drivers/zoro/usb/usb_ll/pcd_intr.o
                0x00004c20                dwc_usb3_handle_ep_intr
 .text.dwc_usb3_handle_dev_resume
                0x00004dd8       0x24 ./drivers/zoro/usb/usb_ll/pcd_intr.o
                0x00004dd8                dwc_usb3_handle_dev_resume
 .text.dwc_usb3_handle_dev_intr
                0x00004dfc      0x32c ./drivers/zoro/usb/usb_ll/pcd_intr.o
                0x00004dfc                dwc_usb3_handle_dev_intr
 .text.dwc_usb3_stop_xfer
                0x00005128       0x9c ./drivers/zoro/usb/usb_ll/pcd.o
 .text.dwc_usb3_pcd_trb_alloc
                0x000051c4      0x110 ./drivers/zoro/usb/usb_ll/pcd.o
                0x000051c4                dwc_usb3_pcd_trb_alloc
 .text.dwc_usb3_pcd_trb_free
                0x000052d4       0x2c ./drivers/zoro/usb/usb_ll/pcd.o
                0x000052d4                dwc_usb3_pcd_trb_free
 .text.dwc_usb3_pcd_fill_trbs
                0x00005300      0x1ec ./drivers/zoro/usb/usb_ll/pcd.o
                0x00005300                dwc_usb3_pcd_fill_trbs
 .text.dwc_usb3_ep0_activate
                0x000054ec       0xe4 ./drivers/zoro/usb/usb_ll/pcd.o
                0x000054ec                dwc_usb3_ep0_activate
 .text.dwc_usb3_ep_activate
                0x000055d0      0x268 ./drivers/zoro/usb/usb_ll/pcd.o
                0x000055d0                dwc_usb3_ep_activate
 .text.dwc_usb3_pcd_ep0_out_start
                0x00005838       0x74 ./drivers/zoro/usb/usb_ll/pcd.o
                0x00005838                dwc_usb3_pcd_ep0_out_start
 .text.dwc_usb3_pcd_ep0_start_transfer
                0x000058ac      0x150 ./drivers/zoro/usb/usb_ll/pcd.o
                0x000058ac                dwc_usb3_pcd_ep0_start_transfer
 .text.dwc_usb3_pcd_ep_start_transfer
                0x000059fc      0x1e4 ./drivers/zoro/usb/usb_ll/pcd.o
                0x000059fc                dwc_usb3_pcd_ep_start_transfer
 .text.dwc_usb3_pcd_isoc_ep_hiber_restart
                0x00005be0       0x6c ./drivers/zoro/usb/usb_ll/pcd.o
                0x00005be0                dwc_usb3_pcd_isoc_ep_hiber_restart
 .text.dwc_usb3_stop_all_xfers
                0x00005c4c       0xa0 ./drivers/zoro/usb/usb_ll/pcd.o
                0x00005c4c                dwc_usb3_stop_all_xfers
 .text.dwc_usb3_pcd_ep_set_stall
                0x00005cec       0x34 ./drivers/zoro/usb/usb_ll/pcd.o
                0x00005cec                dwc_usb3_pcd_ep_set_stall
 .text.dwc_usb3_pcd_ep_clear_stall
                0x00005d20       0x34 ./drivers/zoro/usb/usb_ll/pcd.o
                0x00005d20                dwc_usb3_pcd_ep_clear_stall
 .text.dwc_usb3_get_out_ep
                0x00005d54       0x14 ./drivers/zoro/usb/usb_ll/pcd.o
                0x00005d54                dwc_usb3_get_out_ep
 .text.dwc_usb3_get_in_ep
                0x00005d68       0x14 ./drivers/zoro/usb/usb_ll/pcd.o
                0x00005d68                dwc_usb3_get_in_ep
 .text.dwc_usb3_pcd_get_ep_by_addr
                0x00005d7c       0x28 ./drivers/zoro/usb/usb_ll/pcd.o
                0x00005d7c                dwc_usb3_pcd_get_ep_by_addr
 .text.dwc_usb3_pcd_ep_enable
                0x00005da4      0x158 ./drivers/zoro/usb/usb_ll/pcd.o
                0x00005da4                dwc_usb3_pcd_ep_enable
 .text.dwc_usb3_pcd_ep_disable
                0x00005efc       0xd4 ./drivers/zoro/usb/usb_ll/pcd.o
                0x00005efc                dwc_usb3_pcd_ep_disable
 .text.dwc_usb3_pcd_ep_submit_req
                0x00005fd0      0x100 ./drivers/zoro/usb/usb_ll/pcd.o
                0x00005fd0                dwc_usb3_pcd_ep_submit_req
 .text.dwc_usb3_pcd_request_done
                0x000060d0       0x70 ./drivers/zoro/usb/usb_ll/pcd.o
                0x000060d0                dwc_usb3_pcd_request_done
 .text.dwc_usb3_ep_complete_request
                0x00006140      0x264 ./drivers/zoro/usb/usb_ll/pcd.o
                0x00006140                dwc_usb3_ep_complete_request
 .text.dwc_usb3_complete_request
                0x000063a4       0x88 ./drivers/zoro/usb/usb_ll/pcd.o
                0x000063a4                dwc_usb3_complete_request
 .text.dwc_usb3_pcd_stop
                0x0000642c       0xcc ./drivers/zoro/usb/usb_ll/pcd.o
                0x0000642c                dwc_usb3_pcd_stop
 .text.dwc_usb3_pcd_init
                0x000064f8      0x1e0 ./drivers/zoro/usb/usb_ll/pcd.o
                0x000064f8                dwc_usb3_pcd_init
 .text.dwc_usb3_pcd_remove
                0x000066d8        0xc ./drivers/zoro/usb/usb_ll/pcd.o
                0x000066d8                dwc_usb3_pcd_remove
 .text.dwc_reenable_xfer_and_restart
                0x000066e4      0x164 ./drivers/zoro/usb/usb_ll/pcd_hiber.o
 .text.dwc_exit_hibernation_after_connect
                0x00006848      0x1fc ./drivers/zoro/usb/usb_ll/pcd_hiber.o
                0x00006848                dwc_exit_hibernation_after_connect
 .text.dwc_exit_hibernation
                0x00006a44      0x1a0 ./drivers/zoro/usb/usb_ll/pcd_hiber.o
                0x00006a44                dwc_exit_hibernation
 .text.storage_flash_init
                0x00006be4        0xc ./drivers/inuitive/storage/src/storage.o
                0x00006be4                storage_flash_init
 .text.storage_flash_boot_check
                0x00006bf0       0x34 ./drivers/inuitive/storage/src/storage.o
                0x00006bf0                storage_flash_boot_check
 .text.storage_boot
                0x00006c24       0x24 ./drivers/inuitive/storage/src/storage.o
                0x00006c24                storage_boot
 .text.GMEG_resetPowerState
                0x00006c48       0x24 ./drivers/inuitive/gme/gme.o
                0x00006c48                GMEG_resetPowerState
 .text.GMEG_configSysPll
                0x00006c6c       0xec ./drivers/inuitive/gme/gme.o
                0x00006c6c                GMEG_configSysPll
 .text.GMEG_lockSysPll
                0x00006d58       0x18 ./drivers/inuitive/gme/gme.o
                0x00006d58                GMEG_lockSysPll
 .text.GMEG_configCpuPll
                0x00006d70       0xec ./drivers/inuitive/gme/gme.o
                0x00006d70                GMEG_configCpuPll
 .text.GMEG_lockCpuPll
                0x00006e5c       0x18 ./drivers/inuitive/gme/gme.o
                0x00006e5c                GMEG_lockCpuPll
 .text.GMEG_configDspPll
                0x00006e74       0xec ./drivers/inuitive/gme/gme.o
                0x00006e74                GMEG_configDspPll
 .text.GMEG_lockDspPll
                0x00006f60       0x18 ./drivers/inuitive/gme/gme.o
                0x00006f60                GMEG_lockDspPll
 .text.GMEG_configPllLockCnt
                0x00006f78       0x4c ./drivers/inuitive/gme/gme.o
                0x00006f78                GMEG_configPllLockCnt
 .text.GMEG_isSysPllEnabled
                0x00006fc4       0x14 ./drivers/inuitive/gme/gme.o
                0x00006fc4                GMEG_isSysPllEnabled
 .text.GMEG_isCpuPllEnabled
                0x00006fd8       0x14 ./drivers/inuitive/gme/gme.o
                0x00006fd8                GMEG_isCpuPllEnabled
 .text.GMEG_isDspPllEnabled
                0x00006fec       0x14 ./drivers/inuitive/gme/gme.o
                0x00006fec                GMEG_isDspPllEnabled
 .text.GMEG_setGppClockSrc
                0x00007000       0x20 ./drivers/inuitive/gme/gme.o
                0x00007000                GMEG_setGppClockSrc
 .text.GMEG_setGppClockDiv
                0x00007020       0x20 ./drivers/inuitive/gme/gme.o
                0x00007020                GMEG_setGppClockDiv
 .text.GMEG_setSysClockSrc
                0x00007040       0x20 ./drivers/inuitive/gme/gme.o
                0x00007040                GMEG_setSysClockSrc
 .text.GMEG_setSysClockDiv
                0x00007060       0x20 ./drivers/inuitive/gme/gme.o
                0x00007060                GMEG_setSysClockDiv
 .text.GMEG_setLramClockSrc
                0x00007080       0x20 ./drivers/inuitive/gme/gme.o
                0x00007080                GMEG_setLramClockSrc
 .text.GMEG_setUsbClockDiv
                0x000070a0       0x20 ./drivers/inuitive/gme/gme.o
                0x000070a0                GMEG_setUsbClockDiv
 .text.GMEG_setUartClockDiv
                0x000070c0       0x50 ./drivers/inuitive/gme/gme.o
                0x000070c0                GMEG_setUartClockDiv
 .text.GMEG_setUartClockSrc
                0x00007110       0x50 ./drivers/inuitive/gme/gme.o
                0x00007110                GMEG_setUartClockSrc
 .text.GMEG_setFcuClockDiv
                0x00007160       0x24 ./drivers/inuitive/gme/gme.o
                0x00007160                GMEG_setFcuClockDiv
 .text.GMEG_changeUnitFreq
                0x00007184       0xbc ./drivers/inuitive/gme/gme.o
                0x00007184                GMEG_changeUnitFreq
 .text.GMEG_disableClk
                0x00007240      0x1cc ./drivers/inuitive/gme/gme.o
                0x00007240                GMEG_disableClk
 .text.GMEP_setPowerSuspend
                0x0000740c       0x5c ./drivers/inuitive/gme/gme.o
                0x0000740c                GMEP_setPowerSuspend
 .text.GMEG_setSuspendMode
                0x00007468       0x3c ./drivers/inuitive/gme/gme.o
                0x00007468                GMEG_setSuspendMode
 .text.GMEG_enableClk
                0x000074a4      0x200 ./drivers/inuitive/gme/gme.o
                0x000074a4                GMEG_enableClk
 .text.GMEG_setResumeAddr
                0x000076a4       0x10 ./drivers/inuitive/gme/gme.o
                0x000076a4                GMEG_setResumeAddr
 .text.GMEG_getBootMode
                0x000076b4       0x14 ./drivers/inuitive/gme/gme.o
                0x000076b4                GMEG_getBootMode
 .text.GMEG_isUartDebug
                0x000076c8       0x1c ./drivers/inuitive/gme/gme.o
                0x000076c8                GMEG_isUartDebug
 .text.GMEG_isTypecInvert
                0x000076e4       0x14 ./drivers/inuitive/gme/gme.o
                0x000076e4                GMEG_isTypecInvert
 .text.GMEG_isTestMode
                0x000076f8       0x14 ./drivers/inuitive/gme/gme.o
                0x000076f8                GMEG_isTestMode
 .text.GMEG_setUartMux
                0x0000770c        0x4 ./drivers/inuitive/gme/gme.o
                0x0000770c                GMEG_setUartMux
 .text.GMEG_readReg
                0x00007710       0x10 ./drivers/inuitive/gme/gme.o
                0x00007710                GMEG_readReg
 .text.GMEG_writeSaveAndRestoreReg
                0x00007720       0x18 ./drivers/inuitive/gme/gme.o
                0x00007720                GMEG_writeSaveAndRestoreReg
 .text.GMEG_disableSuspendTimer
                0x00007738       0x18 ./drivers/inuitive/gme/gme.o
                0x00007738                GMEG_disableSuspendTimer
 .text.GMEG_phyBridgeWaitForAckFall
                0x00007750       0x18 ./drivers/inuitive/gme/gme.o
                0x00007750                GMEG_phyBridgeWaitForAckFall
 .text.GMEG_phyBridgeWaitForAckRise
                0x00007768       0x18 ./drivers/inuitive/gme/gme.o
                0x00007768                GMEG_phyBridgeWaitForAckRise
 .text.GMEG_phyBridgeCapAddr
                0x00007780       0x44 ./drivers/inuitive/gme/gme.o
                0x00007780                GMEG_phyBridgeCapAddr
 .text.GMEG_setUsbPhyReg
                0x000077c4       0x78 ./drivers/inuitive/gme/gme.o
                0x000077c4                GMEG_setUsbPhyReg
 .text.GMEG_initUsbPhyParam
                0x0000783c       0x24 ./drivers/inuitive/gme/gme.o
                0x0000783c                GMEG_initUsbPhyParam
 .text.SPI_DRVG_open
                0x00007860      0x130 ./drivers/inuitive/flash/ispi.o
                0x00007860                SPI_DRVG_open
 .text.SPI_DRVG_spiTransaction
                0x00007990      0x208 ./drivers/inuitive/flash/ispi.o
                0x00007990                SPI_DRVG_spiTransaction
 .text.SPI_FLASHG_Read
                0x00007b98       0x68 ./drivers/inuitive/flash/spi_flash.o
                0x00007b98                SPI_FLASHG_Read
 .text.SPI_FLASHG_init
                0x00007c00        0xc ./drivers/inuitive/flash/spi_flash.o
                0x00007c00                SPI_FLASHG_init
 .text.flash_is_valid
                0x00007c0c       0x1c ./drivers/inuitive/flash/flash_boot.o
                0x00007c0c                flash_is_valid
 .text.flash_is_bootable
                0x00007c28       0x34 ./drivers/inuitive/flash/flash_boot.o
                0x00007c28                flash_is_bootable
 .text.flash_init
                0x00007c5c       0xa0 ./drivers/inuitive/flash/flash_boot.o
                0x00007c5c                flash_init
 .text.flash_boot
                0x00007cfc       0xf4 ./drivers/inuitive/flash/flash_boot.o
                0x00007cfc                flash_boot
 .text.ICTLP_setPriorityLevel
                0x00007df0       0x18 ./drivers/inuitive/ictl/ictl.o
 .text.ICTLP_setPrioLevelVector
                0x00007e08       0x18 ./drivers/inuitive/ictl/ictl.o
 .text.ICTLP_prNIsr
                0x00007e20       0xc0 ./drivers/inuitive/ictl/ictl.o
 .text.ICTLP_prDbgIsr
                0x00007ee0        0x4 ./drivers/inuitive/ictl/ictl.o
 .text.ICTLP_spuriousIsr
                0x00007ee4       0x18 ./drivers/inuitive/ictl/ictl.o
 .text.ICTLP_pr2Isr
                0x00007efc       0x20 ./drivers/inuitive/ictl/ictl.o
 .text.ICTLP_pr1Isr
                0x00007f1c       0x20 ./drivers/inuitive/ictl/ictl.o
 .text.ICTLP_pr0Isr
                0x00007f3c       0x20 ./drivers/inuitive/ictl/ictl.o
 .text.ICTLG_init
                0x00007f5c      0x120 ./drivers/inuitive/ictl/ictl.o
                0x00007f5c                ICTLG_init
 .text.ICTLG_registerIsr
                0x0000807c       0xf4 ./drivers/inuitive/ictl/ictl.o
                0x0000807c                ICTLG_registerIsr
 .text.ICTLG_deRegisterIsr
                0x00008170       0xb4 ./drivers/inuitive/ictl/ictl.o
                0x00008170                ICTLG_deRegisterIsr
 .text.ICTLG_unMaskInt
                0x00008224       0x40 ./drivers/inuitive/ictl/ictl.o
                0x00008224                ICTLG_unMaskInt
 .text.ICTLG_irqHandler
                0x00008264       0x28 ./drivers/inuitive/ictl/ictl.o
                0x00008264                ICTLG_irqHandler
 .text.APB_TIMERP_read
                0x0000828c       0x18 ./drivers/inuitive/timer/apb_timer.o
 .text.APB_TIMERP_write
                0x000082a4       0x18 ./drivers/inuitive/timer/apb_timer.o
 .text.APB_TIMERG_start
                0x000082bc       0x1c ./drivers/inuitive/timer/apb_timer.o
                0x000082bc                APB_TIMERG_start
 .text.APB_TIMERG_isStarted
                0x000082d8       0x14 ./drivers/inuitive/timer/apb_timer.o
                0x000082d8                APB_TIMERG_isStarted
 .text.APB_TIMERG_read
                0x000082ec       0x10 ./drivers/inuitive/timer/apb_timer.o
                0x000082ec                APB_TIMERG_read
 .text.APB_TIMERG_setLoadCnt
                0x000082fc       0x10 ./drivers/inuitive/timer/apb_timer.o
                0x000082fc                APB_TIMERG_setLoadCnt
 .text.APB_TIMERG_init
                0x0000830c       0x44 ./drivers/inuitive/timer/apb_timer.o
                0x0000830c                APB_TIMERG_init
 .text.APB_TIMERG_getLoadCnt
                0x00008350       0x10 ./drivers/inuitive/timer/apb_timer.o
                0x00008350                APB_TIMERG_getLoadCnt
 .text.APB_TIMERG_wdtDisable
                0x00008360       0x14 ./drivers/inuitive/timer/apb_timer.o
                0x00008360                APB_TIMERG_wdtDisable
 .text.uart_init_device
                0x00008374       0xc4 ./drivers/synopsis/uart/DW_apb_uart/DW_apb_uart_drv.o
 .text.uart_boot_init
                0x00008438       0xd0 ./drivers/synopsis/uart/DW_apb_uart/DW_apb_uart_drv.o
                0x00008438                uart_boot_init
 .text.uart_debug_init
                0x00008508       0xd4 ./drivers/synopsis/uart/DW_apb_uart/DW_apb_uart_drv.o
                0x00008508                uart_debug_init
 .text.uart_write
                0x000085dc       0x1c ./drivers/synopsis/uart/DW_apb_uart/DW_apb_uart_drv.o
                0x000085dc                uart_write
 .text.uart_read
                0x000085f8       0x44 ./drivers/synopsis/uart/DW_apb_uart/DW_apb_uart_drv.o
                0x000085f8                uart_read
 .text.uart_is_ready
                0x0000863c       0x10 ./drivers/synopsis/uart/DW_apb_uart/DW_apb_uart_drv.o
                0x0000863c                uart_is_ready
 .text.dw_uart_isBusy
                0x0000864c       0x24 ./drivers/synopsis/uart/DW_apb_uart/DW_apb_uart.o
                0x0000864c                dw_uart_isBusy
 .text.dw_uart_resetTxFifo
                0x00008670       0x30 ./drivers/synopsis/uart/DW_apb_uart/DW_apb_uart.o
                0x00008670                dw_uart_resetTxFifo
 .text.dw_uart_resetRxFifo
                0x000086a0       0x30 ./drivers/synopsis/uart/DW_apb_uart/DW_apb_uart.o
                0x000086a0                dw_uart_resetRxFifo
 .text.dw_uart_setClockDivisor
                0x000086d0       0x50 ./drivers/synopsis/uart/DW_apb_uart/DW_apb_uart.o
                0x000086d0                dw_uart_setClockDivisor
 .text.dw_uart_setLineControl
                0x00008720       0x44 ./drivers/synopsis/uart/DW_apb_uart/DW_apb_uart.o
                0x00008720                dw_uart_setLineControl
 .text.dw_uart_enableFifos
                0x00008764       0x50 ./drivers/synopsis/uart/DW_apb_uart/DW_apb_uart.o
                0x00008764                dw_uart_enableFifos
 .text.dw_uart_areFifosEnabled
                0x000087b4       0x38 ./drivers/synopsis/uart/DW_apb_uart/DW_apb_uart.o
                0x000087b4                dw_uart_areFifosEnabled
 .text.dw_uart_disablePtime
                0x000087ec       0x40 ./drivers/synopsis/uart/DW_apb_uart/DW_apb_uart.o
                0x000087ec                dw_uart_disablePtime
 .text.dw_uart_enableLoopback
                0x0000882c       0x18 ./drivers/synopsis/uart/DW_apb_uart/DW_apb_uart.o
                0x0000882c                dw_uart_enableLoopback
 .text.dw_uart_disableLoopback
                0x00008844       0x18 ./drivers/synopsis/uart/DW_apb_uart/DW_apb_uart.o
                0x00008844                dw_uart_disableLoopback
 .text.dw_uart_disableIrq
                0x0000885c       0x20 ./drivers/synopsis/uart/DW_apb_uart/DW_apb_uart.o
                0x0000885c                dw_uart_disableIrq
 .text.dw_uart_getTxTrigger
                0x0000887c       0x28 ./drivers/synopsis/uart/DW_apb_uart/DW_apb_uart.o
                0x0000887c                dw_uart_getTxTrigger
 .text.dw_uart_resetInstance
                0x000088a4       0x84 ./drivers/synopsis/uart/DW_apb_uart/DW_apb_uart.o
                0x000088a4                dw_uart_resetInstance
 .text.dw_uart_autoCompParams
                0x00008928       0x98 ./drivers/synopsis/uart/DW_apb_uart/DW_apb_uart.o
                0x00008928                dw_uart_autoCompParams
 .text.dw_uart_init
                0x000089c0       0x34 ./drivers/synopsis/uart/DW_apb_uart/DW_apb_uart.o
                0x000089c0                dw_uart_init
 .text.cp_delay
                0x000089f4       0x3c ./lib/arm/cache-cp15.o
 .text.cache_disable
                0x00008a30       0x4c ./lib/arm/cache-cp15.o
 .text.set_section_dcache
                0x00008a7c       0x1c ./lib/arm/cache-cp15.o
                0x00008a7c                set_section_dcache
 .text.bank_mmu_setup
                0x00008a98       0x14 ./lib/arm/cache-cp15.o
                0x00008a98                bank_mmu_setup
 .text.cache_enable
                0x00008aac       0x88 ./lib/arm/cache-cp15.o
 .text.icache_enable
                0x00008b34       0x10 ./lib/arm/cache-cp15.o
                0x00008b34                icache_enable
 .text.icache_disable
                0x00008b44       0x10 ./lib/arm/cache-cp15.o
                0x00008b44                icache_disable
 .text.dcache_enable
                0x00008b54       0x10 ./lib/arm/cache-cp15.o
                0x00008b54                dcache_enable
 .text.dcache_disable
                0x00008b64       0x10 ./lib/arm/cache-cp15.o
                0x00008b64                dcache_disable
 .text.interrupt_init
                0x00008b74       0x10 ./lib/arm/interrupts.o
                0x00008b74                interrupt_init
 .text.enable_interrupts
                0x00008b84       0x10 ./lib/arm/interrupts.o
                0x00008b84                enable_interrupts
 .text.disable_interrupts
                0x00008b94       0x1c ./lib/arm/interrupts.o
                0x00008b94                disable_interrupts
 .text.bad_mode
                0x00008bb0        0x4 ./lib/arm/interrupts.o
                0x00008bb0                bad_mode
 .text.show_regs
                0x00008bb4      0x150 ./lib/arm/interrupts.o
                0x00008bb4                show_regs
 .text.do_undefined_instruction
                0x00008d04       0x20 ./lib/arm/interrupts.o
                0x00008d04                do_undefined_instruction
 .text.do_software_interrupt
                0x00008d24       0x20 ./lib/arm/interrupts.o
                0x00008d24                do_software_interrupt
 .text.do_prefetch_abort
                0x00008d44       0x20 ./lib/arm/interrupts.o
                0x00008d44                do_prefetch_abort
 .text.do_data_abort
                0x00008d64       0x20 ./lib/arm/interrupts.o
                0x00008d64                do_data_abort
 .text.do_not_used
                0x00008d84       0x20 ./lib/arm/interrupts.o
                0x00008d84                do_not_used
 .text.do_fiq   0x00008da4       0x20 ./lib/arm/interrupts.o
                0x00008da4                do_fiq
 .text.do_irq   0x00008dc4        0xc ./lib/arm/interrupts.o
                0x00008dc4                do_irq
 .text.irq_register
                0x00008dd0       0x14 ./lib/arm/interrupts.o
                0x00008dd0                irq_register
 .text.irq_clear
                0x00008de4        0x4 ./lib/arm/interrupts.o
                0x00008de4                irq_clear
 .text.irq_unmask
                0x00008de8       0x10 ./lib/arm/interrupts.o
                0x00008de8                irq_unmask
 .text.irq_deregister
                0x00008df8       0x10 ./lib/arm/interrupts.o
                0x00008df8                irq_deregister
 .text.get_ccsidr
                0x00008e08        0x8 ./lib/arm/cache_v7.o
 .text.v7_maint_dcache_all
                0x00008e10       0xec ./lib/arm/cache_v7.o
 .text.flush_dcache_all
                0x00008efc       0x14 ./lib/arm/cache_v7.o
                0x00008efc                flush_dcache_all
 .text.invalidate_icache_all
                0x00008f10       0x18 ./lib/arm/cache_v7.o
                0x00008f10                invalidate_icache_all
 .text.__v7_outer_cache_flush_all
                0x00008f28        0x4 ./lib/arm/cache_v7.o
                0x00008f28                __v7_outer_cache_flush_all
                0x00008f28                v7_outer_cache_flush_all
 .text.memcmp   0x00008f2c       0xb8 ./lib/sys/memcmp.o
                0x00008f2c                memcmp
 .text.memcpy   0x00008fe4       0xf8 ./lib/sys/memcpy.o
                0x00008fe4                memcpy
 .text.memset   0x000090dc       0xc8 ./lib/sys/memset.o
                0x000090dc                memset
 .text.debug_init
                0x000091a4       0x30 ./lib/debug/debug.o
                0x000091a4                debug_init
 .text.debug_writeb
                0x000091d4       0x10 ./lib/debug/debug.o
                0x000091d4                debug_writeb
 .text.fill_int
                0x000091e4      0x22c ./lib/debug/debug.o
 .text.fill_hex_int
                0x00009410      0x11c ./lib/debug/debug.o
 .text.debug_printf
                0x0000952c      0x218 ./lib/debug/debug.o
                0x0000952c                debug_printf
 .text.end_of_test_vcs
                0x00009744       0x28 ./lib/debug/sim.o
                0x00009744                end_of_test_vcs
 .text.sim_init
                0x0000976c       0x2c ./lib/debug/sim.o
                0x0000976c                sim_init
 .text.board_end
                0x00009798        0xc ./lib/debug/sim.o
                0x00009798                board_end
 .text.xmodem_boot_init
                0x000097a4       0x70 ./protocol/xmodem/xmodem_boot.o
                0x000097a4                xmodem_boot_init
 .text.xmodem_wait_rx_char
                0x00009814       0x70 ./protocol/xmodem/xmodem.o
 .text.uart_boot_is_ready
                0x00009884       0x18 ./protocol/xmodem/xmodem.o
 .text.xmodem_init
                0x0000989c       0x40 ./protocol/xmodem/xmodem.o
                0x0000989c                xmodem_init
 .text.xmodem_calculate_crc16
                0x000098dc       0x48 ./protocol/xmodem/xmodem.o
                0x000098dc                xmodem_calculate_crc16
 .text.xmodem_rx_file
                0x00009924      0x3c0 ./protocol/xmodem/xmodem.o
                0x00009924                xmodem_rx_file
 .text.run_test_mode
                0x00009ce4       0x54 ./dft/dft.o
                0x00009ce4                run_test_mode
 .text.bootrom_hw_verif_flags_set
                0x00009d38       0x14 ./main/main.o
                0x00009d38                bootrom_hw_verif_flags_set
 .text.bootrom_usb_phy_init
                0x00009d4c       0x10 ./main/main.o
                0x00009d4c                bootrom_usb_phy_init
 .text.bootrom_basic_init
                0x00009d5c       0x78 ./main/main.o
                0x00009d5c                bootrom_basic_init
 .text.bootrom_bg_usb
                0x00009dd4       0x10 ./main/main.o
                0x00009dd4                bootrom_bg_usb
 .text.bootrom_usb_resume
                0x00009de4       0x68 ./main/main.o
                0x00009de4                bootrom_usb_resume
 .text.bootrom_init
                0x00009e4c       0xbc ./main/main.o
                0x00009e4c                bootrom_init
 .text.bootrom_por
                0x00009f08       0xc4 ./main/main.o
                0x00009f08                bootrom_por
 .text.get_strap_info
                0x00009fcc        0xc ./main/main.o
                0x00009fcc                get_strap_info
 .text.get_tick_count
                0x00009fd8       0x14 ./main/system.o
 .text.system_tick_delay
                0x00009fec       0xa0 ./main/system.o
                0x00009fec                system_tick_delay
 .text.system_udelay
                0x0000a08c       0x30 ./main/system.o
                0x0000a08c                system_udelay
 .text.system_ticks_per_msec
                0x0000a0bc       0x20 ./main/system.o
                0x0000a0bc                system_ticks_per_msec
 .text.system_power_mode
                0x0000a0dc       0x20 ./main/system.o
                0x0000a0dc                system_power_mode
 .text.system_is_self_powered
                0x0000a0fc        0x8 ./main/system.o
                0x0000a0fc                system_is_self_powered
 .text.system_usb_typec_orientation
                0x0000a104       0x14 ./main/system.o
                0x0000a104                system_usb_typec_orientation
 .text.system_jump_to_address
                0x0000a118       0x14 ./main/system.o
                0x0000a118                system_jump_to_address
 .text.enable_caches
                0x0000a12c       0x10 ./main/system.o
                0x0000a12c                enable_caches
 .text.disable_caches
                0x0000a13c       0x10 ./main/system.o
                0x0000a13c                disable_caches
 .text.getTcaField
                0x0000a14c       0x3c ./main/board.o
 .text.setTcaField
                0x0000a188       0x48 ./main/board.o
 .text.board_dbg_uart_init
                0x0000a1d0       0x54 ./main/board.o
                0x0000a1d0                board_dbg_uart_init
 .text.board_boot_uart_init
                0x0000a224       0x54 ./main/board.o
                0x0000a224                board_boot_uart_init
 .text.board_timer_init
                0x0000a278       0x1c ./main/board.o
                0x0000a278                board_timer_init
 .text.board_spi_init
                0x0000a294       0x3c ./main/board.o
                0x0000a294                board_spi_init
 .text.board_usb_init
                0x0000a2d0       0x3c ./main/board.o
                0x0000a2d0                board_usb_init
 .text.board_lram_clk_set
                0x0000a30c       0x68 ./main/board.o
                0x0000a30c                board_lram_clk_set
 .text.board_sys_clk_set
                0x0000a374       0x78 ./main/board.o
                0x0000a374                board_sys_clk_set
 .text.board_gpp_clk_set
                0x0000a3ec       0x7c ./main/board.o
                0x0000a3ec                board_gpp_clk_set
 .text.board_clks_set
                0x0000a468       0x14 ./main/board.o
                0x0000a468                board_clks_set
 .text.board_clks_restore
                0x0000a47c       0x58 ./main/board.o
                0x0000a47c                board_clks_restore
 .text.board_basic_init
                0x0000a4d4       0x1c ./main/board.o
                0x0000a4d4                board_basic_init
 .text.board_usb_phy_init
                0x0000a4f0       0x24 ./main/board.o
                0x0000a4f0                board_usb_phy_init
 .text.board_usb_typec_orientation
                0x0000a514      0x10c ./main/board.o
                0x0000a514                board_usb_typec_orientation
 .text.board_usb_phy_dump_regs
                0x0000a620       0x68 ./main/board.o
                0x0000a620                board_usb_phy_dump_regs
 .text.board_bootstrap_get
                0x0000a688       0x34 ./main/board.o
                0x0000a688                board_bootstrap_get
 .text.board_set_mode
                0x0000a6bc       0x10 ./main/board.o
                0x0000a6bc                board_set_mode
 .text.board_clk_pll_basic_init
                0x0000a6cc       0x28 ./main/board.o
                0x0000a6cc                board_clk_pll_basic_init
 .text.get_board_info
                0x0000a6f4       0x20 ./main/board.o
                0x0000a6f4                get_board_info
 .text.SBIF_Attribute_Check
                0x0000a714      0x104 drivers/secureBoot/SBCommon/SBIF/src/sbif_attributes.o
                0x0000a714                SBIF_Attribute_Check
 .text.SBHYBRID_Do_Asym_RunFsm
                0x0000a818       0xc8 drivers/secureBoot/SBLib/SB_SW/src/sbsw_api_decrypt.o
 .text.SB_ECDSA_Image_DecryptWithKeyAndVerify
                0x0000a8e0      0x9f4 drivers/secureBoot/SBLib/SB_SW/src/sbsw_api_decrypt.o
                0x0000a8e0                SB_ECDSA_Image_DecryptWithKeyAndVerify
 .text.SBIFTOOLS_Image_ConvertHeader
                0x0000b2d4      0x2f8 drivers/secureBoot/SBLib/SB_SW/src/sbsw_sbif_tools_convert.o
                0x0000b2d4                SBIFTOOLS_Image_ConvertHeader
 .text.SBIFTOOLS_Image_Convert_InitWorkspace
                0x0000b5cc       0x58 drivers/secureBoot/SBLib/SB_SW/src/sbsw_sbif_tools_convert.o
                0x0000b5cc                SBIFTOOLS_Image_Convert_InitWorkspace
 .text.SBIFTOOLS_Image_Convert_UninitWorkspace
                0x0000b624       0x24 drivers/secureBoot/SBLib/SB_SW/src/sbsw_sbif_tools_convert.o
                0x0000b624                SBIFTOOLS_Image_Convert_UninitWorkspace
 .text.SBHYBRID_Initialize_HW
                0x0000b648       0x10 drivers/secureBoot/SBLib/SB_SW/src/sbsw_hw_init.o
                0x0000b648                SBHYBRID_Initialize_HW
 .text.SBHYBRID_Uninitialize_HW
                0x0000b658        0x4 drivers/secureBoot/SBLib/SB_SW/src/sbsw_hw_init.o
                0x0000b658                SBHYBRID_Uninitialize_HW
 .text.unwrap_key
                0x0000b65c      0x138 drivers/secureBoot/SBLib/SB_SW/src/sbsw_sw_aes_if.o
 .text.AES_IF_Ctx_GetSize
                0x0000b794        0x8 drivers/secureBoot/SBLib/SB_SW/src/sbsw_sw_aes_if.o
                0x0000b794                AES_IF_Ctx_GetSize
 .text.AES_IF_Ctx_Init
                0x0000b79c       0x18 drivers/secureBoot/SBLib/SB_SW/src/sbsw_sw_aes_if.o
                0x0000b79c                AES_IF_Ctx_Init
 .text.AES_IF_Ctx_Uninit
                0x0000b7b4        0x4 drivers/secureBoot/SBLib/SB_SW/src/sbsw_sw_aes_if.o
                0x0000b7b4                AES_IF_Ctx_Uninit
 .text.AES_IF_Ctx_GetError
                0x0000b7b8        0x8 drivers/secureBoot/SBLib/SB_SW/src/sbsw_sw_aes_if.o
                0x0000b7b8                AES_IF_Ctx_GetError
 .text.AES_IF_Ctx_LoadKey
                0x0000b7c0       0x20 drivers/secureBoot/SBLib/SB_SW/src/sbsw_sw_aes_if.o
                0x0000b7c0                AES_IF_Ctx_LoadKey
 .text.AES_IF_Ctx_LoadIV
                0x0000b7e0       0x14 drivers/secureBoot/SBLib/SB_SW/src/sbsw_sw_aes_if.o
                0x0000b7e0                AES_IF_Ctx_LoadIV
 .text.AES_IF_Ctx_SetKEK
                0x0000b7f4       0x3c drivers/secureBoot/SBLib/SB_SW/src/sbsw_sw_aes_if.o
                0x0000b7f4                AES_IF_Ctx_SetKEK
 .text.AES_IF_Ctx_LoadWrappedKey
                0x0000b830       0x44 drivers/secureBoot/SBLib/SB_SW/src/sbsw_sw_aes_if.o
                0x0000b830                AES_IF_Ctx_LoadWrappedKey
 .text.AES_IF_CBC_Decrypt
                0x0000b874       0xc8 drivers/secureBoot/SBLib/SB_SW/src/sbsw_sw_aes_if.o
                0x0000b874                AES_IF_CBC_Decrypt
 .text.uint8_to_sb_sw_number
                0x0000b93c       0x20 drivers/secureBoot/SBLib/SB_SW/src/sbsw_sw_ecdsa_verify.o
 .text.SBHYBRID_SW_Ecdsa_Verify_SetPublicKey
                0x0000b95c       0x4c drivers/secureBoot/SBLib/SB_SW/src/sbsw_sw_ecdsa_verify.o
                0x0000b95c                SBHYBRID_SW_Ecdsa_Verify_SetPublicKey
 .text.SBHYBRID_SW_Ecdsa_Verify_SetSignature
                0x0000b9a8       0x4c drivers/secureBoot/SBLib/SB_SW/src/sbsw_sw_ecdsa_verify.o
                0x0000b9a8                SBHYBRID_SW_Ecdsa_Verify_SetSignature
 .text.SBHYBRID_SW_Ecdsa_Verify_SetDigest
                0x0000b9f4       0x44 drivers/secureBoot/SBLib/SB_SW/src/sbsw_sw_ecdsa_verify.o
                0x0000b9f4                SBHYBRID_SW_Ecdsa_Verify_SetDigest
 .text.SBHYBRID_SW_Ecdsa_Verify
                0x0000ba38       0x24 drivers/secureBoot/SBLib/SB_SW/src/sbsw_sw_ecdsa_verify.o
                0x0000ba38                SBHYBRID_SW_Ecdsa_Verify
 .text.c_memcpy
                0x0000ba5c        0xc drivers/secureBoot/Framework/CLIB/src/c_lib.o
                0x0000ba5c                c_memcpy
 .text.c_memset
                0x0000ba68        0xc drivers/secureBoot/Framework/CLIB/src/c_lib.o
                0x0000ba68                c_memset
 .text.c_memcmp
                0x0000ba74        0xc drivers/secureBoot/Framework/CLIB/src/c_lib.o
                0x0000ba74                c_memcmp
 .text.rijndaelSetupEncrypt
                0x0000ba80      0x3a4 drivers/secureBoot/SBCommon/SB_SW_CRYPTO/src/rijndael.o
                0x0000ba80                rijndaelSetupEncrypt
 .text.rijndaelSetupDecrypt
                0x0000be24      0x1d8 drivers/secureBoot/SBCommon/SB_SW_CRYPTO/src/rijndael.o
                0x0000be24                rijndaelSetupDecrypt
 .text.rijndaelDecrypt
                0x0000bffc      0x428 drivers/secureBoot/SBCommon/SB_SW_CRYPTO/src/rijndael.o
                0x0000bffc                rijndaelDecrypt
 .text.SB_SW_HASH_Init
                0x0000c424       0x50 drivers/secureBoot/SBCommon/SB_SW_CRYPTO/src/minsha_init.o
                0x0000c424                SB_SW_HASH_Init
 .text.SB_SW_HASH_Update
                0x0000c474       0x44 drivers/secureBoot/SBCommon/SB_SW_CRYPTO/src/minsha_update.o
                0x0000c474                SB_SW_HASH_Update
 .text.SB_SW_HASH_FinalUpdate
                0x0000c4b8      0x180 drivers/secureBoot/SBCommon/SB_SW_CRYPTO/src/minsha_update.o
                0x0000c4b8                SB_SW_HASH_FinalUpdate
 .text.rotr2shr
                0x0000c638       0x28 drivers/secureBoot/SBCommon/SB_SW_CRYPTO/src/minsha_core.o
 .text.SB_SW_HASH_Transform
                0x0000c660      0x218 drivers/secureBoot/SBCommon/SB_SW_CRYPTO/src/minsha_core.o
                0x0000c660                SB_SW_HASH_Transform
 .text.uECC_vli_add
                0x0000c878       0x98 drivers/secureBoot/micro-ecc/uECC.o
 .text.uECC_vli_sub
                0x0000c910       0x9c drivers/secureBoot/micro-ecc/uECC.o
 .text.uECC_vli_mult
                0x0000c9ac       0x8c drivers/secureBoot/micro-ecc/uECC.o
 .text.uECC_vli_clear
                0x0000ca38       0x34 drivers/secureBoot/micro-ecc/uECC.o
 .text.uECC_vli_isZero
                0x0000ca6c       0x44 drivers/secureBoot/micro-ecc/uECC.o
 .text.uECC_vli_testBit
                0x0000cab0       0x18 drivers/secureBoot/micro-ecc/uECC.o
 .text.uECC_vli_numBits
                0x0000cac8       0x94 drivers/secureBoot/micro-ecc/uECC.o
 .text.uECC_vli_set
                0x0000cb5c       0x34 drivers/secureBoot/micro-ecc/uECC.o
 .text.uECC_vli_cmp_unsafe
                0x0000cb90       0x80 drivers/secureBoot/micro-ecc/uECC.o
 .text.uECC_vli_rshift1
                0x0000cc10       0x40 drivers/secureBoot/micro-ecc/uECC.o
 .text.uECC_vli_modAdd
                0x0000cc50       0x50 drivers/secureBoot/micro-ecc/uECC.o
 .text.uECC_vli_modMult
                0x0000cca0      0x224 drivers/secureBoot/micro-ecc/uECC.o
 .text.uECC_vli_modMult_fast
                0x0000cec4       0x34 drivers/secureBoot/micro-ecc/uECC.o
 .text.uECC_vli_modSquare_fast
                0x0000cef8       0xbc drivers/secureBoot/micro-ecc/uECC.o
 .text.vli_modInv_update
                0x0000cfb4       0x60 drivers/secureBoot/micro-ecc/uECC.o
 .text.uECC_vli_modInv
                0x0000d014      0x1f4 drivers/secureBoot/micro-ecc/uECC.o
 .text.apply_z  0x0000d208       0x6c drivers/secureBoot/micro-ecc/uECC.o
 .text.uECC_vli_modSub
                0x0000d274       0x98 drivers/secureBoot/micro-ecc/uECC.o
 .text.XYcZ_add
                0x0000d30c      0x154 drivers/secureBoot/micro-ecc/uECC.o
 .text.double_jacobian_default
                0x0000d460      0x234 drivers/secureBoot/micro-ecc/uECC.o
 .text.vli_mmod_fast_secp256r1
                0x0000d694      0x3fc drivers/secureBoot/micro-ecc/uECC.o
 .text.uECC_secp256r1
                0x0000da90        0xc drivers/secureBoot/micro-ecc/uECC.o
                0x0000da90                uECC_secp256r1
 .text.uECC_verify
                0x0000da9c      0x494 drivers/secureBoot/micro-ecc/uECC.o
                0x0000da9c                uECC_verify
 .text.SB_SW_ECDSA_Verify256
                0x0000df30       0x44 drivers/secureBoot/SBCommon/SB_SW_CRYPTO/src/sb_sw_ecdsa256.o
                0x0000df30                SB_SW_ECDSA_Verify256
 .text.decrypt_and_verify_blw_image
                0x0000df74       0xd8 drivers/secureBoot/verification/verify.o
                0x0000df74                decrypt_and_verify_blw_image
 .text.initSBEfuseDB
                0x0000e04c       0x1c drivers/secureBoot/verification/verify.o
                0x0000e04c                initSBEfuseDB
 .text.getEfuseSecureControlData
                0x0000e068       0x38 drivers/secureBoot/verification/verify.o
                0x0000e068                getEfuseSecureControlData
 .text.readEfuseSecureControl
                0x0000e0a0       0x30 drivers/secureBoot/verification/verify.o
                0x0000e0a0                readEfuseSecureControl
 .text.readEfuseKeys
                0x0000e0d0       0x68 drivers/secureBoot/verification/verify.o
                0x0000e0d0                readEfuseKeys
 .text.fillSBEfuseDB
                0x0000e138       0x24 drivers/secureBoot/verification/verify.o
                0x0000e138                fillSBEfuseDB
 .text.secureBoot
                0x0000e15c       0x98 drivers/secureBoot/verification/verify.o
                0x0000e15c                secureBoot
 .text          0x0000e1f4      0x114 /tools/gcc-arm/gcc-linaro/gcc-arm-none-eabi-4_6-2012q2/lib/gcc/arm-none-eabi/4.6.2/libgcc.a(_udivsi3.o)
                0x0000e1f4                __udivsi3
                0x0000e1f4                __aeabi_uidiv
                0x0000e2e8                __aeabi_uidivmod
 .text          0x0000e308      0x148 /tools/gcc-arm/gcc-linaro/gcc-arm-none-eabi-4_6-2012q2/lib/gcc/arm-none-eabi/4.6.2/libgcc.a(_divsi3.o)
                0x0000e308                __aeabi_idiv
                0x0000e308                __divsi3
                0x0000e430                __aeabi_idivmod
 .text          0x0000e450        0x4 /tools/gcc-arm/gcc-linaro/gcc-arm-none-eabi-4_6-2012q2/lib/gcc/arm-none-eabi/4.6.2/libgcc.a(_dvmd_tls.o)
                0x0000e450                __aeabi_ldiv0
                0x0000e450                __aeabi_idiv0

.glue_7         0x0000e454        0x0
 .glue_7        0x00000000        0x0 linker stubs

.glue_7t        0x0000e454        0x0
 .glue_7t       0x00000000        0x0 linker stubs

.vfp11_veneer   0x0000e454        0x0
 .vfp11_veneer  0x00000000        0x0 linker stubs

.v4_bx          0x0000e454        0x0
 .v4_bx         0x00000000        0x0 linker stubs
                0x0000e454                . = ALIGN (0x4)

.rodata         0x0000e454     0x2ef0
 *(SORT(.rodata*))
 .rodata        0x0000e454       0x10 ./drivers/zoro/usb/usb_driver/no_os_ep0.o
 .rodata        0x0000e464       0x80 ./lib/arm/interrupts.o
 .rodata.K      0x0000e4e4      0x100 drivers/secureBoot/SBCommon/SB_SW_CRYPTO/src/minsha_core.o
 .rodata.SBCommon_SBCRK
                0x0000e5e4       0x10 drivers/secureBoot/SBCommon/SB_SW_CRYPTO/src/sbcr_key.o
                0x0000e5e4                SBCommon_SBCRK
 .rodata.Td0    0x0000e5f4      0x400 drivers/secureBoot/SBCommon/SB_SW_CRYPTO/src/rijndael.o
 .rodata.Td1    0x0000e9f4      0x400 drivers/secureBoot/SBCommon/SB_SW_CRYPTO/src/rijndael.o
 .rodata.Td2    0x0000edf4      0x400 drivers/secureBoot/SBCommon/SB_SW_CRYPTO/src/rijndael.o
 .rodata.Td3    0x0000f1f4      0x400 drivers/secureBoot/SBCommon/SB_SW_CRYPTO/src/rijndael.o
 .rodata.Td4    0x0000f5f4      0x400 drivers/secureBoot/SBCommon/SB_SW_CRYPTO/src/rijndael.o
 .rodata.Te4    0x0000f9f4      0x400 drivers/secureBoot/SBCommon/SB_SW_CRYPTO/src/rijndael.o
 .rodata.__func__.4226
                0x0000fdf4       0x14 ./main/system.o
 .rodata.__func__.4245
                0x0000fe08       0x20 drivers/secureBoot/SBLib/SB_SW/src/sbsw_sbif_tools_convert.o
 .rodata.__func__.4342
                0x0000fe28       0x14 ./protocol/xmodem/xmodem_boot.o
 .rodata.__func__.4371
                0x0000fe3c       0x28 drivers/secureBoot/SBLib/SB_SW/src/sbsw_sw_ecdsa_verify.o
 .rodata.__func__.4377
                0x0000fe64       0x28 drivers/secureBoot/SBLib/SB_SW/src/sbsw_sw_ecdsa_verify.o
 .rodata.__func__.4383
                0x0000fe8c       0x24 drivers/secureBoot/SBLib/SB_SW/src/sbsw_sw_ecdsa_verify.o
 .rodata.__func__.4502
                0x0000feb0       0x24 drivers/secureBoot/SBLib/SB_SW/src/sbsw_api_decrypt.o
 .rodata.__func__.4559
                0x0000fed4        0xc drivers/secureBoot/verification/verify.o
 .rodata.__func__.4565
                0x0000fee0       0x28 drivers/secureBoot/SBLib/SB_SW/src/sbsw_api_decrypt.o
 .rodata.__func__.5992
                0x0000ff08        0xc ./drivers/inuitive/flash/flash_boot.o
 .rodata.__func__.5999
                0x0000ff14        0xc ./drivers/inuitive/flash/flash_boot.o
 .rodata.board_modes
                0x0000ff20      0x168 ./main/board.o
                0x0000ff20                board_modes
 .rodata.bos_desc
                0x00010088        0x8 ./drivers/zoro/usb/usb_driver/no_os_ep0.o
 .rodata.cap1_desc
                0x00010090        0x8 ./drivers/zoro/usb/usb_driver/no_os_ep0.o
 .rodata.cap2_desc
                0x00010098        0xc ./drivers/zoro/usb/usb_driver/no_os_ep0.o
 .rodata.cap3_desc
                0x000100a4       0x14 ./drivers/zoro/usb/usb_driver/no_os_ep0.o
 .rodata.crc16_tab
                0x000100b8      0x200 ./protocol/xmodem/xmodem.o
 .rodata.curve_secp256r1
                0x000102b8       0xac drivers/secureBoot/micro-ecc/uECC.o
 .rodata.dev_qualifier
                0x00010364        0xc ./drivers/zoro/usb/usb_driver/no_os_ep0.o
 .rodata.device_desc
                0x00010370       0x14 ./drivers/zoro/usb/usb_driver/no_os_ep0.o
 .rodata.fs_config_desc
                0x00010384       0x20 ./drivers/zoro/usb/usb_driver/no_os_ep0.o
                0x00010384                fs_config_desc
 .rodata.hs_config_desc
                0x000103a4       0x20 ./drivers/zoro/usb/usb_driver/no_os_ep0.o
                0x000103a4                hs_config_desc
 .rodata.nu3000_strings
                0x000103c4       0xf0 ./drivers/zoro/usb/usb_driver/no_os_ep0.o
                0x000103c4                nu3000_strings
 .rodata.rcon   0x000104b4       0x28 drivers/secureBoot/SBCommon/SB_SW_CRYPTO/src/rijndael.o
 .rodata.sha256_init
                0x000104dc       0x24 drivers/secureBoot/SBCommon/SB_SW_CRYPTO/src/minsha_init.o
 .rodata.ss_config_desc
                0x00010500       0x2c ./drivers/zoro/usb/usb_driver/no_os_ep0.o
                0x00010500                ss_config_desc
 .rodata.str1.4
                0x0001052c       0x15 ./drivers/inuitive/storage/src/storage.o
                                 0x18 (size before relaxing)
 *fill*         0x00010541        0x3 00
 .rodata.str1.4
                0x00010544       0x54 ./drivers/inuitive/flash/ispi.o
 .rodata.str1.4
                0x00010598      0x12a ./drivers/inuitive/flash/flash_boot.o
                                0x134 (size before relaxing)
 *fill*         0x000106c2        0x2 00
 .rodata.str1.4
                0x000106c4       0x1f ./drivers/synopsis/uart/DW_apb_uart/DW_apb_uart_drv.o
                                 0x20 (size before relaxing)
 *fill*         0x000106e3        0x1 00
 .rodata.str1.4
                0x000106e4      0x26b ./lib/arm/interrupts.o
                                0x274 (size before relaxing)
 *fill*         0x0001094f        0x1 00
 .rodata.str1.4
                0x00010950       0x71 ./protocol/xmodem/xmodem_boot.o
                                 0x74 (size before relaxing)
 *fill*         0x000109c1        0x3 00
 .rodata.str1.4
                0x000109c4      0x30d ./protocol/xmodem/xmodem.o
                                0x310 (size before relaxing)
 *fill*         0x00010cd1        0x3 00
 .rodata.str1.4
                0x00010cd4       0x62 ./main/main.o
                                 0x68 (size before relaxing)
 *fill*         0x00010d36        0x2 00
 .rodata.str1.4
                0x00010d38       0x28 ./main/system.o
 .rodata.str1.4
                0x00010d60       0x9a ./main/board.o
                                 0xa4 (size before relaxing)
 *fill*         0x00010dfa        0x2 00
 .rodata.str1.4
                0x00010dfc      0x493 drivers/secureBoot/SBLib/SB_SW/src/sbsw_api_decrypt.o
                                0x498 (size before relaxing)
 .rodata.str1.4
                0x00000000       0x1c drivers/secureBoot/SBLib/SB_SW/src/sbsw_sbif_tools_convert.o
 .rodata.str1.4
                0x00000000       0x1c drivers/secureBoot/SBLib/SB_SW/src/sbsw_sw_ecdsa_verify.o
 *fill*         0x0001128f        0x1 00
 .rodata.str1.4
                0x00011290       0x20 drivers/secureBoot/verification/verify.o
 .rodata.usb3ss_module_params
                0x000112b0       0x94 ./drivers/zoro/usb/usb_driver/no_os_init.o
                0x000112b0                usb3ss_module_params

.data.tlb_addr  0x00011344        0x4
 .data.tlb_addr
                0x00011344        0x4 ./lib/arm/cache-cp15.o
                0x00011344                tlb_addr
                0x00011348                . = ALIGN (0x4)

.heap           0x02000000    0x4fe00
                0x02000000                . = ALIGN (0x4)
                0x02000000                __heap_start__ = .
                0x0204fe00                . = (. + ((((__LRAM_SIZE - BSS_MAX_SIZE) - PBSS_MAX_SIZE) - STACK_MAX_SIZE) - TLB_MAX_SIZE))
 *fill*         0x02000000    0x4fe00 00
                0x0204fe00                __heap_end__ = .

.tlb            0x0204fe00     0x4200
                0x02050000                . = ALIGN (0x4000)
 *fill*         0x0204fe00      0x200 00
                0x02050000                __tlb_start__ = .
                0x02054000                . = (. + TLB_MAX_SIZE)
 *fill*         0x02050000     0x4000 00
                0x02054000                __tlb_end__ = .

.stack          0x02054000     0x4200
                0x02054000                . = ALIGN (0x8)
                0x02054000                __stack_start__ = .
                0x02056000                . = (. + C_STACK_SIZE)
 *fill*         0x02054000     0x2000 00
                0x02056000                . = ALIGN (0x8)
                0x02056000                __c_stack_top__ = .
                0x02056200                . = (. + ABT_STACK_SIZE)
 *fill*         0x02056000      0x200 00
                0x02056200                . = ALIGN (0x8)
                0x02056200                __abt_stack_top__ = .
                0x02058200                . = (. + IRQ_STACK_SIZE)
 *fill*         0x02056200     0x2000 00
                0x02058200                . = ALIGN (0x8)
                0x02058200                __irq_stack_top__ = .
                0x02058200                __stack_top__ = .
                0x02058200                . = ALIGN (0x8)

.pbss           0x02058200      0x1d0
                0x02058200                . = ALIGN (0x4)
                0x02058200                __pbss_start__ = .
 *(.pbss*)
 .pbss          0x02058200       0x10 ./drivers/inuitive/storage/src/storage.o
                0x02058200                storage_boot_header
                0x02058208                storage_header
 .pbss          0x02058210      0x140 ./drivers/synopsis/uart/DW_apb_uart/DW_apb_uart_drv.o
                0x02058210                uart1
                0x02058238                uart1_instance
                0x020582a4                uart1_param
                0x020582b0                uart2
                0x020582d8                uart2_instance
                0x02058344                uart2_param
 .pbss          0x02058350        0x4 ./lib/debug/debug.o
                0x02058350                dbg_uart
 .pbss          0x02058354       0x10 ./main/main.o
                0x02058360                uart_boot_dev
 .pbss          0x02058364        0x4 ./main/board.o
 .pbss          0x02058368       0x68 drivers/secureBoot/verification/verify.o
                0x02058368                eFUSEDB
                0x020583d0                . = ALIGN (0x4)
                0x020583d0                __pbss_end__ = .

.bss            0x020583d0     0x4550
                0x020583d0                . = ALIGN (0x4)
                0x020583d0                __bss_start__ = .
                0x020583d0                __bss_patch__ = .
 *(.patch)
 .patch         0x020583d0       0x40 ./drivers/zoro/usb/usb_driver/no_os_src_sink_lpbk.o
                0x020583d0                usb_pp
 *(.bss*)
 .bss.g_usb_is_loopbk_is_active
                0x02058410        0x4 ./drivers/zoro/usb/usb_driver/no_os_src_sink_lpbk.o
                0x02058410                g_usb_is_loopbk_is_active
 .bss.g_out_buf
                0x02058414     0x1000 ./drivers/zoro/usb/usb_driver/no_os_src_sink_lpbk.o
 .bss.loopbk    0x02059414       0x58 ./drivers/zoro/usb/usb_driver/no_os_src_sink_lpbk.o
 *fill*         0x0205946c        0x4 00
 .bss.g_ep0_out_desc
                0x02059470       0x10 ./drivers/zoro/usb/usb_driver/no_os_init.o
 .bss.g_hiber_scratchpad_array
                0x02059480        0x8 ./drivers/zoro/usb/usb_driver/no_os_init.o
 .bss.g_ep0_req
                0x02059488       0x4c ./drivers/zoro/usb/usb_driver/no_os_init.o
 .bss.g_ep0_status_buf
                0x020594d4      0x800 ./drivers/zoro/usb/usb_driver/no_os_init.o
 .bss.g_ep0_setup_pkt
                0x02059cd4        0x8 ./drivers/zoro/usb/usb_driver/no_os_init.o
 .bss.g_ep0     0x02059cdc       0x68 ./drivers/zoro/usb/usb_driver/no_os_init.o
 .bss.g_in_ep   0x02059d44      0x270 ./drivers/zoro/usb/usb_driver/no_os_init.o
 *fill*         0x02059fb4        0xc 00
 .bss.g_ep0_setup_desc
                0x02059fc0       0x10 ./drivers/zoro/usb/usb_driver/no_os_init.o
 .bss.g_event_buf
                0x02059fd0       0x80 ./drivers/zoro/usb/usb_driver/no_os_init.o
 .bss.g_out_ep  0x0205a050      0x270 ./drivers/zoro/usb/usb_driver/no_os_init.o
 .bss.g_hiber_scratchpad
                0x0205a2c0       0x40 ./drivers/zoro/usb/usb_driver/no_os_init.o
 .bss.g_ep0_in_desc
                0x0205a300       0x10 ./drivers/zoro/usb/usb_driver/no_os_init.o
 .bss.msg_cnt.7060
                0x0205a310        0x4 ./drivers/zoro/usb/usb_ll/cil_intr.o
 .bss.SPI_DRVP_dviceDesc
                0x0205a314        0x4 ./drivers/inuitive/flash/ispi.o
 .bss.ICTLP_isrTbl
                0x0205a318      0x200 ./drivers/inuitive/ictl/ictl.o
 .bss.ICTLP_prioTbl
                0x0205a518       0x18 ./drivers/inuitive/ictl/ictl.o
 .bss.APB_TIMERP_baseP
                0x0205a530        0x4 ./drivers/inuitive/timer/apb_timer.o
 .bss.xmodem_packet_number
                0x0205a534        0x1 ./protocol/xmodem/xmodem.o
 *fill*         0x0205a535        0x3 00
 .bss.target_buffer
                0x0205a538        0x4 ./protocol/xmodem/xmodem.o
 .bss.xmodem_read_timeout_in_ticks
                0x0205a53c        0x4 ./protocol/xmodem/xmodem.o
 .bss.xmodem_start_timeout_in_ticks
                0x0205a540        0x4 ./protocol/xmodem/xmodem.o
 *(COMMON)
 COMMON         0x0205a544     0x1fb4 ./drivers/zoro/usb/usb_driver/no_os_ep0.o
                0x0205a544                bos_desc_buf
                0x0205a744                hs_config_desc_buf
                0x0205af44                ss_config_desc_buf
                0x0205b744                nu3000_usb_descriptors_export
                0x0205b778                dev_qualifier_buf
                0x0205b784                bos_desc_buf_size
                0x0205b788                fs_config_desc_buf_size
                0x0205b78c                device_desc_buf
                0x0205b7a0                nu3000_descriptor_override
                0x0205b7b0                fs_config_desc_buf
                0x0205bfb0                ss_config_desc_buf_size
                0x0205bfb4                nu3000_string_descriptors
                0x0205c4b4                nu3000_iso_rate
                0x0205c4f4                hs_config_desc_buf_size
 COMMON         0x0205c4f8        0x4 ./drivers/zoro/usb/usb_driver/no_os_src_sink_lpbk.o
                0x0205c4f8                fw_entry
 COMMON         0x0205c4fc        0x8 ./drivers/zoro/usb/usb_driver/no_os_gadget.o
                0x0205c4fc                nu3000_num_trbs
                0x0205c500                nu3000_alloc_trb_cb
 *fill*         0x0205c504        0xc 00
 COMMON         0x0205c510      0x400 ./drivers/zoro/usb/usb_driver/no_os_init.o
                0x0205c510                g_pcd_req
                0x0205c640                g_pcd_req_bm
                0x0205c650                g_out_trb_pool
                0x0205c710                g_usb3_dev
                0x0205c850                g_in_trb_pool
 COMMON         0x0205c910        0x8 ./drivers/zoro/usb/usb_ll/cil.o
                0x0205c910                build_for_hw_verif_disable_suspend
                0x0205c914                build_for_hw_verif_scale_down
 COMMON         0x0205c918        0x4 ./drivers/zoro/usb/usb_ll/pcd.o
                0x0205c918                nu3000_dep_cfg_cb
 COMMON         0x0205c91c        0x4 ./drivers/inuitive/ictl/ictl.o
                0x0205c91c                ICTLP_spIsrCnt
                0x0205c920                . = ALIGN (0x4)
                0x0205c920                __bss_end__ = .
START GROUP
LOAD boot/start.o
LOAD ./drivers/zoro/usb/usb_driver/no_os_ep0.o
LOAD ./drivers/zoro/usb/usb_driver/no_os_src_sink_lpbk.o
LOAD ./drivers/zoro/usb/usb_driver/no_os_gadget.o
LOAD ./drivers/zoro/usb/usb_driver/conf.o
LOAD ./drivers/zoro/usb/usb_driver/no_os_hiber.o
LOAD ./drivers/zoro/usb/usb_driver/no_os_init.o
LOAD ./drivers/zoro/usb/usb_ll/cil.o
LOAD ./drivers/zoro/usb/usb_ll/cil_intr.o
LOAD ./drivers/zoro/usb/usb_ll/ep0.o
LOAD ./drivers/zoro/usb/usb_ll/pcd_intr.o
LOAD ./drivers/zoro/usb/usb_ll/pcd.o
LOAD ./drivers/zoro/usb/usb_ll/pcd_hiber.o
LOAD ./drivers/inuitive/storage/src/storage.o
LOAD ./drivers/inuitive/gme/gme.o
LOAD ./drivers/inuitive/flash/ispi.o
LOAD ./drivers/inuitive/flash/spi_flash.o
LOAD ./drivers/inuitive/flash/flash_boot.o
LOAD ./drivers/inuitive/ictl/ictl.o
LOAD ./drivers/inuitive/timer/apb_timer.o
LOAD ./drivers/synopsis/uart/DW_apb_uart/DW_apb_uart_drv.o
LOAD ./drivers/synopsis/uart/DW_apb_uart/DW_apb_uart.o
LOAD ./lib/arm/cache-cp15.o
LOAD ./lib/arm/interrupts.o
LOAD ./lib/arm/cache_v7.o
LOAD ./lib/sys/memcmp.o
LOAD ./lib/sys/memcpy.o
LOAD ./lib/sys/memset.o
LOAD ./lib/debug/string_to_gpio.o
LOAD ./lib/debug/mail_box.o
LOAD ./lib/debug/debug.o
LOAD ./lib/debug/sim.o
LOAD ./protocol/xmodem/xmodem_boot.o
LOAD ./protocol/xmodem/xmodem.o
LOAD ./dft/dft.o
LOAD ./main/main.o
LOAD ./main/system.o
LOAD ./main/board.o
LOAD drivers/secureBoot/SBCommon/SBIF/src/sbif_attributes.o
LOAD drivers/secureBoot/SBLib/SB_SW/src/sbsw_api_decrypt.o
LOAD drivers/secureBoot/SBLib/SB_SW/src/sbsw_sbif_tools_convert.o
LOAD drivers/secureBoot/SBLib/SB_SW/src/sbsw_hw_init.o
LOAD drivers/secureBoot/SBLib/SB_SW/src/sbsw_sw_aes_if.o
LOAD drivers/secureBoot/SBLib/SB_SW/src/sbsw_sw_ecdsa_verify.o
LOAD drivers/secureBoot/SBLib/SB_SW/src/sbsw_sw_publicdata.o
LOAD drivers/secureBoot/Framework/CLIB/src/c_lib.o
LOAD drivers/secureBoot/SBCommon/SB_SW_CRYPTO/src/sbcr_key.o
LOAD drivers/secureBoot/SBCommon/SB_SW_CRYPTO/src/rijndael.o
LOAD drivers/secureBoot/SBCommon/SB_SW_CRYPTO/src/minsha_init.o
LOAD drivers/secureBoot/SBCommon/SB_SW_CRYPTO/src/minsha_update.o
LOAD drivers/secureBoot/SBCommon/SB_SW_CRYPTO/src/minsha_core.o
LOAD drivers/secureBoot/micro-ecc/uECC.o
LOAD drivers/secureBoot/SBCommon/SB_SW_CRYPTO/src/sb_sw_ecdsa256.o
LOAD drivers/secureBoot/verification/verify.o
LOAD /tools/gcc-arm/gcc-linaro/gcc-arm-none-eabi-4_6-2012q2/lib/gcc/arm-none-eabi/4.6.2/libgcc.a
END GROUP
OUTPUT(nu4000-rom.elf elf32-littlearm)

.ARM.attributes
                0x00000000       0x2f
 .ARM.attributes
                0x00000000       0x21 boot/start.o
 .ARM.attributes
                0x00000021       0x39 ./drivers/zoro/usb/usb_driver/no_os_ep0.o
 .ARM.attributes
                0x0000005a       0x39 ./drivers/zoro/usb/usb_driver/no_os_src_sink_lpbk.o
 .ARM.attributes
                0x00000093       0x39 ./drivers/zoro/usb/usb_driver/no_os_gadget.o
 .ARM.attributes
                0x000000cc       0x39 ./drivers/zoro/usb/usb_driver/conf.o
 .ARM.attributes
                0x00000105       0x39 ./drivers/zoro/usb/usb_driver/no_os_hiber.o
 .ARM.attributes
                0x0000013e       0x39 ./drivers/zoro/usb/usb_driver/no_os_init.o
 .ARM.attributes
                0x00000177       0x39 ./drivers/zoro/usb/usb_ll/cil.o
 .ARM.attributes
                0x000001b0       0x39 ./drivers/zoro/usb/usb_ll/cil_intr.o
 .ARM.attributes
                0x000001e9       0x39 ./drivers/zoro/usb/usb_ll/ep0.o
 .ARM.attributes
                0x00000222       0x39 ./drivers/zoro/usb/usb_ll/pcd_intr.o
 .ARM.attributes
                0x0000025b       0x39 ./drivers/zoro/usb/usb_ll/pcd.o
 .ARM.attributes
                0x00000294       0x39 ./drivers/zoro/usb/usb_ll/pcd_hiber.o
 .ARM.attributes
                0x000002cd       0x39 ./drivers/inuitive/storage/src/storage.o
 .ARM.attributes
                0x00000306       0x39 ./drivers/inuitive/gme/gme.o
 .ARM.attributes
                0x0000033f       0x39 ./drivers/inuitive/flash/ispi.o
 .ARM.attributes
                0x00000378       0x39 ./drivers/inuitive/flash/spi_flash.o
 .ARM.attributes
                0x000003b1       0x39 ./drivers/inuitive/flash/flash_boot.o
 .ARM.attributes
                0x000003ea       0x39 ./drivers/inuitive/ictl/ictl.o
 .ARM.attributes
                0x00000423       0x39 ./drivers/inuitive/timer/apb_timer.o
 .ARM.attributes
                0x0000045c       0x39 ./drivers/synopsis/uart/DW_apb_uart/DW_apb_uart_drv.o
 .ARM.attributes
                0x00000495       0x39 ./drivers/synopsis/uart/DW_apb_uart/DW_apb_uart.o
 .ARM.attributes
                0x000004ce       0x39 ./lib/arm/cache-cp15.o
 .ARM.attributes
                0x00000507       0x39 ./lib/arm/interrupts.o
 .ARM.attributes
                0x00000540       0x39 ./lib/arm/cache_v7.o
 .ARM.attributes
                0x00000579       0x39 ./lib/sys/memcmp.o
 .ARM.attributes
                0x000005b2       0x39 ./lib/sys/memcpy.o
 .ARM.attributes
                0x000005eb       0x39 ./lib/sys/memset.o
 .ARM.attributes
                0x00000624       0x39 ./lib/debug/string_to_gpio.o
 .ARM.attributes
                0x0000065d       0x39 ./lib/debug/mail_box.o
 .ARM.attributes
                0x00000696       0x39 ./lib/debug/debug.o
 .ARM.attributes
                0x000006cf       0x39 ./lib/debug/sim.o
 .ARM.attributes
                0x00000708       0x39 ./protocol/xmodem/xmodem_boot.o
 .ARM.attributes
                0x00000741       0x39 ./protocol/xmodem/xmodem.o
 .ARM.attributes
                0x0000077a       0x39 ./dft/dft.o
 .ARM.attributes
                0x000007b3       0x39 ./main/main.o
 .ARM.attributes
                0x000007ec       0x39 ./main/system.o
 .ARM.attributes
                0x00000825       0x39 ./main/board.o
 .ARM.attributes
                0x0000085e       0x39 drivers/secureBoot/SBCommon/SBIF/src/sbif_attributes.o
 .ARM.attributes
                0x00000897       0x39 drivers/secureBoot/SBLib/SB_SW/src/sbsw_api_decrypt.o
 .ARM.attributes
                0x000008d0       0x39 drivers/secureBoot/SBLib/SB_SW/src/sbsw_sbif_tools_convert.o
 .ARM.attributes
                0x00000909       0x39 drivers/secureBoot/SBLib/SB_SW/src/sbsw_hw_init.o
 .ARM.attributes
                0x00000942       0x39 drivers/secureBoot/SBLib/SB_SW/src/sbsw_sw_aes_if.o
 .ARM.attributes
                0x0000097b       0x39 drivers/secureBoot/SBLib/SB_SW/src/sbsw_sw_ecdsa_verify.o
 .ARM.attributes
                0x000009b4       0x39 drivers/secureBoot/SBLib/SB_SW/src/sbsw_sw_publicdata.o
 .ARM.attributes
                0x000009ed       0x39 drivers/secureBoot/Framework/CLIB/src/c_lib.o
 .ARM.attributes
                0x00000a26       0x39 drivers/secureBoot/SBCommon/SB_SW_CRYPTO/src/sbcr_key.o
 .ARM.attributes
                0x00000a5f       0x39 drivers/secureBoot/SBCommon/SB_SW_CRYPTO/src/rijndael.o
 .ARM.attributes
                0x00000a98       0x39 drivers/secureBoot/SBCommon/SB_SW_CRYPTO/src/minsha_init.o
 .ARM.attributes
                0x00000ad1       0x39 drivers/secureBoot/SBCommon/SB_SW_CRYPTO/src/minsha_update.o
 .ARM.attributes
                0x00000b0a       0x39 drivers/secureBoot/SBCommon/SB_SW_CRYPTO/src/minsha_core.o
 .ARM.attributes
                0x00000b43       0x39 drivers/secureBoot/micro-ecc/uECC.o
 .ARM.attributes
                0x00000b7c       0x39 drivers/secureBoot/SBCommon/SB_SW_CRYPTO/src/sb_sw_ecdsa256.o
 .ARM.attributes
                0x00000bb5       0x39 drivers/secureBoot/verification/verify.o
 .ARM.attributes
                0x00000bee       0x18 /tools/gcc-arm/gcc-linaro/gcc-arm-none-eabi-4_6-2012q2/lib/gcc/arm-none-eabi/4.6.2/libgcc.a(_udivsi3.o)
 .ARM.attributes
                0x00000c06       0x18 /tools/gcc-arm/gcc-linaro/gcc-arm-none-eabi-4_6-2012q2/lib/gcc/arm-none-eabi/4.6.2/libgcc.a(_divsi3.o)
 .ARM.attributes
                0x00000c1e       0x16 /tools/gcc-arm/gcc-linaro/gcc-arm-none-eabi-4_6-2012q2/lib/gcc/arm-none-eabi/4.6.2/libgcc.a(_dvmd_tls.o)

.comment        0x00000000       0x70
 .comment       0x00000000       0x70 ./drivers/zoro/usb/usb_driver/no_os_ep0.o
                                 0x71 (size before relaxing)
 .comment       0x00000000       0x71 ./drivers/zoro/usb/usb_driver/no_os_src_sink_lpbk.o
 .comment       0x00000000       0x71 ./drivers/zoro/usb/usb_driver/no_os_gadget.o
 .comment       0x00000000       0x71 ./drivers/zoro/usb/usb_driver/conf.o
 .comment       0x00000000       0x71 ./drivers/zoro/usb/usb_driver/no_os_hiber.o
 .comment       0x00000000       0x71 ./drivers/zoro/usb/usb_driver/no_os_init.o
 .comment       0x00000000       0x71 ./drivers/zoro/usb/usb_ll/cil.o
 .comment       0x00000000       0x71 ./drivers/zoro/usb/usb_ll/cil_intr.o
 .comment       0x00000000       0x71 ./drivers/zoro/usb/usb_ll/ep0.o
 .comment       0x00000000       0x71 ./drivers/zoro/usb/usb_ll/pcd_intr.o
 .comment       0x00000000       0x71 ./drivers/zoro/usb/usb_ll/pcd.o
 .comment       0x00000000       0x71 ./drivers/zoro/usb/usb_ll/pcd_hiber.o
 .comment       0x00000000       0x71 ./drivers/inuitive/storage/src/storage.o
 .comment       0x00000000       0x71 ./drivers/inuitive/gme/gme.o
 .comment       0x00000000       0x71 ./drivers/inuitive/flash/ispi.o
 .comment       0x00000000       0x71 ./drivers/inuitive/flash/spi_flash.o
 .comment       0x00000000       0x71 ./drivers/inuitive/flash/flash_boot.o
 .comment       0x00000000       0x71 ./drivers/inuitive/ictl/ictl.o
 .comment       0x00000000       0x71 ./drivers/inuitive/timer/apb_timer.o
 .comment       0x00000000       0x71 ./drivers/synopsis/uart/DW_apb_uart/DW_apb_uart_drv.o
 .comment       0x00000000       0x71 ./drivers/synopsis/uart/DW_apb_uart/DW_apb_uart.o
 .comment       0x00000000       0x71 ./lib/arm/cache-cp15.o
 .comment       0x00000000       0x71 ./lib/arm/interrupts.o
 .comment       0x00000000       0x71 ./lib/arm/cache_v7.o
 .comment       0x00000000       0x71 ./lib/sys/memcmp.o
 .comment       0x00000000       0x71 ./lib/sys/memcpy.o
 .comment       0x00000000       0x71 ./lib/sys/memset.o
 .comment       0x00000000       0x71 ./lib/debug/string_to_gpio.o
 .comment       0x00000000       0x71 ./lib/debug/mail_box.o
 .comment       0x00000000       0x71 ./lib/debug/debug.o
 .comment       0x00000000       0x71 ./lib/debug/sim.o
 .comment       0x00000000       0x71 ./protocol/xmodem/xmodem_boot.o
 .comment       0x00000000       0x71 ./protocol/xmodem/xmodem.o
 .comment       0x00000000       0x71 ./dft/dft.o
 .comment       0x00000000       0x71 ./main/main.o
 .comment       0x00000000       0x71 ./main/system.o
 .comment       0x00000000       0x71 ./main/board.o
 .comment       0x00000000       0x71 drivers/secureBoot/SBCommon/SBIF/src/sbif_attributes.o
 .comment       0x00000000       0x71 drivers/secureBoot/SBLib/SB_SW/src/sbsw_api_decrypt.o
 .comment       0x00000000       0x71 drivers/secureBoot/SBLib/SB_SW/src/sbsw_sbif_tools_convert.o
 .comment       0x00000000       0x71 drivers/secureBoot/SBLib/SB_SW/src/sbsw_hw_init.o
 .comment       0x00000000       0x71 drivers/secureBoot/SBLib/SB_SW/src/sbsw_sw_aes_if.o
 .comment       0x00000000       0x71 drivers/secureBoot/SBLib/SB_SW/src/sbsw_sw_ecdsa_verify.o
 .comment       0x00000000       0x71 drivers/secureBoot/SBLib/SB_SW/src/sbsw_sw_publicdata.o
 .comment       0x00000000       0x71 drivers/secureBoot/Framework/CLIB/src/c_lib.o
 .comment       0x00000000       0x71 drivers/secureBoot/SBCommon/SB_SW_CRYPTO/src/sbcr_key.o
 .comment       0x00000000       0x71 drivers/secureBoot/SBCommon/SB_SW_CRYPTO/src/rijndael.o
 .comment       0x00000000       0x71 drivers/secureBoot/SBCommon/SB_SW_CRYPTO/src/minsha_init.o
 .comment       0x00000000       0x71 drivers/secureBoot/SBCommon/SB_SW_CRYPTO/src/minsha_update.o
 .comment       0x00000000       0x71 drivers/secureBoot/SBCommon/SB_SW_CRYPTO/src/minsha_core.o
 .comment       0x00000000       0x71 drivers/secureBoot/micro-ecc/uECC.o
 .comment       0x00000000       0x71 drivers/secureBoot/SBCommon/SB_SW_CRYPTO/src/sb_sw_ecdsa256.o
 .comment       0x00000000       0x71 drivers/secureBoot/verification/verify.o

.debug_line     0x00000000     0x8a13
 .debug_line    0x00000000       0xc9 boot/start.o
 .debug_line    0x000000c9      0x30c ./drivers/zoro/usb/usb_driver/no_os_ep0.o
 .debug_line    0x000003d5      0x544 ./drivers/zoro/usb/usb_driver/no_os_src_sink_lpbk.o
 .debug_line    0x00000919      0x3ab ./drivers/zoro/usb/usb_driver/no_os_gadget.o
 .debug_line    0x00000cc4        0x0 ./drivers/zoro/usb/usb_driver/conf.o
 .debug_line    0x00000cc4      0x18e ./drivers/zoro/usb/usb_driver/no_os_hiber.o
 .debug_line    0x00000e52      0x241 ./drivers/zoro/usb/usb_driver/no_os_init.o
 .debug_line    0x00001093      0xb61 ./drivers/zoro/usb/usb_ll/cil.o
 .debug_line    0x00001bf4      0x29b ./drivers/zoro/usb/usb_ll/cil_intr.o
 .debug_line    0x00001e8f      0x350 ./drivers/zoro/usb/usb_ll/ep0.o
 .debug_line    0x000021df      0x2d9 ./drivers/zoro/usb/usb_ll/pcd_intr.o
 .debug_line    0x000024b8      0x6ed ./drivers/zoro/usb/usb_ll/pcd.o
 .debug_line    0x00002ba5      0x465 ./drivers/zoro/usb/usb_ll/pcd_hiber.o
 .debug_line    0x0000300a       0xea ./drivers/inuitive/storage/src/storage.o
 .debug_line    0x000030f4      0x553 ./drivers/inuitive/gme/gme.o
 .debug_line    0x00003647       0xff ./drivers/inuitive/flash/ispi.o
 .debug_line    0x00003746      0x149 ./drivers/inuitive/flash/spi_flash.o
 .debug_line    0x0000388f       0xf7 ./drivers/inuitive/flash/flash_boot.o
 .debug_line    0x00003986      0x259 ./drivers/inuitive/ictl/ictl.o
 .debug_line    0x00003bdf      0x12e ./drivers/inuitive/timer/apb_timer.o
 .debug_line    0x00003d0d      0x1d5 ./drivers/synopsis/uart/DW_apb_uart/DW_apb_uart_drv.o
 .debug_line    0x00003ee2      0xda1 ./drivers/synopsis/uart/DW_apb_uart/DW_apb_uart.o
 .debug_line    0x00004c83      0x1c3 ./lib/arm/cache-cp15.o
 .debug_line    0x00004e46      0x1b4 ./lib/arm/interrupts.o
 .debug_line    0x00004ffa      0x1e0 ./lib/arm/cache_v7.o
 .debug_line    0x000051da      0x183 ./lib/sys/memcmp.o
 .debug_line    0x0000535d       0xfa ./lib/sys/memcpy.o
 .debug_line    0x00005457      0x19c ./lib/sys/memset.o
 .debug_line    0x000055f3       0x7b ./lib/debug/string_to_gpio.o
 .debug_line    0x0000566e       0xd2 ./lib/debug/mail_box.o
 .debug_line    0x00005740      0x257 ./lib/debug/debug.o
 .debug_line    0x00005997       0x76 ./lib/debug/sim.o
 .debug_line    0x00005a0d       0x56 ./protocol/xmodem/xmodem_boot.o
 .debug_line    0x00005a63      0x258 ./protocol/xmodem/xmodem.o
 .debug_line    0x00005cbb       0x48 ./dft/dft.o
 .debug_line    0x00005d03      0x19c ./main/main.o
 .debug_line    0x00005e9f      0x16c ./main/system.o
 .debug_line    0x0000600b      0x275 ./main/board.o
 .debug_line    0x00006280      0x1a6 drivers/secureBoot/SBCommon/SBIF/src/sbif_attributes.o
 .debug_line    0x00006426      0x52d drivers/secureBoot/SBLib/SB_SW/src/sbsw_api_decrypt.o
 .debug_line    0x00006953      0x367 drivers/secureBoot/SBLib/SB_SW/src/sbsw_sbif_tools_convert.o
 .debug_line    0x00006cba      0x216 drivers/secureBoot/SBLib/SB_SW/src/sbsw_hw_init.o
 .debug_line    0x00006ed0      0x3b6 drivers/secureBoot/SBLib/SB_SW/src/sbsw_sw_aes_if.o
 .debug_line    0x00007286      0x256 drivers/secureBoot/SBLib/SB_SW/src/sbsw_sw_ecdsa_verify.o
 .debug_line    0x000074dc      0x12c drivers/secureBoot/SBLib/SB_SW/src/sbsw_sw_publicdata.o
 .debug_line    0x00007608      0x26b drivers/secureBoot/Framework/CLIB/src/c_lib.o
 .debug_line    0x00007873       0xe0 drivers/secureBoot/SBCommon/SB_SW_CRYPTO/src/sbcr_key.o
 .debug_line    0x00007953      0x2af drivers/secureBoot/SBCommon/SB_SW_CRYPTO/src/rijndael.o
 .debug_line    0x00007c02      0x14c drivers/secureBoot/SBCommon/SB_SW_CRYPTO/src/minsha_init.o
 .debug_line    0x00007d4e      0x196 drivers/secureBoot/SBCommon/SB_SW_CRYPTO/src/minsha_update.o
 .debug_line    0x00007ee4      0x1c0 drivers/secureBoot/SBCommon/SB_SW_CRYPTO/src/minsha_core.o
 .debug_line    0x000080a4      0x5c3 drivers/secureBoot/micro-ecc/uECC.o
 .debug_line    0x00008667      0x152 drivers/secureBoot/SBCommon/SB_SW_CRYPTO/src/sb_sw_ecdsa256.o
 .debug_line    0x000087b9      0x25a drivers/secureBoot/verification/verify.o

.debug_info     0x00000000    0x27aa2
 .debug_info    0x00000000       0x69 boot/start.o
 .debug_info    0x00000069     0x26a5 ./drivers/zoro/usb/usb_driver/no_os_ep0.o
 .debug_info    0x0000270e     0x2614 ./drivers/zoro/usb/usb_driver/no_os_src_sink_lpbk.o
 .debug_info    0x00004d22     0x1e1b ./drivers/zoro/usb/usb_driver/no_os_gadget.o
 .debug_info    0x00006b3d     0x16f6 ./drivers/zoro/usb/usb_driver/no_os_hiber.o
 .debug_info    0x00008233     0x1a6c ./drivers/zoro/usb/usb_driver/no_os_init.o
 .debug_info    0x00009c9f     0x4383 ./drivers/zoro/usb/usb_ll/cil.o
 .debug_info    0x0000e022     0x1e39 ./drivers/zoro/usb/usb_ll/cil_intr.o
 .debug_info    0x0000fe5b     0x1ee3 ./drivers/zoro/usb/usb_ll/ep0.o
 .debug_info    0x00011d3e     0x1f48 ./drivers/zoro/usb/usb_ll/pcd_intr.o
 .debug_info    0x00013c86     0x261f ./drivers/zoro/usb/usb_ll/pcd.o
 .debug_info    0x000162a5     0x20d0 ./drivers/zoro/usb/usb_ll/pcd_hiber.o
 .debug_info    0x00018375      0x1f1 ./drivers/inuitive/storage/src/storage.o
 .debug_info    0x00018566     0x1181 ./drivers/inuitive/gme/gme.o
 .debug_info    0x000196e7      0x659 ./drivers/inuitive/flash/ispi.o
 .debug_info    0x00019d40      0x39e ./drivers/inuitive/flash/spi_flash.o
 .debug_info    0x0001a0de      0x250 ./drivers/inuitive/flash/flash_boot.o
 .debug_info    0x0001a32e      0x638 ./drivers/inuitive/ictl/ictl.o
 .debug_info    0x0001a966      0x242 ./drivers/inuitive/timer/apb_timer.o
 .debug_info    0x0001aba8      0xbcc ./drivers/synopsis/uart/DW_apb_uart/DW_apb_uart_drv.o
 .debug_info    0x0001b774     0x3099 ./drivers/synopsis/uart/DW_apb_uart/DW_apb_uart.o
 .debug_info    0x0001e80d      0x511 ./lib/arm/cache-cp15.o
 .debug_info    0x0001ed1e      0x3a3 ./lib/arm/interrupts.o
 .debug_info    0x0001f0c1      0x772 ./lib/arm/cache_v7.o
 .debug_info    0x0001f833      0x114 ./lib/sys/memcmp.o
 .debug_info    0x0001f947      0x110 ./lib/sys/memcpy.o
 .debug_info    0x0001fa57      0x112 ./lib/sys/memset.o
 .debug_info    0x0001fb69       0xde ./lib/debug/string_to_gpio.o
 .debug_info    0x0001fc47      0x1b1 ./lib/debug/mail_box.o
 .debug_info    0x0001fdf8      0x5bc ./lib/debug/debug.o
 .debug_info    0x000203b4       0xf8 ./lib/debug/sim.o
 .debug_info    0x000204ac       0xd3 ./protocol/xmodem/xmodem_boot.o
 .debug_info    0x0002057f      0x5d8 ./protocol/xmodem/xmodem.o
 .debug_info    0x00020b57       0x7e ./dft/dft.o
 .debug_info    0x00020bd5      0x3b9 ./main/main.o
 .debug_info    0x00020f8e      0x389 ./main/system.o
 .debug_info    0x00021317      0x75f ./main/board.o
 .debug_info    0x00021a76      0x332 drivers/secureBoot/SBCommon/SBIF/src/sbif_attributes.o
 .debug_info    0x00021da8     0x11d1 drivers/secureBoot/SBLib/SB_SW/src/sbsw_api_decrypt.o
 .debug_info    0x00022f79      0x736 drivers/secureBoot/SBLib/SB_SW/src/sbsw_sbif_tools_convert.o