Archive member included because of file (symbol)

/tools/gcc-arm/gcc-linaro/gcc-arm-none-eabi-4_6-2012q2/lib/gcc/arm-none-eabi/4.6.2/libgcc.a(_udivsi3.o)
                              ./drivers/zoro/usb/usb_ll/pcd.o (__aeabi_uidiv)
/tools/gcc-arm/gcc-linaro/gcc-arm-none-eabi-4_6-2012q2/lib/gcc/arm-none-eabi/4.6.2/libgcc.a(_divsi3.o)
                              ./drivers/zoro/usb/usb_ll/cil.o (__aeabi_idiv)
/tools/gcc-arm/gcc-linaro/gcc-arm-none-eabi-4_6-2012q2/lib/gcc/arm-none-eabi/4.6.2/libgcc.a(_dvmd_tls.o)
                              /tools/gcc-arm/gcc-linaro/gcc-arm-none-eabi-4_6-2012q2/lib/gcc/arm-none-eabi/4.6.2/libgcc.a(_udivsi3.o) (__aeabi_idiv0)

Allocating common symbols
Common symbol       size              file

build_for_hw_verif_disable_suspend
                    0x4               ./drivers/zoro/usb/usb_ll/cil.o
nu3000_num_trbs     0x4               ./drivers/zoro/usb/usb_driver/no_os_gadget.o
nu3000_dep_cfg_cb   0x4               ./drivers/zoro/usb/usb_ll/pcd.o
g_pcd_req           0x130             ./drivers/zoro/usb/usb_driver/no_os_init.o
g_pcd_req_bm        0x4               ./drivers/zoro/usb/usb_driver/no_os_init.o
bos_desc_buf        0x200             ./drivers/zoro/usb/usb_driver/no_os_ep0.o
nu3000_alloc_trb_cb
                    0x4               ./drivers/zoro/usb/usb_driver/no_os_gadget.o
g_out_trb_pool      0xc0              ./drivers/zoro/usb/usb_driver/no_os_init.o
hs_config_desc_buf  0x800             ./drivers/zoro/usb/usb_driver/no_os_ep0.o
ss_config_desc_buf  0x800             ./drivers/zoro/usb/usb_driver/no_os_ep0.o
nu3000_usb_descriptors_export
                    0x34              ./drivers/zoro/usb/usb_driver/no_os_ep0.o
g_usb3_dev          0x140             ./drivers/zoro/usb/usb_driver/no_os_init.o
dev_qualifier_buf   0xa               ./drivers/zoro/usb/usb_driver/no_os_ep0.o
bos_desc_buf_size   0x4               ./drivers/zoro/usb/usb_driver/no_os_ep0.o
fs_config_desc_buf_size
                    0x4               ./drivers/zoro/usb/usb_driver/no_os_ep0.o
device_desc_buf     0x12              ./drivers/zoro/usb/usb_driver/no_os_ep0.o
nu3000_descriptor_override
                    0x10              ./drivers/zoro/usb/usb_driver/no_os_ep0.o
max_delay_in_ticks  0x4               ./main/system.o
ICTLP_spIsrCnt      0x4               ./drivers/inuitive/ictl/ictl.o
fw_entry            0x4               ./drivers/zoro/usb/usb_driver/no_os_src_sink_lpbk.o
fs_config_desc_buf  0x800             ./drivers/zoro/usb/usb_driver/no_os_ep0.o
g_in_trb_pool       0xc0              ./drivers/zoro/usb/usb_driver/no_os_init.o
build_for_hw_verif_scale_down
                    0x4               ./drivers/zoro/usb/usb_ll/cil.o
ss_config_desc_buf_size
                    0x4               ./drivers/zoro/usb/usb_driver/no_os_ep0.o
nu3000_string_descriptors
                    0x500             ./drivers/zoro/usb/usb_driver/no_os_ep0.o
nu3000_iso_rate     0x40              ./drivers/zoro/usb/usb_driver/no_os_ep0.o
hs_config_desc_buf_size
                    0x4               ./drivers/zoro/usb/usb_driver/no_os_ep0.o

Discarded input sections

 .data          0x00000000        0x0 boot/start.o
 .bss           0x00000000        0x0 boot/start.o
 .text          0x00000000        0x0 ./protocol/xmodem/xmodem_boot.o
 .data          0x00000000        0x0 ./protocol/xmodem/xmodem_boot.o
 .bss           0x00000000        0x0 ./protocol/xmodem/xmodem_boot.o
 .text          0x00000000        0x0 ./protocol/xmodem/xmodem.o
 .data          0x00000000        0x0 ./protocol/xmodem/xmodem.o
 .bss           0x00000000        0x0 ./protocol/xmodem/xmodem.o
 .text          0x00000000        0x0 ./main/main.o
 .data          0x00000000        0x0 ./main/main.o
 .bss           0x00000000        0x0 ./main/main.o
 .text.bootrom_hie_regs_show
                0x00000000        0x4 ./main/main.o
 .text          0x00000000        0x0 ./main/board.o
 .data          0x00000000        0x0 ./main/board.o
 .bss           0x00000000        0x0 ./main/board.o
 .text.board_pll_status_show
                0x00000000       0xbc ./main/board.o
 .text          0x00000000        0x0 ./main/system.o
 .data          0x00000000        0x0 ./main/system.o
 .bss           0x00000000        0x0 ./main/system.o
 .text.system_getSwVersion
                0x00000000       0x34 ./main/system.o
 .text.system_getHwVersion
                0x00000000        0xc ./main/system.o
 .text.system_mdelay
                0x00000000       0x2c ./main/system.o
 .text.system_hard_reset
                0x00000000       0x10 ./main/system.o
 COMMON         0x00000000        0x4 ./main/system.o
 .text          0x00000000        0x0 ./dft/dft.o
 .data          0x00000000        0x0 ./dft/dft.o
 .bss           0x00000000        0x0 ./dft/dft.o
 .text          0x00000000        0x0 ./drivers/inuitive/ictl/ictl.o
 .data          0x00000000        0x0 ./drivers/inuitive/ictl/ictl.o
 .bss           0x00000000        0x0 ./drivers/inuitive/ictl/ictl.o
[...]
Memory Configuration

Name             Origin             Length             Attributes
ROM              0x00000000         0x00020000         xr
LRAM             0x02000000         0x00060000         xrw
*default*        0x00000000         0xffffffff

Linker script and memory map

                0x02000000                __LRAM_ADDRESS = ORIGIN (LRAM)
                0x00060000                __LRAM_SIZE = 0x60000
                0x00002000                IRQ_STACK_SIZE = 0x2000
                0x00000200                ABT_STACK_SIZE = 0x200
                0x00002000                C_STACK_SIZE = 0x2000
                0x00004200                STACK_MAX_SIZE = ((C_STACK_SIZE + IRQ_STACK_SIZE) + ABT_STACK_SIZE)
                0x00004000                BSS_MAX_SIZE = 0x4000
                0x00004000                PBSS_MAX_SIZE = 0x4000
                0x00004000                TLB_MAX_SIZE = 0x4000
                0x00004000                PAGETABLE_MAX_SIZE = 0x4000
                0x00000000                . = ALIGN (0x4)

.text           0x00000000     0xe4c0
 *(.text*)
 .text          0x00000000      0x460 boot/start.o
                0x00000000                _start
                0x00000040                _end_vect
                0x00000040                _major_version
                0x00000044                _minor_version
                0x00000048                _build_version
                0x00000058                HEAP_START
                0x0000005c                HEAP_END
                0x000000c0                cpu_init_cp15
                0x00000100                usb_resume
                0x00000120                enable_async_abort
                0x00000130                cpu_init_crit
 .text.xmodem_boot_init
                0x00000460       0x70 ./protocol/xmodem/xmodem_boot.o
                0x00000460                xmodem_boot_init
 .text.xmodem_wait_rx_char
                0x000004d0       0x70 ./protocol/xmodem/xmodem.o
 .text.uart_boot_is_ready
                0x00000540       0x18 ./protocol/xmodem/xmodem.o
 .text.xmodem_init
                0x00000558       0x40 ./protocol/xmodem/xmodem.o
                0x00000558                xmodem_init
 .text.xmodem_calculate_crc16
                0x00000598       0x48 ./protocol/xmodem/xmodem.o
                0x00000598                xmodem_calculate_crc16
 .text.xmodem_rx_file
                0x000005e0      0x3c0 ./protocol/xmodem/xmodem.o
                0x000005e0                xmodem_rx_file
 .text.bootrom_hw_verif_flags_set
                0x000009a0       0x14 ./main/main.o
                0x000009a0                bootrom_hw_verif_flags_set
 .text.bootrom_usb_phy_init
                0x000009b4       0x10 ./main/main.o
                0x000009b4                bootrom_usb_phy_init
 .text.bootrom_basic_init
                0x000009c4       0x7c ./main/main.o
                0x000009c4                bootrom_basic_init
 .text.bootrom_bg_usb
                0x00000a40       0x10 ./main/main.o
                0x00000a40                bootrom_bg_usb
 .text.bootrom_usb_resume
                0x00000a50       0x68 ./main/main.o
                0x00000a50                bootrom_usb_resume
 .text.bootrom_init
                0x00000ab8       0xc0 ./main/main.o
                0x00000ab8                bootrom_init
 .text.bootrom_por
                0x00000b78       0xc4 ./main/main.o
                0x00000b78                bootrom_por
 .text.get_strap_info
                0x00000c3c        0xc ./main/main.o
                0x00000c3c                get_strap_info
 .text.getTcaField
                0x00000c48       0x3c ./main/board.o
 .text.setTcaField
                0x00000c84       0x48 ./main/board.o
 .text.board_dbg_uart_init
                0x00000ccc       0x54 ./main/board.o
                0x00000ccc                board_dbg_uart_init
 .text.board_boot_uart_init
                0x00000d20       0x54 ./main/board.o
                0x00000d20                board_boot_uart_init
 .text.board_timer_init
                0x00000d74       0x1c ./main/board.o
                0x00000d74                board_timer_init
 .text.board_spi_init
                0x00000d90       0x3c ./main/board.o
                0x00000d90                board_spi_init
 .text.board_usb_init
                0x00000dcc       0x3c ./main/board.o
                0x00000dcc                board_usb_init
 .text.board_lram_clk_set
                0x00000e08       0x68 ./main/board.o
                0x00000e08                board_lram_clk_set
 .text.board_sys_clk_set
                0x00000e70       0x78 ./main/board.o
                0x00000e70                board_sys_clk_set
 .text.board_gpp_clk_set
                0x00000ee8       0x7c ./main/board.o
                0x00000ee8                board_gpp_clk_set
 .text.board_clks_set
                0x00000f64       0x14 ./main/board.o
                0x00000f64                board_clks_set
 .text.board_clks_restore
                0x00000f78       0x58 ./main/board.o
                0x00000f78                board_clks_restore
 .text.board_basic_init
                0x00000fd0       0x1c ./main/board.o
                0x00000fd0                board_basic_init
 .text.board_usb_phy_init
                0x00000fec       0x24 ./main/board.o
                0x00000fec                board_usb_phy_init
 .text.board_usb_typec_orientation
                0x00001010      0x10c ./main/board.o
                0x00001010                board_usb_typec_orientation
 .text.board_usb_phy_dump_regs
                0x0000111c       0x68 ./main/board.o
                0x0000111c                board_usb_phy_dump_regs
 .text.board_bootstrap_get
                0x00001184       0x34 ./main/board.o
                0x00001184                board_bootstrap_get
 .text.board_set_mode
                0x000011b8       0x10 ./main/board.o
                0x000011b8                board_set_mode
 .text.board_clk_pll_basic_init
                0x000011c8       0x28 ./main/board.o
                0x000011c8                board_clk_pll_basic_init
 .text.get_board_info
                0x000011f0       0x20 ./main/board.o
                0x000011f0                get_board_info
 .text.get_tick_count
                0x00001210       0x14 ./main/system.o
 .text.system_tick_delay
                0x00001224       0xa0 ./main/system.o
                0x00001224                system_tick_delay
 .text.system_udelay
                0x000012c4       0x30 ./main/system.o
                0x000012c4                system_udelay
 .text.system_ticks_per_msec
                0x000012f4       0x20 ./main/system.o
                0x000012f4                system_ticks_per_msec
 .text.system_power_mode
                0x00001314       0x20 ./main/system.o
                0x00001314                system_power_mode
 .text.system_is_self_powered
                0x00001334        0x8 ./main/system.o
                0x00001334                system_is_self_powered
 .text.system_usb_typec_orientation
                0x0000133c       0x14 ./main/system.o
                0x0000133c                system_usb_typec_orientation
 .text.system_jump_to_address
                0x00001350       0x14 ./main/system.o
                0x00001350                system_jump_to_address
 .text.enable_caches
                0x00001364       0x10 ./main/system.o
                0x00001364                enable_caches
 .text.disable_caches
                0x00001374       0x10 ./main/system.o
                0x00001374                disable_caches
 .text.run_test_mode
                0x00001384       0x54 ./dft/dft.o
                0x00001384                run_test_mode
 .text.ICTLP_setPriorityLevel
                0x000013d8       0x18 ./drivers/inuitive/ictl/ictl.o
 .text.ICTLP_setPrioLevelVector
                0x000013f0       0x18 ./drivers/inuitive/ictl/ictl.o
 .text.ICTLP_prNIsr
                0x00001408       0xc0 ./drivers/inuitive/ictl/ictl.o
 .text.ICTLP_prDbgIsr
                0x000014c8        0x4 ./drivers/inuitive/ictl/ictl.o
 .text.ICTLP_spuriousIsr
                0x000014cc       0x18 ./drivers/inuitive/ictl/ictl.o
 .text.ICTLP_pr2Isr
                0x000014e4       0x20 ./drivers/inuitive/ictl/ictl.o
 .text.ICTLP_pr1Isr
                0x00001504       0x20 ./drivers/inuitive/ictl/ictl.o
 .text.ICTLP_pr0Isr
                0x00001524       0x20 ./drivers/inuitive/ictl/ictl.o
 .text.ICTLG_init
                0x00001544      0x120 ./drivers/inuitive/ictl/ictl.o
                0x00001544                ICTLG_init
 .text.ICTLG_registerIsr
                0x00001664       0xf4 ./drivers/inuitive/ictl/ictl.o
                0x00001664                ICTLG_registerIsr
 .text.ICTLG_deRegisterIsr
                0x00001758       0xb4 ./drivers/inuitive/ictl/ictl.o
                0x00001758                ICTLG_deRegisterIsr
 .text.ICTLG_unMaskInt
                0x0000180c       0x40 ./drivers/inuitive/ictl/ictl.o
                0x0000180c                ICTLG_unMaskInt
 .text.ICTLG_irqHandler
                0x0000184c       0x28 ./drivers/inuitive/ictl/ictl.o
                0x0000184c                ICTLG_irqHandler
 .text.APB_TIMERP_read
                0x00001874       0x18 ./drivers/inuitive/timer/apb_timer.o
 .text.APB_TIMERP_write
                0x0000188c       0x18 ./drivers/inuitive/timer/apb_timer.o
 .text.APB_TIMERG_start
                0x000018a4       0x1c ./drivers/inuitive/timer/apb_timer.o
                0x000018a4                APB_TIMERG_start
 .text.APB_TIMERG_isStarted
                0x000018c0       0x14 ./drivers/inuitive/timer/apb_timer.o
                0x000018c0                APB_TIMERG_isStarted
 .text.APB_TIMERG_read
                0x000018d4       0x10 ./drivers/inuitive/timer/apb_timer.o
                0x000018d4                APB_TIMERG_read
 .text.APB_TIMERG_setLoadCnt
                0x000018e4       0x10 ./drivers/inuitive/timer/apb_timer.o
                0x000018e4                APB_TIMERG_setLoadCnt
 .text.APB_TIMERG_init
                0x000018f4       0x44 ./drivers/inuitive/timer/apb_timer.o
                0x000018f4                APB_TIMERG_init
 .text.APB_TIMERG_getLoadCnt
                0x00001938       0x10 ./drivers/inuitive/timer/apb_timer.o
                0x00001938                APB_TIMERG_getLoadCnt
 .text.APB_TIMERG_wdtDisable
                0x00001948       0x14 ./drivers/inuitive/timer/apb_timer.o
                0x00001948                APB_TIMERG_wdtDisable
 .text.SPI_FLASHG_Read
                0x0000195c       0x68 ./drivers/inuitive/flash/spi_flash.o
                0x0000195c                SPI_FLASHG_Read
 .text.SPI_FLASHG_init
                0x000019c4        0xc ./drivers/inuitive/flash/spi_flash.o
                0x000019c4                SPI_FLASHG_init
 .text.SPI_DRVG_open
                0x000019d0      0x130 ./drivers/inuitive/flash/ispi.o
                0x000019d0                SPI_DRVG_open
 .text.SPI_DRVG_spiTransaction
                0x00001b00      0x208 ./drivers/inuitive/flash/ispi.o
                0x00001b00                SPI_DRVG_spiTransaction
 .text.flash_is_valid
                0x00001d08       0x1c ./drivers/inuitive/flash/flash_boot.o
                0x00001d08                flash_is_valid
 .text.flash_is_bootable
                0x00001d24       0x34 ./drivers/inuitive/flash/flash_boot.o
                0x00001d24                flash_is_bootable
 .text.flash_init
                0x00001d58       0xa0 ./drivers/inuitive/flash/flash_boot.o
                0x00001d58                flash_init
 .text.flash_boot
                0x00001df8       0xf4 ./drivers/inuitive/flash/flash_boot.o
                0x00001df8                flash_boot
 .text.storage_flash_init
                0x00001eec        0xc ./drivers/inuitive/storage/src/storage.o
                0x00001eec                storage_flash_init
 .text.storage_flash_boot_check
                0x00001ef8       0x34 ./drivers/inuitive/storage/src/storage.o
                0x00001ef8                storage_flash_boot_check
 .text.storage_boot
                0x00001f2c       0x24 ./drivers/inuitive/storage/src/storage.o
                0x00001f2c                storage_boot
 .text.GMEG_resetPowerState
                0x00001f50       0x24 ./drivers/inuitive/gme/gme.o
                0x00001f50                GMEG_resetPowerState
 .text.GMEG_configSysPll
                0x00001f74       0xec ./drivers/inuitive/gme/gme.o
                0x00001f74                GMEG_configSysPll
 .text.GMEG_lockSysPll
                0x00002060       0x18 ./drivers/inuitive/gme/gme.o
                0x00002060                GMEG_lockSysPll
 .text.GMEG_configCpuPll
                0x00002078       0xec ./drivers/inuitive/gme/gme.o
                0x00002078                GMEG_configCpuPll
 .text.GMEG_lockCpuPll
                0x00002164       0x18 ./drivers/inuitive/gme/gme.o
                0x00002164                GMEG_lockCpuPll
 .text.GMEG_configDspPll
                0x0000217c       0xec ./drivers/inuitive/gme/gme.o
                0x0000217c                GMEG_configDspPll
 .text.GMEG_lockDspPll
                0x00002268       0x18 ./drivers/inuitive/gme/gme.o
                0x00002268                GMEG_lockDspPll
 .text.GMEG_configPllLockCnt
                0x00002280       0x4c ./drivers/inuitive/gme/gme.o
                0x00002280                GMEG_configPllLockCnt
 .text.GMEG_isSysPllEnabled
                0x000022cc       0x14 ./drivers/inuitive/gme/gme.o
                0x000022cc                GMEG_isSysPllEnabled
 .text.GMEG_isCpuPllEnabled
                0x000022e0       0x14 ./drivers/inuitive/gme/gme.o
                0x000022e0                GMEG_isCpuPllEnabled
 .text.GMEG_isDspPllEnabled
                0x000022f4       0x14 ./drivers/inuitive/gme/gme.o
                0x000022f4                GMEG_isDspPllEnabled
 .text.GMEG_setGppClockSrc
                0x00002308       0x20 ./drivers/inuitive/gme/gme.o
                0x00002308                GMEG_setGppClockSrc
 .text.GMEG_setGppClockDiv
                0x00002328       0x20 ./drivers/inuitive/gme/gme.o
                0x00002328                GMEG_setGppClockDiv
 .text.GMEG_setSysClockSrc
                0x00002348       0x20 ./drivers/inuitive/gme/gme.o
                0x00002348                GMEG_setSysClockSrc
 .text.GMEG_setSysClockDiv
                0x00002368       0x20 ./drivers/inuitive/gme/gme.o
                0x00002368                GMEG_setSysClockDiv
 .text.GMEG_setLramClockSrc
                0x00002388       0x20 ./drivers/inuitive/gme/gme.o
                0x00002388                GMEG_setLramClockSrc
 .text.GMEG_setUsbClockDiv
                0x000023a8       0x20 ./drivers/inuitive/gme/gme.o
                0x000023a8                GMEG_setUsbClockDiv
 .text.GMEG_setUartClockDiv
                0x000023c8       0x50 ./drivers/inuitive/gme/gme.o
                0x000023c8                GMEG_setUartClockDiv
 .text.GMEG_setUartClockSrc
                0x00002418       0x50 ./drivers/inuitive/gme/gme.o
                0x00002418                GMEG_setUartClockSrc
 .text.GMEG_setFcuClockDiv
                0x00002468       0x24 ./drivers/inuitive/gme/gme.o
                0x00002468                GMEG_setFcuClockDiv
 .text.GMEG_changeUnitFreq
                0x0000248c       0xbc ./drivers/inuitive/gme/gme.o
                0x0000248c                GMEG_changeUnitFreq
 .text.GMEG_disableClk
                0x00002548      0x1cc ./drivers/inuitive/gme/gme.o
                0x00002548                GMEG_disableClk
 .text.GMEP_setPowerSuspend
                0x00002714       0x5c ./drivers/inuitive/gme/gme.o
                0x00002714                GMEP_setPowerSuspend
 .text.GMEG_setSuspendMode
                0x00002770       0x3c ./drivers/inuitive/gme/gme.o
                0x00002770                GMEG_setSuspendMode
 .text.GMEG_enableClk
                0x000027ac      0x200 ./drivers/inuitive/gme/gme.o
                0x000027ac                GMEG_enableClk
 .text.GMEG_setResumeAddr
                0x000029ac       0x10 ./drivers/inuitive/gme/gme.o
                0x000029ac                GMEG_setResumeAddr
 .text.GMEG_getBootMode
                0x000029bc       0x14 ./drivers/inuitive/gme/gme.o
                0x000029bc                GMEG_getBootMode
 .text.GMEG_isUartDebug
                0x000029d0       0x1c ./drivers/inuitive/gme/gme.o
                0x000029d0                GMEG_isUartDebug
 .text.GMEG_isTypecInvert
                0x000029ec       0x14 ./drivers/inuitive/gme/gme.o
                0x000029ec                GMEG_isTypecInvert
 .text.GMEG_isTestMode
                0x00002a00       0x14 ./drivers/inuitive/gme/gme.o
                0x00002a00                GMEG_isTestMode
 .text.GMEG_setUartMux
                0x00002a14        0x4 ./drivers/inuitive/gme/gme.o
                0x00002a14                GMEG_setUartMux
 .text.GMEG_readReg
                0x00002a18       0x10 ./drivers/inuitive/gme/gme.o
                0x00002a18                GMEG_readReg
 .text.GMEG_writeSaveAndRestoreReg
                0x00002a28       0x18 ./drivers/inuitive/gme/gme.o
                0x00002a28                GMEG_writeSaveAndRestoreReg
 .text.GMEG_disableSuspendTimer
                0x00002a40       0x18 ./drivers/inuitive/gme/gme.o
                0x00002a40                GMEG_disableSuspendTimer
 .text.GMEG_phyBridgeWaitForAckFall
                0x00002a58       0x18 ./drivers/inuitive/gme/gme.o
                0x00002a58                GMEG_phyBridgeWaitForAckFall
 .text.GMEG_phyBridgeWaitForAckRise
                0x00002a70       0x18 ./drivers/inuitive/gme/gme.o
                0x00002a70                GMEG_phyBridgeWaitForAckRise
 .text.GMEG_phyBridgeCapAddr
                0x00002a88       0x44 ./drivers/inuitive/gme/gme.o
                0x00002a88                GMEG_phyBridgeCapAddr
 .text.GMEG_setUsbPhyReg
                0x00002acc       0x78 ./drivers/inuitive/gme/gme.o
                0x00002acc                GMEG_setUsbPhyReg
 .text.GMEG_initUsbPhyParam
                0x00002b44       0x88 ./drivers/inuitive/gme/gme.o
                0x00002b44                GMEG_initUsbPhyParam
 .text.dis_eventbuf_intr
                0x00002bcc       0x18 ./drivers/zoro/usb/usb_ll/cil_intr.o
 .text.update_eventbuf_count
                0x00002be4       0x10 ./drivers/zoro/usb/usb_ll/cil_intr.o
 .text.dwc_usb3_dis_flush_eventbuf_intr
                0x00002bf4       0x34 ./drivers/zoro/usb/usb_ll/cil_intr.o
                0x00002bf4                dwc_usb3_dis_flush_eventbuf_intr
 .text.dwc_usb3_init_eventbuf
                0x00002c28       0x4c ./drivers/zoro/usb/usb_ll/cil_intr.o
                0x00002c28                dwc_usb3_init_eventbuf
 .text.dwc_usb3_enable_common_interrupts
                0x00002c74       0x24 ./drivers/zoro/usb/usb_ll/cil_intr.o
                0x00002c74                dwc_usb3_enable_common_interrupts
 .text.dwc_usb3_enable_device_interrupts
                0x00002c98       0x30 ./drivers/zoro/usb/usb_ll/cil_intr.o
                0x00002c98                dwc_usb3_enable_device_interrupts
 .text.dwc_usb3_handle_event
                0x00002cc8      0x130 ./drivers/zoro/usb/usb_ll/cil_intr.o
                0x00002cc8                dwc_usb3_handle_event
 .text.dwc_usb3_irq
                0x00002df8       0xf0 ./drivers/zoro/usb/usb_ll/cil_intr.o
                0x00002df8                dwc_usb3_irq
 .text._handshake
                0x00002ee8       0x30 ./drivers/zoro/usb/usb_ll/cil.o
 .text.dwc_usb3_fill_desc
                0x00002f18       0x48 ./drivers/zoro/usb/usb_ll/cil.o
                0x00002f18                dwc_usb3_fill_desc
 .text.dwc_usb3_enable_desc
                0x00002f60       0x10 ./drivers/zoro/usb/usb_ll/cil.o
                0x00002f60                dwc_usb3_enable_desc
 .text.dwc_usb3_xmit_fn_remote_wake
                0x00002f70       0x60 ./drivers/zoro/usb/usb_ll/cil.o
                0x00002f70                dwc_usb3_xmit_fn_remote_wake
 .text.dwc_usb3_set_scratchpad_buf_array
                0x00002fd0       0x38 ./drivers/zoro/usb/usb_ll/cil.o
                0x00002fd0                dwc_usb3_set_scratchpad_buf_array
 .text.dwc_usb3_dep_cfg
                0x00003008       0x34 ./drivers/zoro/usb/usb_ll/cil.o
                0x00003008                dwc_usb3_dep_cfg
 .text.dwc_usb3_dep_xfercfg
                0x0000303c       0x28 ./drivers/zoro/usb/usb_ll/cil.o
                0x0000303c                dwc_usb3_dep_xfercfg
 .text.dwc_usb3_dep_sstall
                0x00003064       0x24 ./drivers/zoro/usb/usb_ll/cil.o
                0x00003064                dwc_usb3_dep_sstall
 .text.dwc_usb3_dep_cstall
                0x00003088       0x24 ./drivers/zoro/usb/usb_ll/cil.o
                0x00003088                dwc_usb3_dep_cstall
 .text.dwc_usb3_dep_startxfer
                0x000030ac       0x40 ./drivers/zoro/usb/usb_ll/cil.o
                0x000030ac                dwc_usb3_dep_startxfer
 .text.dwc_usb3_dep_updatexfer
                0x000030ec       0x2c ./drivers/zoro/usb/usb_ll/cil.o
                0x000030ec                dwc_usb3_dep_updatexfer
 .text.dwc_usb3_dep_endxfer
                0x00003118       0x34 ./drivers/zoro/usb/usb_ll/cil.o
                0x00003118                dwc_usb3_dep_endxfer
 .text.dwc_usb3_dep_startnewcfg
                0x0000314c       0x2c ./drivers/zoro/usb/usb_ll/cil.o
                0x0000314c                dwc_usb3_dep_startnewcfg
 .text.dwc_usb3_enable_ep
                0x00003178       0x3c ./drivers/zoro/usb/usb_ll/cil.o
                0x00003178                dwc_usb3_enable_ep
 .text.dwc_usb3_disable_ep
                0x000031b4       0x3c ./drivers/zoro/usb/usb_ll/cil.o
                0x000031b4                dwc_usb3_disable_ep
 .text.dwc_usb3_get_device_speed
                0x000031f0       0x54 ./drivers/zoro/usb/usb_ll/cil.o
                0x000031f0                dwc_usb3_get_device_speed
 .text.dwc_usb3_get_frame
                0x00003244       0x10 ./drivers/zoro/usb/usb_ll/cil.o
                0x00003244                dwc_usb3_get_frame
 .text.dwc_usb3_pcd_get_link_state
                0x00003254       0x10 ./drivers/zoro/usb/usb_ll/cil.o
                0x00003254                dwc_usb3_pcd_get_link_state
 .text.dwc_usb3_pcd_set_link_state
                0x00003264       0x28 ./drivers/zoro/usb/usb_ll/cil.o
                0x00003264                dwc_usb3_pcd_set_link_state
 .text.dwc_usb3_pcd_remote_wake
                0x0000328c       0x18 ./drivers/zoro/usb/usb_ll/cil.o
                0x0000328c                dwc_usb3_pcd_remote_wake
 .text.dwc_usb3_set_address
                0x000032a4       0x18 ./drivers/zoro/usb/usb_ll/cil.o
                0x000032a4                dwc_usb3_set_address
 .text.dwc_usb3_ena_usb2_phy_suspend
                0x000032bc       0x58 ./drivers/zoro/usb/usb_ll/cil.o
                0x000032bc                dwc_usb3_ena_usb2_phy_suspend
 .text.dwc_usb3_dis_usb2_phy_suspend
                0x00003314       0x18 ./drivers/zoro/usb/usb_ll/cil.o
                0x00003314                dwc_usb3_dis_usb2_phy_suspend
 .text.dwc_usb3_ena_usb3_phy_suspend
                0x0000332c       0x18 ./drivers/zoro/usb/usb_ll/cil.o
                0x0000332c                dwc_usb3_ena_usb3_phy_suspend
 .text.dwc_usb3_dis_usb3_phy_suspend
                0x00003344       0x18 ./drivers/zoro/usb/usb_ll/cil.o
                0x00003344                dwc_usb3_dis_usb3_phy_suspend
 .text.dwc_usb3_accept_u1
                0x0000335c       0x14 ./drivers/zoro/usb/usb_ll/cil.o
                0x0000335c                dwc_usb3_accept_u1
 .text.dwc_usb3_accept_u2
                0x00003370       0x14 ./drivers/zoro/usb/usb_ll/cil.o
                0x00003370                dwc_usb3_accept_u2
 .text.dwc_usb3_enable_u1
                0x00003384       0x14 ./drivers/zoro/usb/usb_ll/cil.o
                0x00003384                dwc_usb3_enable_u1
 .text.dwc_usb3_enable_u2
                0x00003398       0x14 ./drivers/zoro/usb/usb_ll/cil.o
                0x00003398                dwc_usb3_enable_u2
 .text.dwc_usb3_disable_u1
                0x000033ac       0x14 ./drivers/zoro/usb/usb_ll/cil.o
                0x000033ac                dwc_usb3_disable_u1
 .text.dwc_usb3_disable_u2
                0x000033c0       0x14 ./drivers/zoro/usb/usb_ll/cil.o
                0x000033c0                dwc_usb3_disable_u2
 .text.dwc_usb3_u1_enabled
                0x000033d4       0x10 ./drivers/zoro/usb/usb_ll/cil.o
                0x000033d4                dwc_usb3_u1_enabled
 .text.dwc_usb3_u2_enabled
                0x000033e4       0x10 ./drivers/zoro/usb/usb_ll/cil.o
                0x000033e4                dwc_usb3_u2_enabled
 .text.dwc_usb3_clr_eps_enabled
                0x000033f4       0x80 ./drivers/zoro/usb/usb_ll/cil.o
                0x000033f4                dwc_usb3_clr_eps_enabled
 .text.dwc_usb3_pcd_common_init
                0x00003474       0xb0 ./drivers/zoro/usb/usb_ll/cil.o
                0x00003474                dwc_usb3_pcd_common_init
 .text.dwc_usb3_pcd_common_remove
                0x00003524        0x4 ./drivers/zoro/usb/usb_ll/cil.o
                0x00003524                dwc_usb3_pcd_common_remove
 .text.dwc_usb3_pcd_check_snpsid
                0x00003528       0x30 ./drivers/zoro/usb/usb_ll/cil.o
                0x00003528                dwc_usb3_pcd_check_snpsid
 .text.dwc_usb3_set_tx_fifo_size
                0x00003558       0xf8 ./drivers/zoro/usb/usb_ll/cil.o
                0x00003558                dwc_usb3_set_tx_fifo_size
 .text.dwc_usb3_set_rx_fifo_size
                0x00003650       0x64 ./drivers/zoro/usb/usb_ll/cil.o
                0x00003650                dwc_usb3_set_rx_fifo_size
 .text.dwc_usb3_pcd_device_init
                0x000036b4      0x430 ./drivers/zoro/usb/usb_ll/cil.o
                0x000036b4                dwc_usb3_pcd_device_init
 .text.dwc_usb3_pcd_device_remove
                0x00003ae4       0x8c ./drivers/zoro/usb/usb_ll/cil.o
                0x00003ae4                dwc_usb3_pcd_device_remove
 .text.dwc_reenable_xfer_and_restart
                0x00003b70      0x164 ./drivers/zoro/usb/usb_ll/pcd_hiber.o
 .text.dwc_exit_hibernation_after_connect
                0x00003cd4      0x1fc ./drivers/zoro/usb/usb_ll/pcd_hiber.o
                0x00003cd4                dwc_exit_hibernation_after_connect
 .text.dwc_exit_hibernation
                0x00003ed0      0x1a0 ./drivers/zoro/usb/usb_ll/pcd_hiber.o
                0x00003ed0                dwc_exit_hibernation
 .text.ep0_do_stall
                0x00004070       0x40 ./drivers/zoro/usb/usb_ll/ep0.o
 .text.ep0_continue_transfer
                0x000040b0       0x80 ./drivers/zoro/usb/usb_ll/ep0.o
 .text.ep0_complete_request
                0x00004130      0x114 ./drivers/zoro/usb/usb_ll/ep0.o
 .text.dwc_usb3_pcd_ep0_data_stage
                0x00004244       0x58 ./drivers/zoro/usb/usb_ll/ep0.o
                0x00004244                dwc_usb3_pcd_ep0_data_stage
 .text.dwc_usb3_do_setup
                0x0000429c      0xb18 ./drivers/zoro/usb/usb_ll/ep0.o
                0x0000429c                dwc_usb3_do_setup
 .text.dwc_usb3_handle_ep0
                0x00004db4      0x2d8 ./drivers/zoro/usb/usb_ll/ep0.o
                0x00004db4                dwc_usb3_handle_ep0
 .text.dwc_usb3_handle_ep0_xfer
                0x0000508c       0x4c ./drivers/zoro/usb/usb_ll/ep0.o
                0x0000508c                dwc_usb3_handle_ep0_xfer
 .text.dwc_usb3_stop_xfer
                0x000050d8       0x9c ./drivers/zoro/usb/usb_ll/pcd.o
 .text.dwc_usb3_pcd_trb_alloc
                0x00005174      0x110 ./drivers/zoro/usb/usb_ll/pcd.o
                0x00005174                dwc_usb3_pcd_trb_alloc
 .text.dwc_usb3_pcd_trb_free
                0x00005284       0x2c ./drivers/zoro/usb/usb_ll/pcd.o
                0x00005284                dwc_usb3_pcd_trb_free
 .text.dwc_usb3_pcd_fill_trbs
                0x000052b0      0x1ec ./drivers/zoro/usb/usb_ll/pcd.o
                0x000052b0                dwc_usb3_pcd_fill_trbs
 .text.dwc_usb3_ep0_activate
                0x0000549c       0xe4 ./drivers/zoro/usb/usb_ll/pcd.o
                0x0000549c                dwc_usb3_ep0_activate
 .text.dwc_usb3_ep_activate
                0x00005580      0x268 ./drivers/zoro/usb/usb_ll/pcd.o
                0x00005580                dwc_usb3_ep_activate
 .text.dwc_usb3_pcd_ep0_out_start
                0x000057e8       0x74 ./drivers/zoro/usb/usb_ll/pcd.o
                0x000057e8                dwc_usb3_pcd_ep0_out_start
 .text.dwc_usb3_pcd_ep0_start_transfer
                0x0000585c      0x150 ./drivers/zoro/usb/usb_ll/pcd.o
                0x0000585c                dwc_usb3_pcd_ep0_start_transfer
 .text.dwc_usb3_pcd_ep_start_transfer
                0x000059ac      0x1e4 ./drivers/zoro/usb/usb_ll/pcd.o
                0x000059ac                dwc_usb3_pcd_ep_start_transfer
 .text.dwc_usb3_pcd_isoc_ep_hiber_restart
                0x00005b90       0x6c ./drivers/zoro/usb/usb_ll/pcd.o
                0x00005b90                dwc_usb3_pcd_isoc_ep_hiber_restart
 .text.dwc_usb3_stop_all_xfers
                0x00005bfc       0xa0 ./drivers/zoro/usb/usb_ll/pcd.o
                0x00005bfc                dwc_usb3_stop_all_xfers
 .text.dwc_usb3_pcd_ep_set_stall
                0x00005c9c       0x34 ./drivers/zoro/usb/usb_ll/pcd.o
                0x00005c9c                dwc_usb3_pcd_ep_set_stall
 .text.dwc_usb3_pcd_ep_clear_stall
                0x00005cd0       0x34 ./drivers/zoro/usb/usb_ll/pcd.o
                0x00005cd0                dwc_usb3_pcd_ep_clear_stall
 .text.dwc_usb3_get_out_ep
                0x00005d04       0x14 ./drivers/zoro/usb/usb_ll/pcd.o
                0x00005d04                dwc_usb3_get_out_ep
 .text.dwc_usb3_get_in_ep
                0x00005d18       0x14 ./drivers/zoro/usb/usb_ll/pcd.o
                0x00005d18                dwc_usb3_get_in_ep
 .text.dwc_usb3_pcd_get_ep_by_addr
                0x00005d2c       0x28 ./drivers/zoro/usb/usb_ll/pcd.o
                0x00005d2c                dwc_usb3_pcd_get_ep_by_addr
 .text.dwc_usb3_pcd_ep_enable
                0x00005d54      0x158 ./drivers/zoro/usb/usb_ll/pcd.o
                0x00005d54                dwc_usb3_pcd_ep_enable
 .text.dwc_usb3_pcd_ep_disable
                0x00005eac       0xd4 ./drivers/zoro/usb/usb_ll/pcd.o
                0x00005eac                dwc_usb3_pcd_ep_disable
 .text.dwc_usb3_pcd_ep_submit_req
                0x00005f80      0x100 ./drivers/zoro/usb/usb_ll/pcd.o
                0x00005f80                dwc_usb3_pcd_ep_submit_req
 .text.dwc_usb3_pcd_request_done
                0x00006080       0x70 ./drivers/zoro/usb/usb_ll/pcd.o
                0x00006080                dwc_usb3_pcd_request_done
 .text.dwc_usb3_ep_complete_request
                0x000060f0      0x264 ./drivers/zoro/usb/usb_ll/pcd.o
                0x000060f0                dwc_usb3_ep_complete_request
 .text.dwc_usb3_complete_request
                0x00006354       0x88 ./drivers/zoro/usb/usb_ll/pcd.o
                0x00006354                dwc_usb3_complete_request
 .text.dwc_usb3_pcd_stop
                0x000063dc       0xcc ./drivers/zoro/usb/usb_ll/pcd.o
                0x000063dc                dwc_usb3_pcd_stop
 .text.dwc_usb3_pcd_init
                0x000064a8      0x1e0 ./drivers/zoro/usb/usb_ll/pcd.o
                0x000064a8                dwc_usb3_pcd_init
 .text.dwc_usb3_pcd_remove
                0x00006688        0xc ./drivers/zoro/usb/usb_ll/pcd.o
                0x00006688                dwc_usb3_pcd_remove
 .text.handle_disconnect_intr
                0x00006694       0x94 ./drivers/zoro/usb/usb_ll/pcd_intr.o
 .text.dwc_usb3_handle_connect_done_intr
                0x00006728      0x12c ./drivers/zoro/usb/usb_ll/pcd_intr.o
                0x00006728                dwc_usb3_handle_connect_done_intr
 .text.dwc_usb3_handle_ep_intr
                0x00006854      0x1b8 ./drivers/zoro/usb/usb_ll/pcd_intr.o
                0x00006854                dwc_usb3_handle_ep_intr
 .text.dwc_usb3_handle_dev_resume
                0x00006a0c       0x24 ./drivers/zoro/usb/usb_ll/pcd_intr.o
                0x00006a0c                dwc_usb3_handle_dev_resume
 .text.dwc_usb3_handle_dev_intr
                0x00006a30      0x32c ./drivers/zoro/usb/usb_ll/pcd_intr.o
                0x00006a30                dwc_usb3_handle_dev_intr
 .text.dwc_usb3_handle_pme_intr
                0x00006d5c       0x18 ./drivers/zoro/usb/usb_driver/no_os_hiber.o
                0x00006d5c                dwc_usb3_handle_pme_intr
 .text.dwc_usb3_power_ctl
                0x00006d74        0x4 ./drivers/zoro/usb/usb_driver/no_os_hiber.o
                0x00006d74                dwc_usb3_power_ctl
 .text.haps_phy_config_hook
                0x00006d78       0x8c ./drivers/zoro/usb/usb_driver/no_os_init.o
 .text.dwc_usb3_common_irq
                0x00006e04       0x18 ./drivers/zoro/usb/usb_driver/no_os_init.o
                0x00006e04                dwc_usb3_common_irq
 .text.usb3ss_common_irq
                0x00006e1c       0x24 ./drivers/zoro/usb/usb_driver/no_os_init.o
 .text.dwc_usb3_common_wakeup
                0x00006e40       0x14 ./drivers/zoro/usb/usb_driver/no_os_init.o
                0x00006e40                dwc_usb3_common_wakeup
 .text.dwc_usb3_driver_remove
                0x00006e54      0x13c ./drivers/zoro/usb/usb_driver/no_os_init.o
                0x00006e54                dwc_usb3_driver_remove
 .text.dwc_usb3_driver_init
                0x00006f90      0x204 ./drivers/zoro/usb/usb_driver/no_os_init.o
                0x00006f90                dwc_usb3_driver_init
 .text.nu3000_usb_irq_register
                0x00007194       0x14 ./drivers/zoro/usb/usb_driver/no_os_init.o
                0x00007194                nu3000_usb_irq_register
 .text.is_video
                0x000071a8       0x1c ./drivers/zoro/usb/usb_driver/no_os_src_sink_lpbk.o
 .text.reset_other_eps
                0x000071c4       0xc0 ./drivers/zoro/usb/usb_driver/no_os_src_sink_lpbk.o
 .text.set_single_intf_ep
                0x00007284       0xe4 ./drivers/zoro/usb/usb_driver/no_os_src_sink_lpbk.o
 .text.set_other_ep
                0x00007368       0xf8 ./drivers/zoro/usb/usb_driver/no_os_src_sink_lpbk.o
 .text.set_interface
                0x00007460      0x260 ./drivers/zoro/usb/usb_driver/no_os_src_sink_lpbk.o
 .text.nu3000_monitor_process
                0x000076c0      0x1e8 ./drivers/zoro/usb/usb_driver/no_os_src_sink_lpbk.o
 .text.loopbk_complete
                0x000078a8      0x1d0 ./drivers/zoro/usb/usb_driver/no_os_src_sink_lpbk.o
 .text.nu3000_bg_process
                0x00007a78       0x44 ./drivers/zoro/usb/usb_driver/no_os_src_sink_lpbk.o
                0x00007a78                nu3000_bg_process
 .text.nu3000_class_request
                0x00007abc       0xdc ./drivers/zoro/usb/usb_driver/no_os_src_sink_lpbk.o
                0x00007abc                nu3000_class_request
 .text.dwc_usb3_function_setup
                0x00007b98      0x5fc ./drivers/zoro/usb/usb_driver/no_os_src_sink_lpbk.o
                0x00007b98                dwc_usb3_function_setup
 .text.dwc_usb3_function_connect
                0x00008194       0x68 ./drivers/zoro/usb/usb_driver/no_os_src_sink_lpbk.o
                0x00008194                dwc_usb3_function_connect
 .text.dwc_usb3_function_disconnect
                0x000081fc        0x8 ./drivers/zoro/usb/usb_driver/no_os_src_sink_lpbk.o
                0x000081fc                dwc_usb3_function_disconnect
 .text.dwc_usb3_function_init
                0x00008204       0x24 ./drivers/zoro/usb/usb_driver/no_os_src_sink_lpbk.o
                0x00008204                dwc_usb3_function_init
 .text.dwc_usb3_function_remove
                0x00008228        0x4 ./drivers/zoro/usb/usb_driver/no_os_src_sink_lpbk.o
                0x00008228                dwc_usb3_function_remove
 .text.fill_bos_descriptor
                0x0000822c       0xf4 ./drivers/zoro/usb/usb_driver/no_os_ep0.o
 .text.fill_configuration_descriptor
                0x00008320       0xe8 ./drivers/zoro/usb/usb_driver/no_os_ep0.o
 .text.pass_desc_rest
                0x00008408       0xc0 ./drivers/zoro/usb/usb_driver/no_os_ep0.o
                0x00008408                pass_desc_rest
 .text.dwc_usb3_no_os_setup
                0x000084c8      0x3bc ./drivers/zoro/usb/usb_driver/no_os_ep0.o
                0x000084c8                dwc_usb3_no_os_setup
 .text.fill_descr_gen_customization
                0x00008884       0x20 ./drivers/zoro/usb/usb_driver/no_os_ep0.o
                0x00008884                fill_descr_gen_customization
 .text.fill_descr_iso_customization
                0x000088a4       0xc0 ./drivers/zoro/usb/usb_driver/no_os_ep0.o
                0x000088a4                fill_descr_iso_customization
 .text.create_descriptors_customization
                0x00008964      0x1d8 ./drivers/zoro/usb/usb_driver/no_os_ep0.o
                0x00008964                create_descriptors_customization
 .text.create_bos_descriptor
                0x00008b3c       0x60 ./drivers/zoro/usb/usb_driver/no_os_ep0.o
                0x00008b3c                create_bos_descriptor
 .text.dwc_usb3_gadget_connect
                0x00008b9c       0x14 ./drivers/zoro/usb/usb_driver/no_os_gadget.o
                0x00008b9c                dwc_usb3_gadget_connect
 .text.dwc_usb3_gadget_disconnect
                0x00008bb0       0x14 ./drivers/zoro/usb/usb_driver/no_os_gadget.o
                0x00008bb0                dwc_usb3_gadget_disconnect
 .text.dwc_usb3_gadget_suspend
                0x00008bc4       0x28 ./drivers/zoro/usb/usb_driver/no_os_gadget.o
                0x00008bc4                dwc_usb3_gadget_suspend
 .text.dwc_usb3_gadget_resume
                0x00008bec        0x8 ./drivers/zoro/usb/usb_driver/no_os_gadget.o
                0x00008bec                dwc_usb3_gadget_resume
 .text.dwc_usb3_gadget_setup
                0x00008bf4       0x58 ./drivers/zoro/usb/usb_driver/no_os_gadget.o
                0x00008bf4                dwc_usb3_gadget_setup
 .text.dwc_usb3_gadget_complete
                0x00008c4c       0x80 ./drivers/zoro/usb/usb_driver/no_os_gadget.o
                0x00008c4c                dwc_usb3_gadget_complete
 .text.dwc_usb3_gadget_alloc_dma
                0x00008ccc       0x6c ./drivers/zoro/usb/usb_driver/no_os_gadget.o
                0x00008ccc                dwc_usb3_gadget_alloc_dma
 .text.dwc_usb3_gadget_free_dma
                0x00008d38        0x4 ./drivers/zoro/usb/usb_driver/no_os_gadget.o
                0x00008d38                dwc_usb3_gadget_free_dma
 .text.dwc_usb3_gadget_get_request
                0x00008d3c       0x10 ./drivers/zoro/usb/usb_driver/no_os_gadget.o
                0x00008d3c                dwc_usb3_gadget_get_request
 .text.dwc_usb3_gadget_start_next_request
                0x00008d4c       0x70 ./drivers/zoro/usb/usb_driver/no_os_gadget.o
                0x00008d4c                dwc_usb3_gadget_start_next_request
 .text.dwc_usb3_gadget_isoc_ep_start
                0x00008dbc       0xe4 ./drivers/zoro/usb/usb_driver/no_os_gadget.o
                0x00008dbc                dwc_usb3_gadget_isoc_ep_start
 .text.dwc_usb3_gadget_request_nuke
                0x00008ea0       0x5c ./drivers/zoro/usb/usb_driver/no_os_gadget.o
                0x00008ea0                dwc_usb3_gadget_request_nuke
 .text.dwc_usb3_gadget_set_ep_not_started
                0x00008efc       0x2c ./drivers/zoro/usb/usb_driver/no_os_gadget.o
                0x00008efc                dwc_usb3_gadget_set_ep_not_started
 .text.dwc_usb3_ep_enable
                0x00008f28       0xf0 ./drivers/zoro/usb/usb_driver/no_os_gadget.o
                0x00008f28                dwc_usb3_ep_enable
 .text.dwc_usb3_ep_disable
                0x00009018       0x28 ./drivers/zoro/usb/usb_driver/no_os_gadget.o
                0x00009018                dwc_usb3_ep_disable
 .text.dwc_usb3_alloc_request
                0x00009040       0xa0 ./drivers/zoro/usb/usb_driver/no_os_gadget.o
                0x00009040                dwc_usb3_alloc_request
 .text.dwc_usb3_free_request
                0x000090e0       0x4c ./drivers/zoro/usb/usb_driver/no_os_gadget.o
                0x000090e0                dwc_usb3_free_request
 .text.dwc_usb3_ep_queue
                0x0000912c      0x180 ./drivers/zoro/usb/usb_driver/no_os_gadget.o
                0x0000912c                dwc_usb3_ep_queue
 .text.dwc_usb3_gadget_init
                0x000092ac       0xa0 ./drivers/zoro/usb/usb_driver/no_os_gadget.o
                0x000092ac                dwc_usb3_gadget_init
 .text.dwc_usb3_gadget_remove
                0x0000934c        0x4 ./drivers/zoro/usb/usb_driver/no_os_gadget.o
                0x0000934c                dwc_usb3_gadget_remove
 .text.dw_uart_isBusy
                0x00009350       0x24 ./drivers/synopsis/uart/DW_apb_uart/DW_apb_uart.o
                0x00009350                dw_uart_isBusy
 .text.dw_uart_resetTxFifo
                0x00009374       0x30 ./drivers/synopsis/uart/DW_apb_uart/DW_apb_uart.o
                0x00009374                dw_uart_resetTxFifo
 .text.dw_uart_resetRxFifo
                0x000093a4       0x30 ./drivers/synopsis/uart/DW_apb_uart/DW_apb_uart.o
                0x000093a4                dw_uart_resetRxFifo
 .text.dw_uart_setClockDivisor
                0x000093d4       0x50 ./drivers/synopsis/uart/DW_apb_uart/DW_apb_uart.o
                0x000093d4                dw_uart_setClockDivisor
 .text.dw_uart_setLineControl
                0x00009424       0x44 ./drivers/synopsis/uart/DW_apb_uart/DW_apb_uart.o
                0x00009424                dw_uart_setLineControl
 .text.dw_uart_enableFifos
                0x00009468       0x50 ./drivers/synopsis/uart/DW_apb_uart/DW_apb_uart.o
                0x00009468                dw_uart_enableFifos
 .text.dw_uart_areFifosEnabled
                0x000094b8       0x38 ./drivers/synopsis/uart/DW_apb_uart/DW_apb_uart.o
                0x000094b8                dw_uart_areFifosEnabled
 .text.dw_uart_disablePtime
                0x000094f0       0x40 ./drivers/synopsis/uart/DW_apb_uart/DW_apb_uart.o
                0x000094f0                dw_uart_disablePtime
 .text.dw_uart_enableLoopback
                0x00009530       0x18 ./drivers/synopsis/uart/DW_apb_uart/DW_apb_uart.o
                0x00009530                dw_uart_enableLoopback
 .text.dw_uart_disableLoopback
                0x00009548       0x18 ./drivers/synopsis/uart/DW_apb_uart/DW_apb_uart.o
                0x00009548                dw_uart_disableLoopback
 .text.dw_uart_disableIrq
                0x00009560       0x20 ./drivers/synopsis/uart/DW_apb_uart/DW_apb_uart.o
                0x00009560                dw_uart_disableIrq
 .text.dw_uart_getTxTrigger
                0x00009580       0x28 ./drivers/synopsis/uart/DW_apb_uart/DW_apb_uart.o
                0x00009580                dw_uart_getTxTrigger
 .text.dw_uart_resetInstance
                0x000095a8       0x84 ./drivers/synopsis/uart/DW_apb_uart/DW_apb_uart.o
                0x000095a8                dw_uart_resetInstance
 .text.dw_uart_autoCompParams
                0x0000962c       0x98 ./drivers/synopsis/uart/DW_apb_uart/DW_apb_uart.o
                0x0000962c                dw_uart_autoCompParams
 .text.dw_uart_init
                0x000096c4       0x34 ./drivers/synopsis/uart/DW_apb_uart/DW_apb_uart.o
                0x000096c4                dw_uart_init
 .text.uart_init_device
                0x000096f8       0xc4 ./drivers/synopsis/uart/DW_apb_uart/DW_apb_uart_drv.o
 .text.uart_boot_init
                0x000097bc       0xd0 ./drivers/synopsis/uart/DW_apb_uart/DW_apb_uart_drv.o
                0x000097bc                uart_boot_init
 .text.uart_debug_init
                0x0000988c       0xd4 ./drivers/synopsis/uart/DW_apb_uart/DW_apb_uart_drv.o
                0x0000988c                uart_debug_init
 .text.uart_write
                0x00009960       0x1c ./drivers/synopsis/uart/DW_apb_uart/DW_apb_uart_drv.o
                0x00009960                uart_write
 .text.uart_read
                0x0000997c       0x44 ./drivers/synopsis/uart/DW_apb_uart/DW_apb_uart_drv.o
                0x0000997c                uart_read
 .text.uart_is_ready
                0x000099c0       0x10 ./drivers/synopsis/uart/DW_apb_uart/DW_apb_uart_drv.o
                0x000099c0                uart_is_ready
 .text.get_ccsidr
                0x000099d0        0x8 ./lib/arm/cache_v7.o
 .text.v7_maint_dcache_all
                0x000099d8       0xec ./lib/arm/cache_v7.o
 .text.flush_dcache_all
                0x00009ac4       0x14 ./lib/arm/cache_v7.o
                0x00009ac4                flush_dcache_all
 .text.invalidate_icache_all
                0x00009ad8       0x18 ./lib/arm/cache_v7.o
                0x00009ad8                invalidate_icache_all
 .text.__v7_outer_cache_flush_all
                0x00009af0        0x4 ./lib/arm/cache_v7.o
                0x00009af0                __v7_outer_cache_flush_all
                0x00009af0                v7_outer_cache_flush_all
 .text.interrupt_init
                0x00009af4       0x10 ./lib/arm/interrupts.o
                0x00009af4                interrupt_init
 .text.enable_interrupts
                0x00009b04       0x10 ./lib/arm/interrupts.o
                0x00009b04                enable_interrupts
 .text.disable_interrupts
                0x00009b14       0x1c ./lib/arm/interrupts.o
                0x00009b14                disable_interrupts
 .text.bad_mode
                0x00009b30        0x4 ./lib/arm/interrupts.o
                0x00009b30                bad_mode
 .text.show_regs
                0x00009b34      0x150 ./lib/arm/interrupts.o
                0x00009b34                show_regs
 .text.do_undefined_instruction
                0x00009c84       0x20 ./lib/arm/interrupts.o
                0x00009c84                do_undefined_instruction
 .text.do_software_interrupt
                0x00009ca4       0x20 ./lib/arm/interrupts.o
                0x00009ca4                do_software_interrupt
 .text.do_prefetch_abort
                0x00009cc4       0x20 ./lib/arm/interrupts.o
                0x00009cc4                do_prefetch_abort
 .text.do_data_abort
                0x00009ce4       0x20 ./lib/arm/interrupts.o
                0x00009ce4                do_data_abort
 .text.do_not_used
                0x00009d04       0x20 ./lib/arm/interrupts.o
                0x00009d04                do_not_used
 .text.do_fiq   0x00009d24       0x20 ./lib/arm/interrupts.o
                0x00009d24                do_fiq
 .text.do_irq   0x00009d44        0xc ./lib/arm/interrupts.o
                0x00009d44                do_irq
 .text.irq_register
                0x00009d50       0x14 ./lib/arm/interrupts.o
                0x00009d50                irq_register
 .text.irq_clear
                0x00009d64        0x4 ./lib/arm/interrupts.o
                0x00009d64                irq_clear
 .text.irq_unmask
                0x00009d68       0x10 ./lib/arm/interrupts.o
                0x00009d68                irq_unmask
 .text.irq_deregister
                0x00009d78       0x10 ./lib/arm/interrupts.o
                0x00009d78                irq_deregister
 .text.cp_delay
                0x00009d88       0x3c ./lib/arm/cache-cp15.o
 .text.cache_disable
                0x00009dc4       0x4c ./lib/arm/cache-cp15.o
 .text.set_section_dcache
                0x00009e10       0x1c ./lib/arm/cache-cp15.o
                0x00009e10                set_section_dcache
 .text.bank_mmu_setup
                0x00009e2c       0x14 ./lib/arm/cache-cp15.o
                0x00009e2c                bank_mmu_setup
 .text.cache_enable
                0x00009e40       0x88 ./lib/arm/cache-cp15.o
 .text.icache_enable
                0x00009ec8       0x10 ./lib/arm/cache-cp15.o
                0x00009ec8                icache_enable
 .text.icache_disable
                0x00009ed8       0x10 ./lib/arm/cache-cp15.o
                0x00009ed8                icache_disable
 .text.dcache_enable
                0x00009ee8       0x10 ./lib/arm/cache-cp15.o
                0x00009ee8                dcache_enable
 .text.dcache_disable
                0x00009ef8       0x10 ./lib/arm/cache-cp15.o
                0x00009ef8                dcache_disable
 .text.memcpy   0x00009f08       0xf8 ./lib/sys/memcpy.o
                0x00009f08                memcpy
 .text.memset   0x0000a000       0xc8 ./lib/sys/memset.o
                0x0000a000                memset
 .text.memcmp   0x0000a0c8       0xb8 ./lib/sys/memcmp.o
                0x0000a0c8                memcmp
 .text.end_of_test_vcs
                0x0000a180       0x28 ./lib/debug/sim.o
                0x0000a180                end_of_test_vcs
 .text.sim_init
                0x0000a1a8       0x2c ./lib/debug/sim.o
                0x0000a1a8                sim_init
 .text.board_end
                0x0000a1d4        0xc ./lib/debug/sim.o
                0x0000a1d4                board_end
 .text.debug_init
                0x0000a1e0       0x30 ./lib/debug/debug.o
                0x0000a1e0                debug_init
 .text.debug_writeb
                0x0000a210       0x10 ./lib/debug/debug.o
                0x0000a210                debug_writeb
 .text.fill_int
                0x0000a220      0x22c ./lib/debug/debug.o
 .text.fill_hex_int
                0x0000a44c      0x11c ./lib/debug/debug.o
 .text.debug_printf
                0x0000a568      0x218 ./lib/debug/debug.o
                0x0000a568                debug_printf
 .text.SBIF_Attribute_Check
                0x0000a780      0x104 drivers/secureBoot/SBCommon/SBIF/src/sbif_attributes.o
                0x0000a780                SBIF_Attribute_Check
 .text.SBHYBRID_Do_Asym_RunFsm
                0x0000a884       0xc8 drivers/secureBoot/SBLib/SB_SW/src/sbsw_api_decrypt.o
 .text.SB_ECDSA_Image_DecryptWithKeyAndVerify
                0x0000a94c      0x9f4 drivers/secureBoot/SBLib/SB_SW/src/sbsw_api_decrypt.o
                0x0000a94c                SB_ECDSA_Image_DecryptWithKeyAndVerify
 .text.SBIFTOOLS_Image_ConvertHeader
                0x0000b340      0x2f8 drivers/secureBoot/SBLib/SB_SW/src/sbsw_sbif_tools_convert.o
                0x0000b340                SBIFTOOLS_Image_ConvertHeader
 .text.SBIFTOOLS_Image_Convert_InitWorkspace
                0x0000b638       0x58 drivers/secureBoot/SBLib/SB_SW/src/sbsw_sbif_tools_convert.o
                0x0000b638                SBIFTOOLS_Image_Convert_InitWorkspace
 .text.SBIFTOOLS_Image_Convert_UninitWorkspace
                0x0000b690       0x24 drivers/secureBoot/SBLib/SB_SW/src/sbsw_sbif_tools_convert.o
                0x0000b690                SBIFTOOLS_Image_Convert_UninitWorkspace
 .text.SBHYBRID_Initialize_HW
                0x0000b6b4       0x10 drivers/secureBoot/SBLib/SB_SW/src/sbsw_hw_init.o
                0x0000b6b4                SBHYBRID_Initialize_HW
 .text.SBHYBRID_Uninitialize_HW
                0x0000b6c4        0x4 drivers/secureBoot/SBLib/SB_SW/src/sbsw_hw_init.o
                0x0000b6c4                SBHYBRID_Uninitialize_HW
 .text.unwrap_key
                0x0000b6c8      0x138 drivers/secureBoot/SBLib/SB_SW/src/sbsw_sw_aes_if.o
 .text.AES_IF_Ctx_GetSize
                0x0000b800        0x8 drivers/secureBoot/SBLib/SB_SW/src/sbsw_sw_aes_if.o
                0x0000b800                AES_IF_Ctx_GetSize
 .text.AES_IF_Ctx_Init
                0x0000b808       0x18 drivers/secureBoot/SBLib/SB_SW/src/sbsw_sw_aes_if.o
                0x0000b808                AES_IF_Ctx_Init
 .text.AES_IF_Ctx_Uninit
                0x0000b820        0x4 drivers/secureBoot/SBLib/SB_SW/src/sbsw_sw_aes_if.o
                0x0000b820                AES_IF_Ctx_Uninit
 .text.AES_IF_Ctx_GetError
                0x0000b824        0x8 drivers/secureBoot/SBLib/SB_SW/src/sbsw_sw_aes_if.o
                0x0000b824                AES_IF_Ctx_GetError
 .text.AES_IF_Ctx_LoadKey
                0x0000b82c       0x20 drivers/secureBoot/SBLib/SB_SW/src/sbsw_sw_aes_if.o
                0x0000b82c                AES_IF_Ctx_LoadKey
 .text.AES_IF_Ctx_LoadIV
                0x0000b84c       0x14 drivers/secureBoot/SBLib/SB_SW/src/sbsw_sw_aes_if.o
                0x0000b84c                AES_IF_Ctx_LoadIV
 .text.AES_IF_Ctx_SetKEK
                0x0000b860       0x3c drivers/secureBoot/SBLib/SB_SW/src/sbsw_sw_aes_if.o
                0x0000b860                AES_IF_Ctx_SetKEK
 .text.AES_IF_Ctx_LoadWrappedKey
                0x0000b89c       0x44 drivers/secureBoot/SBLib/SB_SW/src/sbsw_sw_aes_if.o
                0x0000b89c                AES_IF_Ctx_LoadWrappedKey
 .text.AES_IF_CBC_Decrypt
                0x0000b8e0       0xc8 drivers/secureBoot/SBLib/SB_SW/src/sbsw_sw_aes_if.o
                0x0000b8e0                AES_IF_CBC_Decrypt
 .text.uint8_to_sb_sw_number
                0x0000b9a8       0x20 drivers/secureBoot/SBLib/SB_SW/src/sbsw_sw_ecdsa_verify.o
 .text.SBHYBRID_SW_Ecdsa_Verify_SetPublicKey
                0x0000b9c8       0x4c drivers/secureBoot/SBLib/SB_SW/src/sbsw_sw_ecdsa_verify.o
                0x0000b9c8                SBHYBRID_SW_Ecdsa_Verify_SetPublicKey
 .text.SBHYBRID_SW_Ecdsa_Verify_SetSignature
                0x0000ba14       0x4c drivers/secureBoot/SBLib/SB_SW/src/sbsw_sw_ecdsa_verify.o
                0x0000ba14                SBHYBRID_SW_Ecdsa_Verify_SetSignature
 .text.SBHYBRID_SW_Ecdsa_Verify_SetDigest
                0x0000ba60       0x44 drivers/secureBoot/SBLib/SB_SW/src/sbsw_sw_ecdsa_verify.o
                0x0000ba60                SBHYBRID_SW_Ecdsa_Verify_SetDigest
 .text.SBHYBRID_SW_Ecdsa_Verify
                0x0000baa4       0x24 drivers/secureBoot/SBLib/SB_SW/src/sbsw_sw_ecdsa_verify.o
                0x0000baa4                SBHYBRID_SW_Ecdsa_Verify
 .text.c_memcpy
                0x0000bac8        0xc drivers/secureBoot/Framework/CLIB/src/c_lib.o
                0x0000bac8                c_memcpy
 .text.c_memset
                0x0000bad4        0xc drivers/secureBoot/Framework/CLIB/src/c_lib.o
                0x0000bad4                c_memset
 .text.c_memcmp
                0x0000bae0        0xc drivers/secureBoot/Framework/CLIB/src/c_lib.o
                0x0000bae0                c_memcmp
 .text.rijndaelSetupEncrypt
                0x0000baec      0x3a4 drivers/secureBoot/SBCommon/SB_SW_CRYPTO/src/rijndael.o
                0x0000baec                rijndaelSetupEncrypt
 .text.rijndaelSetupDecrypt
                0x0000be90      0x1d8 drivers/secureBoot/SBCommon/SB_SW_CRYPTO/src/rijndael.o
                0x0000be90                rijndaelSetupDecrypt
 .text.rijndaelDecrypt
                0x0000c068      0x428 drivers/secureBoot/SBCommon/SB_SW_CRYPTO/src/rijndael.o
                0x0000c068                rijndaelDecrypt
 .text.SB_SW_HASH_Init
                0x0000c490       0x50 drivers/secureBoot/SBCommon/SB_SW_CRYPTO/src/minsha_init.o
                0x0000c490                SB_SW_HASH_Init
 .text.SB_SW_HASH_Update
                0x0000c4e0       0x44 drivers/secureBoot/SBCommon/SB_SW_CRYPTO/src/minsha_update.o
                0x0000c4e0                SB_SW_HASH_Update
 .text.SB_SW_HASH_FinalUpdate
                0x0000c524      0x180 drivers/secureBoot/SBCommon/SB_SW_CRYPTO/src/minsha_update.o
                0x0000c524                SB_SW_HASH_FinalUpdate
 .text.rotr2shr
                0x0000c6a4       0x28 drivers/secureBoot/SBCommon/SB_SW_CRYPTO/src/minsha_core.o
 .text.SB_SW_HASH_Transform
                0x0000c6cc      0x218 drivers/secureBoot/SBCommon/SB_SW_CRYPTO/src/minsha_core.o
                0x0000c6cc                SB_SW_HASH_Transform
 .text.uECC_vli_add
                0x0000c8e4       0x98 drivers/secureBoot/micro-ecc/uECC.o
 .text.uECC_vli_sub
                0x0000c97c       0x9c drivers/secureBoot/micro-ecc/uECC.o
 .text.uECC_vli_mult
                0x0000ca18       0x8c drivers/secureBoot/micro-ecc/uECC.o
 .text.uECC_vli_clear
                0x0000caa4       0x34 drivers/secureBoot/micro-ecc/uECC.o
 .text.uECC_vli_isZero
                0x0000cad8       0x44 drivers/secureBoot/micro-ecc/uECC.o
 .text.uECC_vli_testBit
                0x0000cb1c       0x18 drivers/secureBoot/micro-ecc/uECC.o
 .text.uECC_vli_numBits
                0x0000cb34       0x94 drivers/secureBoot/micro-ecc/uECC.o
 .text.uECC_vli_set
                0x0000cbc8       0x34 drivers/secureBoot/micro-ecc/uECC.o
 .text.uECC_vli_cmp_unsafe
                0x0000cbfc       0x80 drivers/secureBoot/micro-ecc/uECC.o
 .text.uECC_vli_rshift1
                0x0000cc7c       0x40 drivers/secureBoot/micro-ecc/uECC.o
 .text.uECC_vli_modAdd
                0x0000ccbc       0x50 drivers/secureBoot/micro-ecc/uECC.o
 .text.uECC_vli_modMult
                0x0000cd0c      0x224 drivers/secureBoot/micro-ecc/uECC.o
 .text.uECC_vli_modMult_fast
                0x0000cf30       0x34 drivers/secureBoot/micro-ecc/uECC.o
 .text.uECC_vli_modSquare_fast
                0x0000cf64       0xbc drivers/secureBoot/micro-ecc/uECC.o
 .text.vli_modInv_update
                0x0000d020       0x60 drivers/secureBoot/micro-ecc/uECC.o
 .text.uECC_vli_modInv
                0x0000d080      0x1f4 drivers/secureBoot/micro-ecc/uECC.o
 .text.apply_z  0x0000d274       0x6c drivers/secureBoot/micro-ecc/uECC.o
 .text.uECC_vli_modSub
                0x0000d2e0       0x98 drivers/secureBoot/micro-ecc/uECC.o
 .text.XYcZ_add
                0x0000d378      0x154 drivers/secureBoot/micro-ecc/uECC.o
 .text.double_jacobian_default
                0x0000d4cc      0x234 drivers/secureBoot/micro-ecc/uECC.o
 .text.vli_mmod_fast_secp256r1
                0x0000d700      0x3fc drivers/secureBoot/micro-ecc/uECC.o
 .text.uECC_secp256r1
                0x0000dafc        0xc drivers/secureBoot/micro-ecc/uECC.o
                0x0000dafc                uECC_secp256r1
 .text.uECC_verify
                0x0000db08      0x494 drivers/secureBoot/micro-ecc/uECC.o
                0x0000db08                uECC_verify
 .text.SB_SW_ECDSA_Verify256
                0x0000df9c       0x44 drivers/secureBoot/SBCommon/SB_SW_CRYPTO/src/sb_sw_ecdsa256.o
                0x0000df9c                SB_SW_ECDSA_Verify256
 .text.decrypt_and_verify_blw_image
                0x0000dfe0       0xd8 drivers/secureBoot/verification/verify.o
                0x0000dfe0                decrypt_and_verify_blw_image
 .text.initSBEfuseDB
                0x0000e0b8       0x1c drivers/secureBoot/verification/verify.o
                0x0000e0b8                initSBEfuseDB
 .text.getEfuseSecureControlData
                0x0000e0d4       0x38 drivers/secureBoot/verification/verify.o
                0x0000e0d4                getEfuseSecureControlData
 .text.readEfuseSecureControl
                0x0000e10c       0x30 drivers/secureBoot/verification/verify.o
                0x0000e10c                readEfuseSecureControl
 .text.readEfuseKeys
                0x0000e13c       0x68 drivers/secureBoot/verification/verify.o
                0x0000e13c                readEfuseKeys
 .text.fillSBEfuseDB
                0x0000e1a4       0x24 drivers/secureBoot/verification/verify.o
                0x0000e1a4                fillSBEfuseDB
 .text.secureBoot
                0x0000e1c8       0x98 drivers/secureBoot/verification/verify.o
                0x0000e1c8                secureBoot
 .text          0x0000e260      0x114 /tools/gcc-arm/gcc-linaro/gcc-arm-none-eabi-4_6-2012q2/lib/gcc/arm-none-eabi/4.6.2/libgcc.a(_udivsi3.o)
                0x0000e260                __udivsi3
                0x0000e260                __aeabi_uidiv
                0x0000e354                __aeabi_uidivmod
 .text          0x0000e374      0x148 /tools/gcc-arm/gcc-linaro/gcc-arm-none-eabi-4_6-2012q2/lib/gcc/arm-none-eabi/4.6.2/libgcc.a(_divsi3.o)
                0x0000e374                __aeabi_idiv
                0x0000e374                __divsi3
                0x0000e49c                __aeabi_idivmod
 .text          0x0000e4bc        0x4 /tools/gcc-arm/gcc-linaro/gcc-arm-none-eabi-4_6-2012q2/lib/gcc/arm-none-eabi/4.6.2/libgcc.a(_dvmd_tls.o)
                0x0000e4bc                __aeabi_ldiv0
                0x0000e4bc                __aeabi_idiv0

.glue_7         0x0000e4c0        0x0
 .glue_7        0x00000000        0x0 linker stubs

.glue_7t        0x0000e4c0        0x0
 .glue_7t       0x00000000        0x0 linker stubs

.vfp11_veneer   0x0000e4c0        0x0
 .vfp11_veneer  0x00000000        0x0 linker stubs

.v4_bx          0x0000e4c0        0x0
 .v4_bx         0x00000000        0x0 linker stubs
                0x0000e4c0                . = ALIGN (0x4)

.rodata         0x0000e4c0     0x2ef0
 *(SORT(.rodata*))
 .rodata        0x0000e4c0       0x10 ./drivers/zoro/usb/usb_driver/no_os_ep0.o
 .rodata        0x0000e4d0       0x80 ./lib/arm/interrupts.o
 .rodata.K      0x0000e550      0x100 drivers/secureBoot/SBCommon/SB_SW_CRYPTO/src/minsha_core.o
 .rodata.SBCommon_SBCRK
                0x0000e650       0x10 drivers/secureBoot/SBCommon/SB_SW_CRYPTO/src/sbcr_key.o
                0x0000e650                SBCommon_SBCRK
 .rodata.Td0    0x0000e660      0x400 drivers/secureBoot/SBCommon/SB_SW_CRYPTO/src/rijndael.o
 .rodata.Td1    0x0000ea60      0x400 drivers/secureBoot/SBCommon/SB_SW_CRYPTO/src/rijndael.o
 .rodata.Td2    0x0000ee60      0x400 drivers/secureBoot/SBCommon/SB_SW_CRYPTO/src/rijndael.o
 .rodata.Td3    0x0000f260      0x400 drivers/secureBoot/SBCommon/SB_SW_CRYPTO/src/rijndael.o
 .rodata.Td4    0x0000f660      0x400 drivers/secureBoot/SBCommon/SB_SW_CRYPTO/src/rijndael.o
 .rodata.Te4    0x0000fa60      0x400 drivers/secureBoot/SBCommon/SB_SW_CRYPTO/src/rijndael.o
 .rodata.__func__.4226
                0x0000fe60       0x14 ./main/system.o
 .rodata.__func__.4245
                0x0000fe74       0x20 drivers/secureBoot/SBLib/SB_SW/src/sbsw_sbif_tools_convert.o
 .rodata.__func__.4342
                0x0000fe94       0x14 ./protocol/xmodem/xmodem_boot.o
 .rodata.__func__.4371
                0x0000fea8       0x28 drivers/secureBoot/SBLib/SB_SW/src/sbsw_sw_ecdsa_verify.o
 .rodata.__func__.4377
                0x0000fed0       0x28 drivers/secureBoot/SBLib/SB_SW/src/sbsw_sw_ecdsa_verify.o
 .rodata.__func__.4383
                0x0000fef8       0x24 drivers/secureBoot/SBLib/SB_SW/src/sbsw_sw_ecdsa_verify.o
 .rodata.__func__.4502
                0x0000ff1c       0x24 drivers/secureBoot/SBLib/SB_SW/src/sbsw_api_decrypt.o
 .rodata.__func__.4559
                0x0000ff40        0xc drivers/secureBoot/verification/verify.o
 .rodata.__func__.4565
                0x0000ff4c       0x28 drivers/secureBoot/SBLib/SB_SW/src/sbsw_api_decrypt.o
 .rodata.__func__.5992
                0x0000ff74        0xc ./drivers/inuitive/flash/flash_boot.o
 .rodata.__func__.5999
                0x0000ff80        0xc ./drivers/inuitive/flash/flash_boot.o
 .rodata.board_modes
                0x0000ff8c      0x168 ./main/board.o
                0x0000ff8c                board_modes
 .rodata.bos_desc
                0x000100f4        0x8 ./drivers/zoro/usb/usb_driver/no_os_ep0.o
 .rodata.cap1_desc
                0x000100fc        0x8 ./drivers/zoro/usb/usb_driver/no_os_ep0.o
 .rodata.cap2_desc
                0x00010104        0xc ./drivers/zoro/usb/usb_driver/no_os_ep0.o
 .rodata.cap3_desc
                0x00010110       0x14 ./drivers/zoro/usb/usb_driver/no_os_ep0.o
 .rodata.crc16_tab
                0x00010124      0x200 ./protocol/xmodem/xmodem.o
 .rodata.curve_secp256r1
                0x00010324       0xac drivers/secureBoot/micro-ecc/uECC.o
 .rodata.dev_qualifier
                0x000103d0        0xc ./drivers/zoro/usb/usb_driver/no_os_ep0.o
 .rodata.device_desc
                0x000103dc       0x14 ./drivers/zoro/usb/usb_driver/no_os_ep0.o
 .rodata.fs_config_desc
                0x000103f0       0x20 ./drivers/zoro/usb/usb_driver/no_os_ep0.o
                0x000103f0                fs_config_desc
 .rodata.hs_config_desc
                0x00010410       0x20 ./drivers/zoro/usb/usb_driver/no_os_ep0.o
                0x00010410                hs_config_desc
 .rodata.nu3000_strings
                0x00010430       0xf0 ./drivers/zoro/usb/usb_driver/no_os_ep0.o
                0x00010430                nu3000_strings
 .rodata.rcon   0x00010520       0x28 drivers/secureBoot/SBCommon/SB_SW_CRYPTO/src/rijndael.o
 .rodata.sha256_init
                0x00010548       0x24 drivers/secureBoot/SBCommon/SB_SW_CRYPTO/src/minsha_init.o
 .rodata.ss_config_desc
                0x0001056c       0x2c ./drivers/zoro/usb/usb_driver/no_os_ep0.o
                0x0001056c                ss_config_desc
 .rodata.str1.4
                0x00010598       0x71 ./protocol/xmodem/xmodem_boot.o
                                 0x74 (size before relaxing)
 *fill*         0x00010609        0x3 00
 .rodata.str1.4
                0x0001060c      0x30d ./protocol/xmodem/xmodem.o
                                0x310 (size before relaxing)
 *fill*         0x00010919        0x3 00
 .rodata.str1.4
                0x0001091c       0x62 ./main/main.o
                                 0x68 (size before relaxing)
 *fill*         0x0001097e        0x2 00
 .rodata.str1.4
                0x00010980       0x9a ./main/board.o
                                 0xa4 (size before relaxing)
 *fill*         0x00010a1a        0x2 00
 .rodata.str1.4
                0x00010a1c       0x28 ./main/system.o
 .rodata.str1.4
                0x00010a44       0x54 ./drivers/inuitive/flash/ispi.o
 .rodata.str1.4
                0x00010a98      0x12a ./drivers/inuitive/flash/flash_boot.o
                                0x134 (size before relaxing)
 *fill*         0x00010bc2        0x2 00
 .rodata.str1.4
                0x00010bc4       0x15 ./drivers/inuitive/storage/src/storage.o
                                 0x18 (size before relaxing)
 *fill*         0x00010bd9        0x3 00
 .rodata.str1.4
                0x00010bdc       0x1f ./drivers/synopsis/uart/DW_apb_uart/DW_apb_uart_drv.o
                                 0x20 (size before relaxing)
 *fill*         0x00010bfb        0x1 00
 .rodata.str1.4
                0x00010bfc      0x26b ./lib/arm/interrupts.o
                                0x274 (size before relaxing)
 *fill*         0x00010e67        0x1 00
 .rodata.str1.4
                0x00010e68      0x493 drivers/secureBoot/SBLib/SB_SW/src/sbsw_api_decrypt.o
                                0x498 (size before relaxing)
 .rodata.str1.4
                0x00000000       0x1c drivers/secureBoot/SBLib/SB_SW/src/sbsw_sbif_tools_convert.o
 .rodata.str1.4
                0x00000000       0x1c drivers/secureBoot/SBLib/SB_SW/src/sbsw_sw_ecdsa_verify.o
 *fill*         0x000112fb        0x1 00
 .rodata.str1.4
                0x000112fc       0x20 drivers/secureBoot/verification/verify.o
 .rodata.usb3ss_module_params
                0x0001131c       0x94 ./drivers/zoro/usb/usb_driver/no_os_init.o
                0x0001131c                usb3ss_module_params

.data.tlb_addr  0x000113b0        0x4
 .data.tlb_addr
                0x000113b0        0x4 ./lib/arm/cache-cp15.o
                0x000113b0                tlb_addr
                0x000113b4                . = ALIGN (0x4)

.heap           0x02000000    0x4fe00
                0x02000000                . = ALIGN (0x4)
                0x02000000                __heap_start__ = .
                0x0204fe00                . = (. + ((((__LRAM_SIZE - BSS_MAX_SIZE) - PBSS_MAX_SIZE) - STACK_MAX_SIZE) - TLB_MAX_SIZE))
 *fill*         0x02000000    0x4fe00 00
                0x0204fe00                __heap_end__ = .

.tlb            0x0204fe00     0x4200
                0x02050000                . = ALIGN (0x4000)
 *fill*         0x0204fe00      0x200 00
                0x02050000                __tlb_start__ = .
                0x02054000                . = (. + TLB_MAX_SIZE)
 *fill*         0x02050000     0x4000 00
                0x02054000                __tlb_end__ = .

.stack          0x02054000     0x4200
                0x02054000                . = ALIGN (0x8)
                0x02054000                __stack_start__ = .
                0x02056000                . = (. + C_STACK_SIZE)
 *fill*         0x02054000     0x2000 00
                0x02056000                . = ALIGN (0x8)
                0x02056000                __c_stack_top__ = .
                0x02056200                . = (. + ABT_STACK_SIZE)
 *fill*         0x02056000      0x200 00
                0x02056200                . = ALIGN (0x8)
                0x02056200                __abt_stack_top__ = .
                0x02058200                . = (. + IRQ_STACK_SIZE)
 *fill*         0x02056200     0x2000 00
                0x02058200                . = ALIGN (0x8)
                0x02058200                __irq_stack_top__ = .
                0x02058200                __stack_top__ = .
                0x02058200                . = ALIGN (0x8)

.pbss           0x02058200      0x1d0
                0x02058200                . = ALIGN (0x4)
                0x02058200                __pbss_start__ = .
 *(.pbss*)
 .pbss          0x02058200       0x10 ./main/main.o
                0x0205820c                uart_boot_dev
 .pbss          0x02058210        0x4 ./main/board.o
 .pbss          0x02058214       0x10 ./drivers/inuitive/storage/src/storage.o
                0x02058214                storage_boot_header
                0x0205821c                storage_header
 .pbss          0x02058224      0x140 ./drivers/synopsis/uart/DW_apb_uart/DW_apb_uart_drv.o
                0x02058224                uart1
                0x0205824c                uart1_instance
                0x020582b8                uart1_param
                0x020582c4                uart2
                0x020582ec                uart2_instance
                0x02058358                uart2_param
 .pbss          0x02058364        0x4 ./lib/debug/debug.o
                0x02058364                dbg_uart
 .pbss          0x02058368       0x68 drivers/secureBoot/verification/verify.o
                0x02058368                eFUSEDB
                0x020583d0                . = ALIGN (0x4)
                0x020583d0                __pbss_end__ = .

.bss            0x020583d0     0x4550
                0x020583d0                . = ALIGN (0x4)
                0x020583d0                __bss_start__ = .
                0x020583d0                __bss_patch__ = .
 *(.patch)
 .patch         0x020583d0       0x40 ./drivers/zoro/usb/usb_driver/no_os_src_sink_lpbk.o
                0x020583d0                usb_pp
 *(.bss*)
 .bss.xmodem_packet_number
                0x02058410        0x1 ./protocol/xmodem/xmodem.o
 *fill*         0x02058411        0x3 00
 .bss.target_buffer
                0x02058414        0x4 ./protocol/xmodem/xmodem.o
 .bss.xmodem_read_timeout_in_ticks
                0x02058418        0x4 ./protocol/xmodem/xmodem.o
 .bss.xmodem_start_timeout_in_ticks
                0x0205841c        0x4 ./protocol/xmodem/xmodem.o
 .bss.ICTLP_isrTbl
                0x02058420      0x200 ./drivers/inuitive/ictl/ictl.o
 .bss.ICTLP_prioTbl
                0x02058620       0x18 ./drivers/inuitive/ictl/ictl.o
 .bss.APB_TIMERP_baseP
                0x02058638        0x4 ./drivers/inuitive/timer/apb_timer.o
 .bss.SPI_DRVP_dviceDesc
                0x0205863c        0x4 ./drivers/inuitive/flash/ispi.o
 .bss.msg_cnt.7060
                0x02058640        0x4 ./drivers/zoro/usb/usb_ll/cil_intr.o
 *fill*         0x02058644        0xc 00
 .bss.g_ep0_out_desc
                0x02058650       0x10 ./drivers/zoro/usb/usb_driver/no_os_init.o
 .bss.g_hiber_scratchpad_array
                0x02058660        0x8 ./drivers/zoro/usb/usb_driver/no_os_init.o
 .bss.g_ep0_req
                0x02058668       0x4c ./drivers/zoro/usb/usb_driver/no_os_init.o
 .bss.g_ep0_status_buf
                0x020586b4      0x800 ./drivers/zoro/usb/usb_driver/no_os_init.o
 .bss.g_ep0_setup_pkt
                0x02058eb4        0x8 ./drivers/zoro/usb/usb_driver/no_os_init.o
 .bss.g_ep0     0x02058ebc       0x68 ./drivers/zoro/usb/usb_driver/no_os_init.o
 .bss.g_in_ep   0x02058f24      0x270 ./drivers/zoro/usb/usb_driver/no_os_init.o
 *fill*         0x02059194        0xc 00
 .bss.g_ep0_setup_desc
                0x020591a0       0x10 ./drivers/zoro/usb/usb_driver/no_os_init.o
 .bss.g_event_buf
                0x020591b0       0x80 ./drivers/zoro/usb/usb_driver/no_os_init.o
 .bss.g_out_ep  0x02059230      0x270 ./drivers/zoro/usb/usb_driver/no_os_init.o
 .bss.g_hiber_scratchpad
                0x020594a0       0x40 ./drivers/zoro/usb/usb_driver/no_os_init.o
 .bss.g_ep0_in_desc
                0x020594e0       0x10 ./drivers/zoro/usb/usb_driver/no_os_init.o
 .bss.g_usb_is_loopbk_is_active
                0x020594f0        0x4 ./drivers/zoro/usb/usb_driver/no_os_src_sink_lpbk.o
                0x020594f0                g_usb_is_loopbk_is_active
 .bss.g_out_buf
                0x020594f4     0x1000 ./drivers/zoro/usb/usb_driver/no_os_src_sink_lpbk.o
 .bss.loopbk    0x0205a4f4       0x58 ./drivers/zoro/usb/usb_driver/no_os_src_sink_lpbk.o
 *(COMMON)
 COMMON         0x0205a54c        0x4 ./drivers/inuitive/ictl/ictl.o
                0x0205a54c                ICTLP_spIsrCnt
 COMMON         0x0205a550        0x8 ./drivers/zoro/usb/usb_ll/cil.o
                0x0205a550                build_for_hw_verif_disable_suspend
                0x0205a554                build_for_hw_verif_scale_down
 COMMON         0x0205a558        0x4 ./drivers/zoro/usb/usb_ll/pcd.o
                0x0205a558                nu3000_dep_cfg_cb
 *fill*         0x0205a55c        0x4 00
 COMMON         0x0205a560      0x400 ./drivers/zoro/usb/usb_driver/no_os_init.o
                0x0205a560                g_pcd_req
                0x0205a690                g_pcd_req_bm
                0x0205a6a0                g_out_trb_pool
                0x0205a760                g_usb3_dev
                0x0205a8a0                g_in_trb_pool
 COMMON         0x0205a960        0x4 ./drivers/zoro/usb/usb_driver/no_os_src_sink_lpbk.o
                0x0205a960                fw_entry
 COMMON         0x0205a964     0x1fb4 ./drivers/zoro/usb/usb_driver/no_os_ep0.o
                0x0205a964                bos_desc_buf
                0x0205ab64                hs_config_desc_buf
                0x0205b364                ss_config_desc_buf
                0x0205bb64                nu3000_usb_descriptors_export
                0x0205bb98                dev_qualifier_buf
                0x0205bba4                bos_desc_buf_size
                0x0205bba8                fs_config_desc_buf_size
                0x0205bbac                device_desc_buf
                0x0205bbc0                nu3000_descriptor_override
                0x0205bbd0                fs_config_desc_buf
                0x0205c3d0                ss_config_desc_buf_size
                0x0205c3d4                nu3000_string_descriptors
                0x0205c8d4                nu3000_iso_rate
                0x0205c914                hs_config_desc_buf_size
 COMMON         0x0205c918        0x8 ./drivers/zoro/usb/usb_driver/no_os_gadget.o
                0x0205c918                nu3000_num_trbs
                0x0205c91c                nu3000_alloc_trb_cb
                0x0205c920                . = ALIGN (0x4)
                0x0205c920                __bss_end__ = .
START GROUP
LOAD boot/start.o
LOAD ./protocol/xmodem/xmodem_boot.o
LOAD ./protocol/xmodem/xmodem.o
LOAD ./main/main.o
LOAD ./main/board.o
LOAD ./main/system.o
LOAD ./dft/dft.o
LOAD ./drivers/inuitive/ictl/ictl.o
LOAD ./drivers/inuitive/timer/apb_timer.o
LOAD ./drivers/inuitive/flash/spi_flash.o
LOAD ./drivers/inuitive/flash/ispi.o
LOAD ./drivers/inuitive/flash/flash_boot.o
LOAD ./drivers/inuitive/storage/src/storage.o
LOAD ./drivers/inuitive/gme/gme.o
LOAD ./drivers/zoro/usb/usb_ll/cil_intr.o
LOAD ./drivers/zoro/usb/usb_ll/cil.o
LOAD ./drivers/zoro/usb/usb_ll/pcd_hiber.o
LOAD ./drivers/zoro/usb/usb_ll/ep0.o
LOAD ./drivers/zoro/usb/usb_ll/pcd.o
LOAD ./drivers/zoro/usb/usb_ll/pcd_intr.o
LOAD ./drivers/zoro/usb/usb_driver/no_os_hiber.o
LOAD ./drivers/zoro/usb/usb_driver/no_os_init.o
LOAD ./drivers/zoro/usb/usb_driver/no_os_src_sink_lpbk.o
LOAD ./drivers/zoro/usb/usb_driver/no_os_ep0.o
LOAD ./drivers/zoro/usb/usb_driver/no_os_gadget.o
LOAD ./drivers/zoro/usb/usb_driver/conf.o
LOAD ./drivers/synopsis/uart/DW_apb_uart/DW_apb_uart.o
LOAD ./drivers/synopsis/uart/DW_apb_uart/DW_apb_uart_drv.o
LOAD ./lib/arm/cache_v7.o
LOAD ./lib/arm/interrupts.o
LOAD ./lib/arm/cache-cp15.o
LOAD ./lib/sys/memcpy.o
LOAD ./lib/sys/memset.o
LOAD ./lib/sys/memcmp.o
LOAD ./lib/debug/sim.o
LOAD ./lib/debug/string_to_gpio.o
LOAD ./lib/debug/debug.o
LOAD ./lib/debug/mail_box.o
LOAD drivers/secureBoot/SBCommon/SBIF/src/sbif_attributes.o
LOAD drivers/secureBoot/SBLib/SB_SW/src/sbsw_api_decrypt.o
LOAD drivers/secureBoot/SBLib/SB_SW/src/sbsw_sbif_tools_convert.o
LOAD drivers/secureBoot/SBLib/SB_SW/src/sbsw_hw_init.o
LOAD drivers/secureBoot/SBLib/SB_SW/src/sbsw_sw_aes_if.o
LOAD drivers/secureBoot/SBLib/SB_SW/src/sbsw_sw_ecdsa_verify.o
LOAD drivers/secureBoot/SBLib/SB_SW/src/sbsw_sw_publicdata.o
LOAD drivers/secureBoot/Framework/CLIB/src/c_lib.o
LOAD drivers/secureBoot/SBCommon/SB_SW_CRYPTO/src/sbcr_key.o
LOAD drivers/secureBoot/SBCommon/SB_SW_CRYPTO/src/rijndael.o
LOAD drivers/secureBoot/SBCommon/SB_SW_CRYPTO/src/minsha_init.o
LOAD drivers/secureBoot/SBCommon/SB_SW_CRYPTO/src/minsha_update.o
LOAD drivers/secureBoot/SBCommon/SB_SW_CRYPTO/src/minsha_core.o
LOAD drivers/secureBoot/micro-ecc/uECC.o
LOAD drivers/secureBoot/SBCommon/SB_SW_CRYPTO/src/sb_sw_ecdsa256.o
LOAD drivers/secureBoot/verification/verify.o
LOAD /tools/gcc-arm/gcc-linaro/gcc-arm-none-eabi-4_6-2012q2/lib/gcc/arm-none-eabi/4.6.2/libgcc.a
END GROUP
OUTPUT(nu4000-rom.elf elf32-littlearm)

.ARM.attributes
                0x00000000       0x2f
 .ARM.attributes
                0x00000000       0x21 boot/start.o
 .ARM.attributes
                0x00000021       0x39 ./protocol/xmodem/xmodem_boot.o
 .ARM.attributes
                0x0000005a       0x39 ./protocol/xmodem/xmodem.o
 .ARM.attributes
                0x00000093       0x39 ./main/main.o
 .ARM.attributes
                0x000000cc       0x39 ./main/board.o
 .ARM.attributes
                0x00000105       0x39 ./main/system.o
 .ARM.attributes
                0x0000013e       0x39 ./dft/dft.o
 .ARM.attributes
                0x00000177       0x39 ./drivers/inuitive/ictl/ictl.o
 .ARM.attributes
                0x000001b0       0x39 ./drivers/inuitive/timer/apb_timer.o
 .ARM.attributes
                0x000001e9       0x39 ./drivers/inuitive/flash/spi_flash.o
 .ARM.attributes
                0x00000222       0x39 ./drivers/inuitive/flash/ispi.o
 .ARM.attributes
                0x0000025b       0x39 ./drivers/inuitive/flash/flash_boot.o
 .ARM.attributes
                0x00000294       0x39 ./drivers/inuitive/storage/src/storage.o
 .ARM.attributes
                0x000002cd       0x39 ./drivers/inuitive/gme/gme.o
 .ARM.attributes
                0x00000306       0x39 ./drivers/zoro/usb/usb_ll/cil_intr.o
 .ARM.attributes
                0x0000033f       0x39 ./drivers/zoro/usb/usb_ll/cil.o
 .ARM.attributes
                0x00000378       0x39 ./drivers/zoro/usb/usb_ll/pcd_hiber.o
 .ARM.attributes
                0x000003b1       0x39 ./drivers/zoro/usb/usb_ll/ep0.o
 .ARM.attributes
                0x000003ea       0x39 ./drivers/zoro/usb/usb_ll/pcd.o
 .ARM.attributes
                0x00000423       0x39 ./drivers/zoro/usb/usb_ll/pcd_intr.o
 .ARM.attributes
                0x0000045c       0x39 ./drivers/zoro/usb/usb_driver/no_os_hiber.o
 .ARM.attributes
                0x00000495       0x39 ./drivers/zoro/usb/usb_driver/no_os_init.o
 .ARM.attributes
                0x000004ce       0x39 ./drivers/zoro/usb/usb_driver/no_os_src_sink_lpbk.o
 .ARM.attributes
                0x00000507       0x39 ./drivers/zoro/usb/usb_driver/no_os_ep0.o
 .ARM.attributes
                0x00000540       0x39 ./drivers/zoro/usb/usb_driver/no_os_gadget.o
 .ARM.attributes
                0x00000579       0x39 ./drivers/zoro/usb/usb_driver/conf.o
 .ARM.attributes
                0x000005b2       0x39 ./drivers/synopsis/uart/DW_apb_uart/DW_apb_uart.o
 .ARM.attributes
                0x000005eb       0x39 ./drivers/synopsis/uart/DW_apb_uart/DW_apb_uart_drv.o
 .ARM.attributes
                0x00000624       0x39 ./lib/arm/cache_v7.o
 .ARM.attributes
                0x0000065d       0x39 ./lib/arm/interrupts.o
 .ARM.attributes
                0x00000696       0x39 ./lib/arm/cache-cp15.o
 .ARM.attributes
                0x000006cf       0x39 ./lib/sys/memcpy.o
 .ARM.attributes
                0x00000708       0x39 ./lib/sys/memset.o
 .ARM.attributes
                0x00000741       0x39 ./lib/sys/memcmp.o
 .ARM.attributes
                0x0000077a       0x39 ./lib/debug/sim.o
 .ARM.attributes
                0x000007b3       0x39 ./lib/debug/string_to_gpio.o
 .ARM.attributes
                0x000007ec       0x39 ./lib/debug/debug.o
 .ARM.attributes
                0x00000825       0x39 ./lib/debug/mail_box.o
 .ARM.attributes
                0x0000085e       0x39 drivers/secureBoot/SBCommon/SBIF/src/sbif_attributes.o
 .ARM.attributes
                0x00000897       0x39 drivers/secureBoot/SBLib/SB_SW/src/sbsw_api_decrypt.o
 .ARM.attributes
                0x000008d0       0x39 drivers/secureBoot/SBLib/SB_SW/src/sbsw_sbif_tools_convert.o
 .ARM.attributes
                0x00000909       0x39 drivers/secureBoot/SBLib/SB_SW/src/sbsw_hw_init.o
 .ARM.attributes
                0x00000942       0x39 drivers/secureBoot/SBLib/SB_SW/src/sbsw_sw_aes_if.o
 .ARM.attributes
                0x0000097b       0x39 drivers/secureBoot/SBLib/SB_SW/src/sbsw_sw_ecdsa_verify.o
 .ARM.attributes
                0x000009b4       0x39 drivers/secureBoot/SBLib/SB_SW/src/sbsw_sw_publicdata.o
 .ARM.attributes
                0x000009ed       0x39 drivers/secureBoot/Framework/CLIB/src/c_lib.o
 .ARM.attributes
                0x00000a26       0x39 drivers/secureBoot/SBCommon/SB_SW_CRYPTO/src/sbcr_key.o
 .ARM.attributes
                0x00000a5f       0x39 drivers/secureBoot/SBCommon/SB_SW_CRYPTO/src/rijndael.o
 .ARM.attributes
                0x00000a98       0x39 drivers/secureBoot/SBCommon/SB_SW_CRYPTO/src/minsha_init.o
 .ARM.attributes
                0x00000ad1       0x39 drivers/secureBoot/SBCommon/SB_SW_CRYPTO/src/minsha_update.o
 .ARM.attributes
                0x00000b0a       0x39 drivers/secureBoot/SBCommon/SB_SW_CRYPTO/src/minsha_core.o
 .ARM.attributes
                0x00000b43       0x39 drivers/secureBoot/micro-ecc/uECC.o
 .ARM.attributes
                0x00000b7c       0x39 drivers/secureBoot/SBCommon/SB_SW_CRYPTO/src/sb_sw_ecdsa256.o
 .ARM.attributes
                0x00000bb5       0x39 drivers/secureBoot/verification/verify.o
 .ARM.attributes
                0x00000bee       0x18 /tools/gcc-arm/gcc-linaro/gcc-arm-none-eabi-4_6-2012q2/lib/gcc/arm-none-eabi/4.6.2/libgcc.a(_udivsi3.o)
 .ARM.attributes
                0x00000c06       0x18 /tools/gcc-arm/gcc-linaro/gcc-arm-none-eabi-4_6-2012q2/lib/gcc/arm-none-eabi/4.6.2/libgcc.a(_divsi3.o)
 .ARM.attributes
                0x00000c1e       0x16 /tools/gcc-arm/gcc-linaro/gcc-arm-none-eabi-4_6-2012q2/lib/gcc/arm-none-eabi/4.6.2/libgcc.a(_dvmd_tls.o)

.comment        0x00000000       0x70
 .comment       0x00000000       0x70 ./protocol/xmodem/xmodem_boot.o
                                 0x71 (size before relaxing)
 .comment       0x00000000       0x71 ./protocol/xmodem/xmodem.o
 .comment       0x00000000       0x71 ./main/main.o
 .comment       0x00000000       0x71 ./main/board.o
 .comment       0x00000000       0x71 ./main/system.o
 .comment       0x00000000       0x71 ./dft/dft.o
 .comment       0x00000000       0x71 ./drivers/inuitive/ictl/ictl.o
 .comment       0x00000000       0x71 ./drivers/inuitive/timer/apb_timer.o
 .comment       0x00000000       0x71 ./drivers/inuitive/flash/spi_flash.o
 .comment       0x00000000       0x71 ./drivers/inuitive/flash/ispi.o
 .comment       0x00000000       0x71 ./drivers/inuitive/flash/flash_boot.o
 .comment       0x00000000       0x71 ./drivers/inuitive/storage/src/storage.o
 .comment       0x00000000       0x71 ./drivers/inuitive/gme/gme.o
 .comment       0x00000000       0x71 ./drivers/zoro/usb/usb_ll/cil_intr.o
 .comment       0x00000000       0x71 ./drivers/zoro/usb/usb_ll/cil.o
 .comment       0x00000000       0x71 ./drivers/zoro/usb/usb_ll/pcd_hiber.o
 .comment       0x00000000       0x71 ./drivers/zoro/usb/usb_ll/ep0.o
 .comment       0x00000000       0x71 ./drivers/zoro/usb/usb_ll/pcd.o
 .comment       0x00000000       0x71 ./drivers/zoro/usb/usb_ll/pcd_intr.o
 .comment       0x00000000       0x71 ./drivers/zoro/usb/usb_driver/no_os_hiber.o
 .comment       0x00000000       0x71 ./drivers/zoro/usb/usb_driver/no_os_init.o
 .comment       0x00000000       0x71 ./drivers/zoro/usb/usb_driver/no_os_src_sink_lpbk.o
 .comment       0x00000000       0x71 ./drivers/zoro/usb/usb_driver/no_os_ep0.o
 .comment       0x00000000       0x71 ./drivers/zoro/usb/usb_driver/no_os_gadget.o
 .comment       0x00000000       0x71 ./drivers/zoro/usb/usb_driver/conf.o
 .comment       0x00000000       0x71 ./drivers/synopsis/uart/DW_apb_uart/DW_apb_uart.o
 .comment       0x00000000       0x71 ./drivers/synopsis/uart/DW_apb_uart/DW_apb_uart_drv.o
 .comment       0x00000000       0x71 ./lib/arm/cache_v7.o
 .comment       0x00000000       0x71 ./lib/arm/interrupts.o
 .comment       0x00000000       0x71 ./lib/arm/cache-cp15.o
 .comment       0x00000000       0x71 ./lib/sys/memcpy.o
 .comment       0x00000000       0x71 ./lib/sys/memset.o
 .comment       0x00000000       0x71 ./lib/sys/memcmp.o
 .comment       0x00000000       0x71 ./lib/debug/sim.o
 .comment       0x00000000       0x71 ./lib/debug/string_to_gpio.o
 .comment       0x00000000       0x71 ./lib/debug/debug.o
 .comment       0x00000000       0x71 ./lib/debug/mail_box.o
 .comment       0x00000000       0x71 drivers/secureBoot/SBCommon/SBIF/src/sbif_attributes.o
 .comment       0x00000000       0x71 drivers/secureBoot/SBLib/SB_SW/src/sbsw_api_decrypt.o
 .comment       0x00000000       0x71 drivers/secureBoot/SBLib/SB_SW/src/sbsw_sbif_tools_convert.o
 .comment       0x00000000       0x71 drivers/secureBoot/SBLib/SB_SW/src/sbsw_hw_init.o
 .comment       0x00000000       0x71 drivers/secureBoot/SBLib/SB_SW/src/sbsw_sw_aes_if.o
 .comment       0x00000000       0x71 drivers/secureBoot/SBLib/SB_SW/src/sbsw_sw_ecdsa_verify.o
 .comment       0x00000000       0x71 drivers/secureBoot/SBLib/SB_SW/src/sbsw_sw_publicdata.o
 .comment       0x00000000       0x71 drivers/secureBoot/Framework/CLIB/src/c_lib.o
 .comment       0x00000000       0x71 drivers/secureBoot/SBCommon/SB_SW_CRYPTO/src/sbcr_key.o
 .comment       0x00000000       0x71 drivers/secureBoot/SBCommon/SB_SW_CRYPTO/src/rijndael.o
 .comment       0x00000000       0x71 drivers/secureBoot/SBCommon/SB_SW_CRYPTO/src/minsha_init.o
 .comment       0x00000000       0x71 drivers/secureBoot/SBCommon/SB_SW_CRYPTO/src/minsha_update.o
 .comment       0x00000000       0x71 drivers/secureBoot/SBCommon/SB_SW_CRYPTO/src/minsha_core.o
 .comment       0x00000000       0x71 drivers/secureBoot/micro-ecc/uECC.o
 .comment       0x00000000       0x71 drivers/secureBoot/SBCommon/SB_SW_CRYPTO/src/sb_sw_ecdsa256.o
 .comment       0x00000000       0x71 drivers/secureBoot/verification/verify.o

.debug_line     0x00000000     0x8a1b
 .debug_line    0x00000000       0xc9 boot/start.o
 .debug_line    0x000000c9       0x56 ./protocol/xmodem/xmodem_boot.o
 .debug_line    0x0000011f      0x258 ./protocol/xmodem/xmodem.o
 .debug_line    0x00000377      0x19c ./main/main.o
 .debug_line    0x00000513      0x275 ./main/board.o
 .debug_line    0x00000788      0x16c ./main/system.o
 .debug_line    0x000008f4       0x48 ./dft/dft.o
 .debug_line    0x0000093c      0x259 ./drivers/inuitive/ictl/ictl.o
 .debug_line    0x00000b95      0x12e ./drivers/inuitive/timer/apb_timer.o
 .debug_line    0x00000cc3      0x149 ./drivers/inuitive/flash/spi_flash.o
 .debug_line    0x00000e0c       0xff ./drivers/inuitive/flash/ispi.o
 .debug_line    0x00000f0b       0xf7 ./drivers/inuitive/flash/flash_boot.o
 .debug_line    0x00001002       0xea ./drivers/inuitive/storage/src/storage.o
 .debug_line    0x000010ec      0x55b ./drivers/inuitive/gme/gme.o
 .debug_line    0x00001647      0x29b ./drivers/zoro/usb/usb_ll/cil_intr.o
 .debug_line    0x000018e2      0xb61 ./drivers/zoro/usb/usb_ll/cil.o
 .debug_line    0x00002443      0x465 ./drivers/zoro/usb/usb_ll/pcd_hiber.o
 .debug_line    0x000028a8      0x350 ./drivers/zoro/usb/usb_ll/ep0.o
 .debug_line    0x00002bf8      0x6ed ./drivers/zoro/usb/usb_ll/pcd.o
 .debug_line    0x000032e5      0x2d9 ./drivers/zoro/usb/usb_ll/pcd_intr.o
 .debug_line    0x000035be      0x18e ./drivers/zoro/usb/usb_driver/no_os_hiber.o
 .debug_line    0x0000374c      0x241 ./drivers/zoro/usb/usb_driver/no_os_init.o
 .debug_line    0x0000398d      0x544 ./drivers/zoro/usb/usb_driver/no_os_src_sink_lpbk.o
 .debug_line    0x00003ed1      0x30c ./drivers/zoro/usb/usb_driver/no_os_ep0.o
 .debug_line    0x000041dd      0x3ab ./drivers/zoro/usb/usb_driver/no_os_gadget.o
 .debug_line    0x00004588        0x0 ./drivers/zoro/usb/usb_driver/conf.o
 .debug_line    0x00004588      0xda1 ./drivers/synopsis/uart/DW_apb_uart/DW_apb_uart.o
 .debug_line    0x00005329      0x1d5 ./drivers/synopsis/uart/DW_apb_uart/DW_apb_uart_drv.o
 .debug_line    0x000054fe      0x1e0 ./lib/arm/cache_v7.o
 .debug_line    0x000056de      0x1b4 ./lib/arm/interrupts.o
 .debug_line    0x00005892      0x1c3 ./lib/arm/cache-cp15.o
 .debug_line    0x00005a55       0xfa ./lib/sys/memcpy.o
 .debug_line    0x00005b4f      0x19c ./lib/sys/memset.o
 .debug_line    0x00005ceb      0x183 ./lib/sys/memcmp.o
 .debug_line    0x00005e6e       0x76 ./lib/debug/sim.o
 .debug_line    0x00005ee4       0x7b ./lib/debug/string_to_gpio.o
 .debug_line    0x00005f5f      0x257 ./lib/debug/debug.o
 .debug_line    0x000061b6       0xd2 ./lib/debug/mail_box.o
 .debug_line    0x00006288      0x1a6 drivers/secureBoot/SBCommon/SBIF/src/sbif_attributes.o
 .debug_line    0x0000642e      0x52d drivers/secureBoot/SBLib/SB_SW/src/sbsw_api_decrypt.o
 .debug_line    0x0000695b      0x367 drivers/secureBoot/SBLib/SB_SW/src/sbsw_sbif_tools_convert.o
 .debug_line    0x00006cc2      0x216 drivers/secureBoot/SBLib/SB_SW/src/sbsw_hw_init.o
 .debug_line    0x00006ed8      0x3b6 drivers/secureBoot/SBLib/SB_SW/src/sbsw_sw_aes_if.o
 .debug_line    0x0000728e      0x256 drivers/secureBoot/SBLib/SB_SW/src/sbsw_sw_ecdsa_verify.o
 .debug_line    0x000074e4      0x12c drivers/secureBoot/SBLib/SB_SW/src/sbsw_sw_publicdata.o
 .debug_line    0x00007610      0x26b drivers/secureBoot/Framework/CLIB/src/c_lib.o
 .debug_line    0x0000787b       0xe0 drivers/secureBoot/SBCommon/SB_SW_CRYPTO/src/sbcr_key.o
 .debug_line    0x0000795b      0x2af drivers/secureBoot/SBCommon/SB_SW_CRYPTO/src/rijndael.o
 .debug_line    0x00007c0a      0x14c drivers/secureBoot/SBCommon/SB_SW_CRYPTO/src/minsha_init.o
 .debug_line    0x00007d56      0x196 drivers/secureBoot/SBCommon/SB_SW_CRYPTO/src/minsha_update.o
 .debug_line    0x00007eec      0x1c0 drivers/secureBoot/SBCommon/SB_SW_CRYPTO/src/minsha_core.o
 .debug_line    0x000080ac      0x5c3 drivers/secureBoot/micro-ecc/uECC.o
 .debug_line    0x0000866f      0x152 drivers/secureBoot/SBCommon/SB_SW_CRYPTO/src/sb_sw_ecdsa256.o
 .debug_line    0x000087c1      0x25a drivers/secureBoot/verification/verify.o

.debug_info     0x00000000    0x27b54
 .debug_info    0x00000000       0x69 boot/start.o
 .debug_info    0x00000069       0xd3 ./protocol/xmodem/xmodem_boot.o
 .debug_info    0x0000013c      0x5d8 ./protocol/xmodem/xmodem.o
 .debug_info    0x00000714      0x3b9 ./main/main.o
 .debug_info    0x00000acd      0x75f ./main/board.o
 .debug_info    0x0000122c      0x389 ./main/system.o
 .debug_info    0x000015b5       0x7e ./dft/dft.o
 .debug_info    0x00001633      0x638 ./drivers/inuitive/ictl/ictl.o
 .debug_info    0x00001c6b      0x242 ./drivers/inuitive/timer/apb_timer.o
 .debug_info    0x00001ead      0x39e ./drivers/inuitive/flash/spi_flash.o
 .debug_info    0x0000224b      0x659 ./drivers/inuitive/flash/ispi.o
 .debug_info    0x000028a4      0x250 ./drivers/inuitive/flash/flash_boot.o
 .debug_info    0x00002af4      0x1f1 ./drivers/inuitive/storage/src/storage.o
 .debug_info    0x00002ce5     0x1233 ./drivers/inuitive/gme/gme.o
 .debug_info    0x00003f18     0x1e39 ./drivers/zoro/usb/usb_ll/cil_intr.o
 .debug_info    0x00005d51     0x4383 ./drivers/zoro/usb/usb_ll/cil.o
 .debug_info    0x0000a0d4     0x20d0 ./drivers/zoro/usb/usb_ll/pcd_hiber.o
 .debug_info    0x0000c1a4     0x1ee3 ./drivers/zoro/usb/usb_ll/ep0.o
 .debug_info    0x0000e087     0x261f ./drivers/zoro/usb/usb_ll/pcd.o
 .debug_info    0x000106a6     0x1f48 ./drivers/zoro/usb/usb_ll/pcd_intr.o
 .debug_info    0x000125ee     0x16f6 ./drivers/zoro/usb/usb_driver/no_os_hiber.o
 .debug_info    0x00013ce4     0x1a6c ./drivers/zoro/usb/usb_driver/no_os_init.o
 .debug_info    0x00015750     0x2614 ./drivers/zoro/usb/usb_driver/no_os_src_sink_lpbk.o
 .debug_info    0x00017d64     0x26a5 ./drivers/zoro/usb/usb_driver/no_os_ep0.o
 .debug_info    0x0001a409     0x1e1b ./drivers/zoro/usb/usb_driver/no_os_gadget.o
 .debug_info    0x0001c224     0x3099 ./drivers/synopsis/uart/DW_apb_uart/DW_apb_uart.o
 .debug_info    0x0001f2bd      0xbcc ./drivers/synopsis/uart/DW_apb_uart/DW_apb_uart_drv.o
 .debug_info    0x0001fe89      0x772 ./lib/arm/cache_v7.o
 .debug_info    0x000205fb      0x3a3 ./lib/arm/interrupts.o
 .debug_info    0x0002099e      0x511 ./lib/arm/cache-cp15.o
 .debug_info    0x00020eaf      0x110 ./lib/sys/memcpy.o
 .debug_info    0x00020fbf      0x112 ./lib/sys/memset.o
 .debug_info    0x000210d1      0x114 ./lib/sys/memcmp.o
 .debug_info    0x000211e5       0xf8 ./lib/debug/sim.o
 .debug_info    0x000212dd       0xde ./lib/debug/string_to_gpio.o
 .debug_info    0x000213bb      0x5bc ./lib/debug/debug.o
 .debug_info    0x00021977      0x1b1 ./lib/debug/mail_box.o
 .debug_info    0x00021b28      0x332 drivers/secureBoot/SBCommon/SBIF/src/sbif_attributes.o
 .debug_info    0x00021e5a     0x11d1 drivers/secureBoot/SBLib/SB_SW/src/sbsw_api_decrypt.o
 .debug_info    0x0002302b      0x736 drivers/secureBoot/SBLib/SB_SW/src/sbsw_sbif_tools_convert.o