Archive member included because of file (symbol)

/tools/gcc-arm/gcc-linaro/gcc-arm-none-eabi-4_6-2012q2/lib/gcc/arm-none-eabi/4.6.2/libgcc.a(_udivsi3.o)
                              ./lib/debug/debug.o (__aeabi_uidiv)
/tools/gcc-arm/gcc-linaro/gcc-arm-none-eabi-4_6-2012q2/lib/gcc/arm-none-eabi/4.6.2/libgcc.a(_divsi3.o)
                              ./drivers/zoro/usb/usb_ll/cil.o (__aeabi_idiv)
/tools/gcc-arm/gcc-linaro/gcc-arm-none-eabi-4_6-2012q2/lib/gcc/arm-none-eabi/4.6.2/libgcc.a(_dvmd_tls.o)
                              /tools/gcc-arm/gcc-linaro/gcc-arm-none-eabi-4_6-2012q2/lib/gcc/arm-none-eabi/4.6.2/libgcc.a(_udivsi3.o) (__aeabi_idiv0)

Allocating common symbols
Common symbol       size              file

nu3000_num_trbs     0x4               ./drivers/zoro/usb/usb_driver/no_os_gadget.o
nu3000_dep_cfg_cb   0x4               ./drivers/zoro/usb/usb_ll/pcd.o
g_pcd_req           0x130             ./drivers/zoro/usb/usb_driver/no_os_init.o
g_pcd_req_bm        0x4               ./drivers/zoro/usb/usb_driver/no_os_init.o
bos_desc_buf        0x200             ./drivers/zoro/usb/usb_driver/no_os_ep0.o
nu3000_alloc_trb_cb
                    0x4               ./drivers/zoro/usb/usb_driver/no_os_gadget.o
g_out_trb_pool      0xc0              ./drivers/zoro/usb/usb_driver/no_os_init.o
hs_config_desc_buf  0x800             ./drivers/zoro/usb/usb_driver/no_os_ep0.o
ss_config_desc_buf  0x800             ./drivers/zoro/usb/usb_driver/no_os_ep0.o
nu3000_usb_descriptors_export
                    0x34              ./drivers/zoro/usb/usb_driver/no_os_ep0.o
g_usb3_dev          0x140             ./drivers/zoro/usb/usb_driver/no_os_init.o
dev_qualifier_buf   0xa               ./drivers/zoro/usb/usb_driver/no_os_ep0.o
bos_desc_buf_size   0x4               ./drivers/zoro/usb/usb_driver/no_os_ep0.o
fs_config_desc_buf_size
                    0x4               ./drivers/zoro/usb/usb_driver/no_os_ep0.o
device_desc_buf     0x12              ./drivers/zoro/usb/usb_driver/no_os_ep0.o
nu3000_descriptor_override
                    0x10              ./drivers/zoro/usb/usb_driver/no_os_ep0.o
max_delay_in_ticks  0x4               ./main/system.o
ICTLP_spIsrCnt      0x4               ./drivers/inuitive/ictl/ictl.o
fw_entry            0x4               ./drivers/zoro/usb/usb_driver/no_os_src_sink_lpbk.o
fs_config_desc_buf  0x800             ./drivers/zoro/usb/usb_driver/no_os_ep0.o
g_in_trb_pool       0xc0              ./drivers/zoro/usb/usb_driver/no_os_init.o
ss_config_desc_buf_size
                    0x4               ./drivers/zoro/usb/usb_driver/no_os_ep0.o
nu3000_string_descriptors
                    0x500             ./drivers/zoro/usb/usb_driver/no_os_ep0.o
nu3000_iso_rate     0x40              ./drivers/zoro/usb/usb_driver/no_os_ep0.o
hs_config_desc_buf_size
                    0x4               ./drivers/zoro/usb/usb_driver/no_os_ep0.o

Discarded input sections

 .data          0x00000000        0x0 boot/start.o
 .bss           0x00000000        0x0 boot/start.o
 .text          0x00000000        0x0 ./lib/sys/memset.o
 .data          0x00000000        0x0 ./lib/sys/memset.o
 .bss           0x00000000        0x0 ./lib/sys/memset.o
 .text          0x00000000        0x0 ./lib/sys/memcpy.o
 .data          0x00000000        0x0 ./lib/sys/memcpy.o
 .bss           0x00000000        0x0 ./lib/sys/memcpy.o
 .text          0x00000000        0x0 ./lib/sys/memcmp.o
 .data          0x00000000        0x0 ./lib/sys/memcmp.o
 .bss           0x00000000        0x0 ./lib/sys/memcmp.o
 .text          0x00000000        0x0 ./lib/debug/debug.o
 .data          0x00000000        0x0 ./lib/debug/debug.o
 .bss           0x00000000        0x0 ./lib/debug/debug.o
 .text.debug_buffer_enable
                0x00000000        0x4 ./lib/debug/debug.o
 .text.debug_flush_buffer
                0x00000000        0x4 ./lib/debug/debug.o
 .text.debug_check_for_flush
                0x00000000        0x4 ./lib/debug/debug.o
 .text.debug_code
                0x00000000       0x2c ./lib/debug/debug.o
 .text          0x00000000        0x0 ./lib/debug/mail_box.o
 .data          0x00000000        0x0 ./lib/debug/mail_box.o
 .bss           0x00000000        0x0 ./lib/debug/mail_box.o
 .text          0x00000000        0x0 ./lib/debug/string_to_gpio.o
 .data          0x00000000        0x0 ./lib/debug/string_to_gpio.o
 .bss           0x00000000        0x0 ./lib/debug/string_to_gpio.o
 .text          0x00000000        0x0 ./lib/debug/sim.o
 .data          0x00000000        0x0 ./lib/debug/sim.o
 .bss           0x00000000        0x0 ./lib/debug/sim.o
 .text          0x00000000        0x0 ./lib/arm/cache_v7.o
 .data          0x00000000        0x0 ./lib/arm/cache_v7.o
 .bss           0x00000000        0x0 ./lib/arm/cache_v7.o
 .text.v7_dcache_maint_range
                0x00000000       0xa0 ./lib/arm/cache_v7.o
 .text.v7_inval_tlb
                0x00000000       0x1c ./lib/arm/cache_v7.o
 .text.invalidate_dcache_all
[...]
Memory Configuration

Name             Origin             Length             Attributes
LRAM             0x02032000         0x0002e000         xrw
*default*        0x00000000         0xffffffff

Linker script and memory map

                0x02032000                __LRAM_ADDRESS = ORIGIN (LRAM)
                0x0002e000                __LRAM_SIZE = 0x2e000
                0x00002000                IRQ_STACK_SIZE = 0x2000
                0x00000200                ABT_STACK_SIZE = 0x200
                0x00002000                C_STACK_SIZE = 0x2000
                0x00004200                STACK_MAX_SIZE = ((C_STACK_SIZE + IRQ_STACK_SIZE) + ABT_STACK_SIZE)
                0x00004000                BSS_MAX_SIZE = 0x4000
                0x00004000                PBSS_MAX_SIZE = 0x4000
                0x00004000                TLB_MAX_SIZE = 0x4000
                0x00004000                PAGETABLE_MAX_SIZE = 0x4000
                0x00000004                STRAP_SIZE = 0x4
                0x00000000                . = ALIGN (0x4)

.text           0x02032000     0xe348
 *(.text*)
 .text          0x02032000      0x460 boot/start.o
                0x02032000                _start
                0x02032040                _end_vect
                0x02032040                _major_version
                0x02032044                _minor_version
                0x02032048                _build_version
                0x02032058                HEAP_START
                0x0203205c                HEAP_END
                0x020320c0                cpu_init_cp15
                0x02032100                usb_resume
                0x02032120                enable_async_abort
                0x02032130                cpu_init_crit
 .text.memset   0x02032460       0xc8 ./lib/sys/memset.o
                0x02032460                memset
 .text.memcpy   0x02032528       0xf8 ./lib/sys/memcpy.o
                0x02032528                memcpy
 .text.memcmp   0x02032620       0xb8 ./lib/sys/memcmp.o
                0x02032620                memcmp
 .text.debug_init
                0x020326d8       0x30 ./lib/debug/debug.o
                0x020326d8                debug_init
 .text.debug_writeb
                0x02032708       0x24 ./lib/debug/debug.o
                0x02032708                debug_writeb
 .text.fill_int
                0x0203272c      0x22c ./lib/debug/debug.o
 .text.fill_hex_int
                0x02032958      0x11c ./lib/debug/debug.o
 .text.debug_printf
                0x02032a74      0x230 ./lib/debug/debug.o
                0x02032a74                debug_printf
 .text.end_of_test_vcs
                0x02032ca4       0x28 ./lib/debug/sim.o
                0x02032ca4                end_of_test_vcs
 .text.sim_init
                0x02032ccc       0x2c ./lib/debug/sim.o
                0x02032ccc                sim_init
 .text.board_end
                0x02032cf8        0xc ./lib/debug/sim.o
                0x02032cf8                board_end
 .text.get_ccsidr
                0x02032d04        0x8 ./lib/arm/cache_v7.o
 .text.v7_maint_dcache_all
                0x02032d0c       0xec ./lib/arm/cache_v7.o
 .text.flush_dcache_all
                0x02032df8       0x14 ./lib/arm/cache_v7.o
                0x02032df8                flush_dcache_all
 .text.invalidate_icache_all
                0x02032e0c       0x18 ./lib/arm/cache_v7.o
                0x02032e0c                invalidate_icache_all
 .text.__v7_outer_cache_flush_all
                0x02032e24        0x4 ./lib/arm/cache_v7.o
                0x02032e24                __v7_outer_cache_flush_all
                0x02032e24                v7_outer_cache_flush_all
 .text.interrupt_init
                0x02032e28       0x10 ./lib/arm/interrupts.o
                0x02032e28                interrupt_init
 .text.enable_interrupts
                0x02032e38       0x10 ./lib/arm/interrupts.o
                0x02032e38                enable_interrupts
 .text.disable_interrupts
                0x02032e48       0x1c ./lib/arm/interrupts.o
                0x02032e48                disable_interrupts
 .text.bad_mode
                0x02032e64        0x4 ./lib/arm/interrupts.o
                0x02032e64                bad_mode
 .text.show_regs
                0x02032e68      0x150 ./lib/arm/interrupts.o
                0x02032e68                show_regs
 .text.do_undefined_instruction
                0x02032fb8       0x20 ./lib/arm/interrupts.o
                0x02032fb8                do_undefined_instruction
 .text.do_software_interrupt
                0x02032fd8       0x20 ./lib/arm/interrupts.o
                0x02032fd8                do_software_interrupt
 .text.do_prefetch_abort
                0x02032ff8       0x20 ./lib/arm/interrupts.o
                0x02032ff8                do_prefetch_abort
 .text.do_data_abort
                0x02033018       0x20 ./lib/arm/interrupts.o
                0x02033018                do_data_abort
 .text.do_not_used
                0x02033038       0x20 ./lib/arm/interrupts.o
                0x02033038                do_not_used
 .text.do_fiq   0x02033058       0x20 ./lib/arm/interrupts.o
                0x02033058                do_fiq
 .text.do_irq   0x02033078        0xc ./lib/arm/interrupts.o
                0x02033078                do_irq
 .text.irq_register
                0x02033084       0x14 ./lib/arm/interrupts.o
                0x02033084                irq_register
 .text.irq_clear
                0x02033098        0x4 ./lib/arm/interrupts.o
                0x02033098                irq_clear
 .text.irq_unmask
                0x0203309c       0x10 ./lib/arm/interrupts.o
                0x0203309c                irq_unmask
 .text.irq_deregister
                0x020330ac       0x10 ./lib/arm/interrupts.o
                0x020330ac                irq_deregister
 .text.cp_delay
                0x020330bc       0x3c ./lib/arm/cache-cp15.o
 .text.cache_disable
                0x020330f8       0x4c ./lib/arm/cache-cp15.o
 .text.set_section_dcache
                0x02033144       0x1c ./lib/arm/cache-cp15.o
                0x02033144                set_section_dcache
 .text.bank_mmu_setup
                0x02033160       0x14 ./lib/arm/cache-cp15.o
                0x02033160                bank_mmu_setup
 .text.cache_enable
                0x02033174       0x88 ./lib/arm/cache-cp15.o
 .text.icache_enable
                0x020331fc       0x10 ./lib/arm/cache-cp15.o
                0x020331fc                icache_enable
 .text.icache_disable
                0x0203320c       0x10 ./lib/arm/cache-cp15.o
                0x0203320c                icache_disable
 .text.dcache_enable
                0x0203321c       0x10 ./lib/arm/cache-cp15.o
                0x0203321c                dcache_enable
 .text.dcache_disable
                0x0203322c       0x10 ./lib/arm/cache-cp15.o
                0x0203322c                dcache_disable
 .text.get_tick_count
                0x0203323c       0x14 ./main/system.o
 .text.system_tick_delay
                0x02033250       0xa0 ./main/system.o
                0x02033250                system_tick_delay
 .text.system_udelay
                0x020332f0       0x30 ./main/system.o
                0x020332f0                system_udelay
 .text.system_ticks_per_msec
                0x02033320       0x20 ./main/system.o
                0x02033320                system_ticks_per_msec
 .text.system_power_mode
                0x02033340       0x20 ./main/system.o
                0x02033340                system_power_mode
 .text.system_is_self_powered
                0x02033360        0x8 ./main/system.o
                0x02033360                system_is_self_powered
 .text.system_usb_typec_orientation
                0x02033368       0x14 ./main/system.o
                0x02033368                system_usb_typec_orientation
 .text.system_jump_to_address
                0x0203337c       0x14 ./main/system.o
                0x0203337c                system_jump_to_address
 .text.enable_caches
                0x02033390       0x10 ./main/system.o
                0x02033390                enable_caches
 .text.disable_caches
                0x020333a0       0x10 ./main/system.o
                0x020333a0                disable_caches
 .text.bootrom_hie_regs_show
                0x020333b0       0x24 ./main/main.o
                0x020333b0                bootrom_hie_regs_show
 .text.bootrom_usb_phy_init
                0x020333d4        0xc ./main/main.o
                0x020333d4                bootrom_usb_phy_init
 .text.bootrom_basic_init
                0x020333e0       0x7c ./main/main.o
                0x020333e0                bootrom_basic_init
 .text.bootrom_bg_usb
                0x0203345c       0x10 ./main/main.o
                0x0203345c                bootrom_bg_usb
 .text.bootrom_usb_resume
                0x0203346c       0x68 ./main/main.o
                0x0203346c                bootrom_usb_resume
 .text.bootrom_init
                0x020334d4       0xc0 ./main/main.o
                0x020334d4                bootrom_init
 .text.bootrom_por
                0x02033594       0xc4 ./main/main.o
                0x02033594                bootrom_por
 .text.get_strap_info
                0x02033658        0xc ./main/main.o
                0x02033658                get_strap_info
 .text.getTcaField
                0x02033664       0x3c ./main/board.o
 .text.setTcaField
                0x020336a0       0x48 ./main/board.o
 .text.board_dbg_uart_init
                0x020336e8       0x54 ./main/board.o
                0x020336e8                board_dbg_uart_init
 .text.board_boot_uart_init
                0x0203373c       0x54 ./main/board.o
                0x0203373c                board_boot_uart_init
 .text.board_timer_init
                0x02033790       0x1c ./main/board.o
                0x02033790                board_timer_init
 .text.board_spi_init
                0x020337ac       0x3c ./main/board.o
                0x020337ac                board_spi_init
 .text.board_usb_init
                0x020337e8       0x3c ./main/board.o
                0x020337e8                board_usb_init
 .text.board_lram_clk_set
                0x02033824       0x68 ./main/board.o
                0x02033824                board_lram_clk_set
 .text.board_sys_clk_set
                0x0203388c       0x78 ./main/board.o
                0x0203388c                board_sys_clk_set
 .text.board_gpp_clk_set
                0x02033904       0x7c ./main/board.o
                0x02033904                board_gpp_clk_set
 .text.board_clks_set
                0x02033980       0x14 ./main/board.o
                0x02033980                board_clks_set
 .text.board_clks_restore
                0x02033994       0x58 ./main/board.o
                0x02033994                board_clks_restore
 .text.board_basic_init
                0x020339ec       0x1c ./main/board.o
                0x020339ec                board_basic_init
 .text.board_usb_phy_init
                0x02033a08       0x24 ./main/board.o
                0x02033a08                board_usb_phy_init
 .text.board_usb_typec_orientation
                0x02033a2c      0x10c ./main/board.o
                0x02033a2c                board_usb_typec_orientation
 .text.board_bootstrap_get
                0x02033b38       0x28 ./main/board.o
                0x02033b38                board_bootstrap_get
 .text.board_set_mode
                0x02033b60       0x10 ./main/board.o
                0x02033b60                board_set_mode
 .text.board_clk_pll_basic_init
                0x02033b70       0x28 ./main/board.o
                0x02033b70                board_clk_pll_basic_init
 .text.get_board_info
                0x02033b98       0x20 ./main/board.o
                0x02033b98                get_board_info
 .text.APB_TIMERP_read
                0x02033bb8       0x18 ./drivers/inuitive/timer/apb_timer.o
 .text.APB_TIMERP_write
                0x02033bd0       0x18 ./drivers/inuitive/timer/apb_timer.o
 .text.APB_TIMERG_start
                0x02033be8       0x1c ./drivers/inuitive/timer/apb_timer.o
                0x02033be8                APB_TIMERG_start
 .text.APB_TIMERG_isStarted
                0x02033c04       0x14 ./drivers/inuitive/timer/apb_timer.o
                0x02033c04                APB_TIMERG_isStarted
 .text.APB_TIMERG_read
                0x02033c18       0x10 ./drivers/inuitive/timer/apb_timer.o
                0x02033c18                APB_TIMERG_read
 .text.APB_TIMERG_setLoadCnt
                0x02033c28       0x10 ./drivers/inuitive/timer/apb_timer.o
                0x02033c28                APB_TIMERG_setLoadCnt
 .text.APB_TIMERG_init
                0x02033c38       0x44 ./drivers/inuitive/timer/apb_timer.o
                0x02033c38                APB_TIMERG_init
 .text.APB_TIMERG_getLoadCnt
                0x02033c7c       0x10 ./drivers/inuitive/timer/apb_timer.o
                0x02033c7c                APB_TIMERG_getLoadCnt
 .text.APB_TIMERG_wdtDisable
                0x02033c8c       0x14 ./drivers/inuitive/timer/apb_timer.o
                0x02033c8c                APB_TIMERG_wdtDisable
 .text.storage_flash_init
                0x02033ca0        0xc ./drivers/inuitive/storage/src/storage.o
                0x02033ca0                storage_flash_init
 .text.storage_flash_boot_check
                0x02033cac       0x34 ./drivers/inuitive/storage/src/storage.o
                0x02033cac                storage_flash_boot_check
 .text.storage_boot
                0x02033ce0       0x24 ./drivers/inuitive/storage/src/storage.o
                0x02033ce0                storage_boot
 .text.GMEG_resetPowerState
                0x02033d04       0x24 ./drivers/inuitive/gme/gme.o
                0x02033d04                GMEG_resetPowerState
 .text.GMEG_configSysPll
                0x02033d28       0xec ./drivers/inuitive/gme/gme.o
                0x02033d28                GMEG_configSysPll
 .text.GMEG_lockSysPll
                0x02033e14       0x18 ./drivers/inuitive/gme/gme.o
                0x02033e14                GMEG_lockSysPll
 .text.GMEG_configCpuPll
                0x02033e2c       0xec ./drivers/inuitive/gme/gme.o
                0x02033e2c                GMEG_configCpuPll
 .text.GMEG_lockCpuPll
                0x02033f18       0x18 ./drivers/inuitive/gme/gme.o
                0x02033f18                GMEG_lockCpuPll
 .text.GMEG_configDspPll
                0x02033f30       0xec ./drivers/inuitive/gme/gme.o
                0x02033f30                GMEG_configDspPll
 .text.GMEG_lockDspPll
                0x0203401c       0x18 ./drivers/inuitive/gme/gme.o
                0x0203401c                GMEG_lockDspPll
 .text.GMEG_configPllLockCnt
                0x02034034       0x4c ./drivers/inuitive/gme/gme.o
                0x02034034                GMEG_configPllLockCnt
 .text.GMEG_isSysPllEnabled
                0x02034080       0x14 ./drivers/inuitive/gme/gme.o
                0x02034080                GMEG_isSysPllEnabled
 .text.GMEG_isCpuPllEnabled
                0x02034094       0x14 ./drivers/inuitive/gme/gme.o
                0x02034094                GMEG_isCpuPllEnabled
 .text.GMEG_isDspPllEnabled
                0x020340a8       0x14 ./drivers/inuitive/gme/gme.o
                0x020340a8                GMEG_isDspPllEnabled
 .text.GMEG_setGppClockSrc
                0x020340bc       0x20 ./drivers/inuitive/gme/gme.o
                0x020340bc                GMEG_setGppClockSrc
 .text.GMEG_setGppClockDiv
                0x020340dc       0x20 ./drivers/inuitive/gme/gme.o
                0x020340dc                GMEG_setGppClockDiv
 .text.GMEG_setSysClockSrc
                0x020340fc       0x20 ./drivers/inuitive/gme/gme.o
                0x020340fc                GMEG_setSysClockSrc
 .text.GMEG_setSysClockDiv
                0x0203411c       0x20 ./drivers/inuitive/gme/gme.o
                0x0203411c                GMEG_setSysClockDiv
 .text.GMEG_setLramClockSrc
                0x0203413c       0x20 ./drivers/inuitive/gme/gme.o
                0x0203413c                GMEG_setLramClockSrc
 .text.GMEG_setUsbClockDiv
                0x0203415c       0x20 ./drivers/inuitive/gme/gme.o
                0x0203415c                GMEG_setUsbClockDiv
 .text.GMEG_setUartClockDiv
                0x0203417c       0x50 ./drivers/inuitive/gme/gme.o
                0x0203417c                GMEG_setUartClockDiv
 .text.GMEG_setUartClockSrc
                0x020341cc       0x50 ./drivers/inuitive/gme/gme.o
                0x020341cc                GMEG_setUartClockSrc
 .text.GMEG_setFcuClockDiv
                0x0203421c       0x24 ./drivers/inuitive/gme/gme.o
                0x0203421c                GMEG_setFcuClockDiv
 .text.GMEG_changeUnitFreq
                0x02034240       0xbc ./drivers/inuitive/gme/gme.o
                0x02034240                GMEG_changeUnitFreq
 .text.GMEG_disableClk
                0x020342fc      0x1cc ./drivers/inuitive/gme/gme.o
                0x020342fc                GMEG_disableClk
 .text.GMEP_setPowerSuspend
                0x020344c8       0x5c ./drivers/inuitive/gme/gme.o
                0x020344c8                GMEP_setPowerSuspend
 .text.GMEG_setSuspendMode
                0x02034524       0x3c ./drivers/inuitive/gme/gme.o
                0x02034524                GMEG_setSuspendMode
 .text.GMEG_enableClk
                0x02034560      0x200 ./drivers/inuitive/gme/gme.o
                0x02034560                GMEG_enableClk
 .text.GMEG_setResumeAddr
                0x02034760       0x10 ./drivers/inuitive/gme/gme.o
                0x02034760                GMEG_setResumeAddr
 .text.GMEG_isTestMode
                0x02034770       0x14 ./drivers/inuitive/gme/gme.o
                0x02034770                GMEG_isTestMode
 .text.GMEG_setUartMux
                0x02034784        0x4 ./drivers/inuitive/gme/gme.o
                0x02034784                GMEG_setUartMux
 .text.GMEG_writeSaveAndRestoreReg
                0x02034788       0x18 ./drivers/inuitive/gme/gme.o
                0x02034788                GMEG_writeSaveAndRestoreReg
 .text.GMEG_disableSuspendTimer
                0x020347a0       0x18 ./drivers/inuitive/gme/gme.o
                0x020347a0                GMEG_disableSuspendTimer
 .text.GMEG_phyBridgeWaitForAckFall
                0x020347b8       0x18 ./drivers/inuitive/gme/gme.o
                0x020347b8                GMEG_phyBridgeWaitForAckFall
 .text.GMEG_phyBridgeWaitForAckRise
                0x020347d0       0x18 ./drivers/inuitive/gme/gme.o
                0x020347d0                GMEG_phyBridgeWaitForAckRise
 .text.GMEG_phyBridgeCapAddr
                0x020347e8       0x44 ./drivers/inuitive/gme/gme.o
                0x020347e8                GMEG_phyBridgeCapAddr
 .text.GMEG_setUsbPhyReg
                0x0203482c       0x78 ./drivers/inuitive/gme/gme.o
                0x0203482c                GMEG_setUsbPhyReg
 .text.GMEG_initUsbPhyParam
                0x020348a4       0x88 ./drivers/inuitive/gme/gme.o
                0x020348a4                GMEG_initUsbPhyParam
 .text.ICTLP_setPriorityLevel
                0x0203492c       0x18 ./drivers/inuitive/ictl/ictl.o
 .text.ICTLP_setPrioLevelVector
                0x02034944       0x18 ./drivers/inuitive/ictl/ictl.o
 .text.ICTLP_prNIsr
                0x0203495c       0xc0 ./drivers/inuitive/ictl/ictl.o
 .text.ICTLP_prDbgIsr
                0x02034a1c        0x4 ./drivers/inuitive/ictl/ictl.o
 .text.ICTLP_spuriousIsr
                0x02034a20       0x18 ./drivers/inuitive/ictl/ictl.o
 .text.ICTLP_pr2Isr
                0x02034a38       0x20 ./drivers/inuitive/ictl/ictl.o
 .text.ICTLP_pr1Isr
                0x02034a58       0x20 ./drivers/inuitive/ictl/ictl.o
 .text.ICTLP_pr0Isr
                0x02034a78       0x20 ./drivers/inuitive/ictl/ictl.o
 .text.ICTLG_init
                0x02034a98      0x120 ./drivers/inuitive/ictl/ictl.o
                0x02034a98                ICTLG_init
 .text.ICTLG_registerIsr
                0x02034bb8       0xf4 ./drivers/inuitive/ictl/ictl.o
                0x02034bb8                ICTLG_registerIsr
 .text.ICTLG_deRegisterIsr
                0x02034cac       0xb4 ./drivers/inuitive/ictl/ictl.o
                0x02034cac                ICTLG_deRegisterIsr
 .text.ICTLG_unMaskInt
                0x02034d60       0x40 ./drivers/inuitive/ictl/ictl.o
                0x02034d60                ICTLG_unMaskInt
 .text.ICTLG_irqHandler
                0x02034da0       0x28 ./drivers/inuitive/ictl/ictl.o
                0x02034da0                ICTLG_irqHandler
 .text.SPI_DRVG_open
                0x02034dc8      0x130 ./drivers/inuitive/flash/ispi.o
                0x02034dc8                SPI_DRVG_open
 .text.SPI_DRVG_spiTransaction
                0x02034ef8      0x208 ./drivers/inuitive/flash/ispi.o
                0x02034ef8                SPI_DRVG_spiTransaction
 .text.SPI_FLASHG_Read
                0x02035100       0x68 ./drivers/inuitive/flash/spi_flash.o
                0x02035100                SPI_FLASHG_Read
 .text.SPI_FLASHG_init
                0x02035168        0xc ./drivers/inuitive/flash/spi_flash.o
                0x02035168                SPI_FLASHG_init
 .text.flash_is_valid
                0x02035174       0x1c ./drivers/inuitive/flash/flash_boot.o
                0x02035174                flash_is_valid
 .text.flash_is_bootable
                0x02035190       0x34 ./drivers/inuitive/flash/flash_boot.o
                0x02035190                flash_is_bootable
 .text.flash_init
                0x020351c4       0xa0 ./drivers/inuitive/flash/flash_boot.o
                0x020351c4                flash_init
 .text.flash_boot
                0x02035264       0xf4 ./drivers/inuitive/flash/flash_boot.o
                0x02035264                flash_boot
 .text.fill_bos_descriptor
                0x02035358       0xf4 ./drivers/zoro/usb/usb_driver/no_os_ep0.o
 .text.fill_configuration_descriptor
                0x0203544c       0xe8 ./drivers/zoro/usb/usb_driver/no_os_ep0.o
 .text.pass_desc_rest
                0x02035534       0xc0 ./drivers/zoro/usb/usb_driver/no_os_ep0.o
                0x02035534                pass_desc_rest
 .text.dwc_usb3_no_os_setup
                0x020355f4      0x3bc ./drivers/zoro/usb/usb_driver/no_os_ep0.o
                0x020355f4                dwc_usb3_no_os_setup
 .text.fill_descr_gen_customization
                0x020359b0       0x20 ./drivers/zoro/usb/usb_driver/no_os_ep0.o
                0x020359b0                fill_descr_gen_customization
 .text.fill_descr_iso_customization
                0x020359d0       0xc0 ./drivers/zoro/usb/usb_driver/no_os_ep0.o
                0x020359d0                fill_descr_iso_customization
 .text.create_descriptors_customization
                0x02035a90      0x1d8 ./drivers/zoro/usb/usb_driver/no_os_ep0.o
                0x02035a90                create_descriptors_customization
 .text.create_bos_descriptor
                0x02035c68       0x60 ./drivers/zoro/usb/usb_driver/no_os_ep0.o
                0x02035c68                create_bos_descriptor
 .text.dwc_usb3_handle_pme_intr
                0x02035cc8       0x18 ./drivers/zoro/usb/usb_driver/no_os_hiber.o
                0x02035cc8                dwc_usb3_handle_pme_intr
 .text.dwc_usb3_power_ctl
                0x02035ce0        0x4 ./drivers/zoro/usb/usb_driver/no_os_hiber.o
                0x02035ce0                dwc_usb3_power_ctl
 .text.is_video
                0x02035ce4       0x1c ./drivers/zoro/usb/usb_driver/no_os_src_sink_lpbk.o
 .text.reset_other_eps
                0x02035d00       0xc0 ./drivers/zoro/usb/usb_driver/no_os_src_sink_lpbk.o
 .text.set_single_intf_ep
                0x02035dc0       0xe4 ./drivers/zoro/usb/usb_driver/no_os_src_sink_lpbk.o
 .text.set_other_ep
                0x02035ea4       0xf8 ./drivers/zoro/usb/usb_driver/no_os_src_sink_lpbk.o
 .text.set_interface
                0x02035f9c      0x260 ./drivers/zoro/usb/usb_driver/no_os_src_sink_lpbk.o
 .text.nu3000_monitor_process
                0x020361fc      0x1e8 ./drivers/zoro/usb/usb_driver/no_os_src_sink_lpbk.o
 .text.loopbk_complete
                0x020363e4      0x1d0 ./drivers/zoro/usb/usb_driver/no_os_src_sink_lpbk.o
 .text.nu3000_bg_process
                0x020365b4       0x44 ./drivers/zoro/usb/usb_driver/no_os_src_sink_lpbk.o
                0x020365b4                nu3000_bg_process
 .text.nu3000_class_request
                0x020365f8       0xdc ./drivers/zoro/usb/usb_driver/no_os_src_sink_lpbk.o
                0x020365f8                nu3000_class_request
 .text.dwc_usb3_function_setup
                0x020366d4      0x5fc ./drivers/zoro/usb/usb_driver/no_os_src_sink_lpbk.o
                0x020366d4                dwc_usb3_function_setup
 .text.dwc_usb3_function_connect
                0x02036cd0       0x68 ./drivers/zoro/usb/usb_driver/no_os_src_sink_lpbk.o
                0x02036cd0                dwc_usb3_function_connect
 .text.dwc_usb3_function_disconnect
                0x02036d38        0x8 ./drivers/zoro/usb/usb_driver/no_os_src_sink_lpbk.o
                0x02036d38                dwc_usb3_function_disconnect
 .text.dwc_usb3_function_init
                0x02036d40       0x24 ./drivers/zoro/usb/usb_driver/no_os_src_sink_lpbk.o
                0x02036d40                dwc_usb3_function_init
 .text.dwc_usb3_function_remove
                0x02036d64        0x4 ./drivers/zoro/usb/usb_driver/no_os_src_sink_lpbk.o
                0x02036d64                dwc_usb3_function_remove
 .text.dwc_usb3_gadget_connect
                0x02036d68       0x14 ./drivers/zoro/usb/usb_driver/no_os_gadget.o
                0x02036d68                dwc_usb3_gadget_connect
 .text.dwc_usb3_gadget_disconnect
                0x02036d7c       0x14 ./drivers/zoro/usb/usb_driver/no_os_gadget.o
                0x02036d7c                dwc_usb3_gadget_disconnect
 .text.dwc_usb3_gadget_suspend
                0x02036d90       0x28 ./drivers/zoro/usb/usb_driver/no_os_gadget.o
                0x02036d90                dwc_usb3_gadget_suspend
 .text.dwc_usb3_gadget_resume
                0x02036db8        0x8 ./drivers/zoro/usb/usb_driver/no_os_gadget.o
                0x02036db8                dwc_usb3_gadget_resume
 .text.dwc_usb3_gadget_setup
                0x02036dc0       0x58 ./drivers/zoro/usb/usb_driver/no_os_gadget.o
                0x02036dc0                dwc_usb3_gadget_setup
 .text.dwc_usb3_gadget_complete
                0x02036e18       0x80 ./drivers/zoro/usb/usb_driver/no_os_gadget.o
                0x02036e18                dwc_usb3_gadget_complete
 .text.dwc_usb3_gadget_alloc_dma
                0x02036e98       0x6c ./drivers/zoro/usb/usb_driver/no_os_gadget.o
                0x02036e98                dwc_usb3_gadget_alloc_dma
 .text.dwc_usb3_gadget_free_dma
                0x02036f04        0x4 ./drivers/zoro/usb/usb_driver/no_os_gadget.o
                0x02036f04                dwc_usb3_gadget_free_dma
 .text.dwc_usb3_gadget_get_request
                0x02036f08       0x10 ./drivers/zoro/usb/usb_driver/no_os_gadget.o
                0x02036f08                dwc_usb3_gadget_get_request
 .text.dwc_usb3_gadget_start_next_request
                0x02036f18       0x70 ./drivers/zoro/usb/usb_driver/no_os_gadget.o
                0x02036f18                dwc_usb3_gadget_start_next_request
 .text.dwc_usb3_gadget_isoc_ep_start
                0x02036f88       0xe4 ./drivers/zoro/usb/usb_driver/no_os_gadget.o
                0x02036f88                dwc_usb3_gadget_isoc_ep_start
 .text.dwc_usb3_gadget_request_nuke
                0x0203706c       0x5c ./drivers/zoro/usb/usb_driver/no_os_gadget.o
                0x0203706c                dwc_usb3_gadget_request_nuke
 .text.dwc_usb3_gadget_set_ep_not_started
                0x020370c8       0x2c ./drivers/zoro/usb/usb_driver/no_os_gadget.o
                0x020370c8                dwc_usb3_gadget_set_ep_not_started
 .text.dwc_usb3_ep_enable
                0x020370f4       0xf0 ./drivers/zoro/usb/usb_driver/no_os_gadget.o
                0x020370f4                dwc_usb3_ep_enable
 .text.dwc_usb3_ep_disable
                0x020371e4       0x28 ./drivers/zoro/usb/usb_driver/no_os_gadget.o
                0x020371e4                dwc_usb3_ep_disable
 .text.dwc_usb3_alloc_request
                0x0203720c       0xa0 ./drivers/zoro/usb/usb_driver/no_os_gadget.o
                0x0203720c                dwc_usb3_alloc_request
 .text.dwc_usb3_free_request
                0x020372ac       0x4c ./drivers/zoro/usb/usb_driver/no_os_gadget.o
                0x020372ac                dwc_usb3_free_request
 .text.dwc_usb3_ep_queue
                0x020372f8      0x180 ./drivers/zoro/usb/usb_driver/no_os_gadget.o
                0x020372f8                dwc_usb3_ep_queue
 .text.dwc_usb3_gadget_init
                0x02037478       0xa0 ./drivers/zoro/usb/usb_driver/no_os_gadget.o
                0x02037478                dwc_usb3_gadget_init
 .text.dwc_usb3_gadget_remove
                0x02037518        0x4 ./drivers/zoro/usb/usb_driver/no_os_gadget.o
                0x02037518                dwc_usb3_gadget_remove
 .text.haps_phy_config_hook
                0x0203751c       0x8c ./drivers/zoro/usb/usb_driver/no_os_init.o
 .text.dwc_usb3_common_irq
                0x020375a8       0x18 ./drivers/zoro/usb/usb_driver/no_os_init.o
                0x020375a8                dwc_usb3_common_irq
 .text.usb3ss_common_irq
                0x020375c0       0x24 ./drivers/zoro/usb/usb_driver/no_os_init.o
 .text.dwc_usb3_common_wakeup
                0x020375e4       0x14 ./drivers/zoro/usb/usb_driver/no_os_init.o
                0x020375e4                dwc_usb3_common_wakeup
 .text.dwc_usb3_driver_remove
                0x020375f8      0x13c ./drivers/zoro/usb/usb_driver/no_os_init.o
                0x020375f8                dwc_usb3_driver_remove
 .text.dwc_usb3_driver_init
                0x02037734      0x204 ./drivers/zoro/usb/usb_driver/no_os_init.o
                0x02037734                dwc_usb3_driver_init
 .text.nu3000_usb_irq_register
                0x02037938       0x14 ./drivers/zoro/usb/usb_driver/no_os_init.o
                0x02037938                nu3000_usb_irq_register
 .text.handle_disconnect_intr
                0x0203794c       0x94 ./drivers/zoro/usb/usb_ll/pcd_intr.o
 .text.dwc_usb3_handle_connect_done_intr
                0x020379e0      0x12c ./drivers/zoro/usb/usb_ll/pcd_intr.o
                0x020379e0                dwc_usb3_handle_connect_done_intr
 .text.dwc_usb3_handle_ep_intr
                0x02037b0c      0x1b8 ./drivers/zoro/usb/usb_ll/pcd_intr.o
                0x02037b0c                dwc_usb3_handle_ep_intr
 .text.dwc_usb3_handle_dev_resume
                0x02037cc4       0x24 ./drivers/zoro/usb/usb_ll/pcd_intr.o
                0x02037cc4                dwc_usb3_handle_dev_resume
 .text.dwc_usb3_handle_dev_intr
                0x02037ce8      0x32c ./drivers/zoro/usb/usb_ll/pcd_intr.o
                0x02037ce8                dwc_usb3_handle_dev_intr
 .text._handshake
                0x02038014       0x30 ./drivers/zoro/usb/usb_ll/cil.o
 .text.dwc_usb3_fill_desc
                0x02038044       0x48 ./drivers/zoro/usb/usb_ll/cil.o
                0x02038044                dwc_usb3_fill_desc
 .text.dwc_usb3_enable_desc
                0x0203808c       0x10 ./drivers/zoro/usb/usb_ll/cil.o
                0x0203808c                dwc_usb3_enable_desc
 .text.dwc_usb3_xmit_fn_remote_wake
                0x0203809c       0x60 ./drivers/zoro/usb/usb_ll/cil.o
                0x0203809c                dwc_usb3_xmit_fn_remote_wake
 .text.dwc_usb3_set_scratchpad_buf_array
                0x020380fc       0x38 ./drivers/zoro/usb/usb_ll/cil.o
                0x020380fc                dwc_usb3_set_scratchpad_buf_array
 .text.dwc_usb3_dep_cfg
                0x02038134       0x34 ./drivers/zoro/usb/usb_ll/cil.o
                0x02038134                dwc_usb3_dep_cfg
 .text.dwc_usb3_dep_xfercfg
                0x02038168       0x28 ./drivers/zoro/usb/usb_ll/cil.o
                0x02038168                dwc_usb3_dep_xfercfg
 .text.dwc_usb3_dep_sstall
                0x02038190       0x24 ./drivers/zoro/usb/usb_ll/cil.o
                0x02038190                dwc_usb3_dep_sstall
 .text.dwc_usb3_dep_cstall
                0x020381b4       0x24 ./drivers/zoro/usb/usb_ll/cil.o
                0x020381b4                dwc_usb3_dep_cstall
 .text.dwc_usb3_dep_startxfer
                0x020381d8       0x40 ./drivers/zoro/usb/usb_ll/cil.o
                0x020381d8                dwc_usb3_dep_startxfer
 .text.dwc_usb3_dep_updatexfer
                0x02038218       0x2c ./drivers/zoro/usb/usb_ll/cil.o
                0x02038218                dwc_usb3_dep_updatexfer
 .text.dwc_usb3_dep_endxfer
                0x02038244       0x34 ./drivers/zoro/usb/usb_ll/cil.o
                0x02038244                dwc_usb3_dep_endxfer
 .text.dwc_usb3_dep_startnewcfg
                0x02038278       0x2c ./drivers/zoro/usb/usb_ll/cil.o
                0x02038278                dwc_usb3_dep_startnewcfg
 .text.dwc_usb3_enable_ep
                0x020382a4       0x3c ./drivers/zoro/usb/usb_ll/cil.o
                0x020382a4                dwc_usb3_enable_ep
 .text.dwc_usb3_disable_ep
                0x020382e0       0x3c ./drivers/zoro/usb/usb_ll/cil.o
                0x020382e0                dwc_usb3_disable_ep
 .text.dwc_usb3_get_device_speed
                0x0203831c       0x54 ./drivers/zoro/usb/usb_ll/cil.o
                0x0203831c                dwc_usb3_get_device_speed
 .text.dwc_usb3_get_frame
                0x02038370       0x10 ./drivers/zoro/usb/usb_ll/cil.o
                0x02038370                dwc_usb3_get_frame
 .text.dwc_usb3_pcd_get_link_state
                0x02038380       0x10 ./drivers/zoro/usb/usb_ll/cil.o
                0x02038380                dwc_usb3_pcd_get_link_state
 .text.dwc_usb3_pcd_set_link_state
                0x02038390       0x28 ./drivers/zoro/usb/usb_ll/cil.o
                0x02038390                dwc_usb3_pcd_set_link_state
 .text.dwc_usb3_pcd_remote_wake
                0x020383b8       0x18 ./drivers/zoro/usb/usb_ll/cil.o
                0x020383b8                dwc_usb3_pcd_remote_wake
 .text.dwc_usb3_set_address
                0x020383d0       0x18 ./drivers/zoro/usb/usb_ll/cil.o
                0x020383d0                dwc_usb3_set_address
 .text.dwc_usb3_ena_usb2_phy_suspend
                0x020383e8       0x44 ./drivers/zoro/usb/usb_ll/cil.o
                0x020383e8                dwc_usb3_ena_usb2_phy_suspend
 .text.dwc_usb3_dis_usb2_phy_suspend
                0x0203842c       0x18 ./drivers/zoro/usb/usb_ll/cil.o
                0x0203842c                dwc_usb3_dis_usb2_phy_suspend
 .text.dwc_usb3_ena_usb3_phy_suspend
                0x02038444       0x18 ./drivers/zoro/usb/usb_ll/cil.o
                0x02038444                dwc_usb3_ena_usb3_phy_suspend
 .text.dwc_usb3_dis_usb3_phy_suspend
                0x0203845c       0x18 ./drivers/zoro/usb/usb_ll/cil.o
                0x0203845c                dwc_usb3_dis_usb3_phy_suspend
 .text.dwc_usb3_accept_u1
                0x02038474       0x14 ./drivers/zoro/usb/usb_ll/cil.o
                0x02038474                dwc_usb3_accept_u1
 .text.dwc_usb3_accept_u2
                0x02038488       0x14 ./drivers/zoro/usb/usb_ll/cil.o
                0x02038488                dwc_usb3_accept_u2
 .text.dwc_usb3_enable_u1
                0x0203849c       0x14 ./drivers/zoro/usb/usb_ll/cil.o
                0x0203849c                dwc_usb3_enable_u1
 .text.dwc_usb3_enable_u2
                0x020384b0       0x14 ./drivers/zoro/usb/usb_ll/cil.o
                0x020384b0                dwc_usb3_enable_u2
 .text.dwc_usb3_disable_u1
                0x020384c4       0x14 ./drivers/zoro/usb/usb_ll/cil.o
                0x020384c4                dwc_usb3_disable_u1
 .text.dwc_usb3_disable_u2
                0x020384d8       0x14 ./drivers/zoro/usb/usb_ll/cil.o
                0x020384d8                dwc_usb3_disable_u2
 .text.dwc_usb3_u1_enabled
                0x020384ec       0x10 ./drivers/zoro/usb/usb_ll/cil.o
                0x020384ec                dwc_usb3_u1_enabled
 .text.dwc_usb3_u2_enabled
                0x020384fc       0x10 ./drivers/zoro/usb/usb_ll/cil.o
                0x020384fc                dwc_usb3_u2_enabled
 .text.dwc_usb3_clr_eps_enabled
                0x0203850c       0x80 ./drivers/zoro/usb/usb_ll/cil.o
                0x0203850c                dwc_usb3_clr_eps_enabled
 .text.dwc_usb3_pcd_common_init
                0x0203858c       0x94 ./drivers/zoro/usb/usb_ll/cil.o
                0x0203858c                dwc_usb3_pcd_common_init
 .text.dwc_usb3_pcd_common_remove
                0x02038620        0x4 ./drivers/zoro/usb/usb_ll/cil.o
                0x02038620                dwc_usb3_pcd_common_remove
 .text.dwc_usb3_pcd_check_snpsid
                0x02038624       0x30 ./drivers/zoro/usb/usb_ll/cil.o
                0x02038624                dwc_usb3_pcd_check_snpsid
 .text.dwc_usb3_set_tx_fifo_size
                0x02038654       0xf8 ./drivers/zoro/usb/usb_ll/cil.o
                0x02038654                dwc_usb3_set_tx_fifo_size
 .text.dwc_usb3_set_rx_fifo_size
                0x0203874c       0x64 ./drivers/zoro/usb/usb_ll/cil.o
                0x0203874c                dwc_usb3_set_rx_fifo_size
 .text.dwc_usb3_pcd_device_init
                0x020387b0      0x41c ./drivers/zoro/usb/usb_ll/cil.o
                0x020387b0                dwc_usb3_pcd_device_init
 .text.dwc_usb3_pcd_device_remove
                0x02038bcc       0x8c ./drivers/zoro/usb/usb_ll/cil.o
                0x02038bcc                dwc_usb3_pcd_device_remove
 .text.dwc_reenable_xfer_and_restart
                0x02038c58      0x164 ./drivers/zoro/usb/usb_ll/pcd_hiber.o
 .text.dwc_exit_hibernation_after_connect
                0x02038dbc      0x1fc ./drivers/zoro/usb/usb_ll/pcd_hiber.o
                0x02038dbc                dwc_exit_hibernation_after_connect
 .text.dwc_exit_hibernation
                0x02038fb8      0x1a0 ./drivers/zoro/usb/usb_ll/pcd_hiber.o
                0x02038fb8                dwc_exit_hibernation
 .text.dis_eventbuf_intr
                0x02039158       0x18 ./drivers/zoro/usb/usb_ll/cil_intr.o
 .text.update_eventbuf_count
                0x02039170       0x10 ./drivers/zoro/usb/usb_ll/cil_intr.o
 .text.dwc_usb3_dis_flush_eventbuf_intr
                0x02039180       0x34 ./drivers/zoro/usb/usb_ll/cil_intr.o
                0x02039180                dwc_usb3_dis_flush_eventbuf_intr
 .text.dwc_usb3_init_eventbuf
                0x020391b4       0x4c ./drivers/zoro/usb/usb_ll/cil_intr.o
                0x020391b4                dwc_usb3_init_eventbuf
 .text.dwc_usb3_enable_common_interrupts
                0x02039200       0x24 ./drivers/zoro/usb/usb_ll/cil_intr.o
                0x02039200                dwc_usb3_enable_common_interrupts
 .text.dwc_usb3_enable_device_interrupts
                0x02039224       0x30 ./drivers/zoro/usb/usb_ll/cil_intr.o
                0x02039224                dwc_usb3_enable_device_interrupts
 .text.dwc_usb3_handle_event
                0x02039254      0x130 ./drivers/zoro/usb/usb_ll/cil_intr.o
                0x02039254                dwc_usb3_handle_event
 .text.dwc_usb3_irq
                0x02039384       0xf0 ./drivers/zoro/usb/usb_ll/cil_intr.o
                0x02039384                dwc_usb3_irq
 .text.dwc_usb3_stop_xfer
                0x02039474       0x9c ./drivers/zoro/usb/usb_ll/pcd.o
 .text.dwc_usb3_pcd_trb_alloc
                0x02039510      0x110 ./drivers/zoro/usb/usb_ll/pcd.o
                0x02039510                dwc_usb3_pcd_trb_alloc
 .text.dwc_usb3_pcd_trb_free
                0x02039620       0x2c ./drivers/zoro/usb/usb_ll/pcd.o
                0x02039620                dwc_usb3_pcd_trb_free
 .text.dwc_usb3_pcd_fill_trbs
                0x0203964c      0x1ec ./drivers/zoro/usb/usb_ll/pcd.o
                0x0203964c                dwc_usb3_pcd_fill_trbs
 .text.dwc_usb3_ep0_activate
                0x02039838       0xe4 ./drivers/zoro/usb/usb_ll/pcd.o
                0x02039838                dwc_usb3_ep0_activate
 .text.dwc_usb3_ep_activate
                0x0203991c      0x268 ./drivers/zoro/usb/usb_ll/pcd.o
                0x0203991c                dwc_usb3_ep_activate
 .text.dwc_usb3_pcd_ep0_out_start
                0x02039b84       0x74 ./drivers/zoro/usb/usb_ll/pcd.o
                0x02039b84                dwc_usb3_pcd_ep0_out_start
 .text.dwc_usb3_pcd_ep0_start_transfer
                0x02039bf8      0x150 ./drivers/zoro/usb/usb_ll/pcd.o
                0x02039bf8                dwc_usb3_pcd_ep0_start_transfer
 .text.dwc_usb3_pcd_ep_start_transfer
                0x02039d48      0x1e4 ./drivers/zoro/usb/usb_ll/pcd.o
                0x02039d48                dwc_usb3_pcd_ep_start_transfer
 .text.dwc_usb3_pcd_isoc_ep_hiber_restart
                0x02039f2c       0x6c ./drivers/zoro/usb/usb_ll/pcd.o
                0x02039f2c                dwc_usb3_pcd_isoc_ep_hiber_restart
 .text.dwc_usb3_stop_all_xfers
                0x02039f98       0xa0 ./drivers/zoro/usb/usb_ll/pcd.o
                0x02039f98                dwc_usb3_stop_all_xfers
 .text.dwc_usb3_pcd_ep_set_stall
                0x0203a038       0x34 ./drivers/zoro/usb/usb_ll/pcd.o
                0x0203a038                dwc_usb3_pcd_ep_set_stall
 .text.dwc_usb3_pcd_ep_clear_stall
                0x0203a06c       0x34 ./drivers/zoro/usb/usb_ll/pcd.o
                0x0203a06c                dwc_usb3_pcd_ep_clear_stall
 .text.dwc_usb3_get_out_ep
                0x0203a0a0       0x14 ./drivers/zoro/usb/usb_ll/pcd.o
                0x0203a0a0                dwc_usb3_get_out_ep
 .text.dwc_usb3_get_in_ep
                0x0203a0b4       0x14 ./drivers/zoro/usb/usb_ll/pcd.o
                0x0203a0b4                dwc_usb3_get_in_ep
 .text.dwc_usb3_pcd_get_ep_by_addr
                0x0203a0c8       0x28 ./drivers/zoro/usb/usb_ll/pcd.o
                0x0203a0c8                dwc_usb3_pcd_get_ep_by_addr
 .text.dwc_usb3_pcd_ep_enable
                0x0203a0f0      0x158 ./drivers/zoro/usb/usb_ll/pcd.o
                0x0203a0f0                dwc_usb3_pcd_ep_enable
 .text.dwc_usb3_pcd_ep_disable
                0x0203a248       0xd4 ./drivers/zoro/usb/usb_ll/pcd.o
                0x0203a248                dwc_usb3_pcd_ep_disable
 .text.dwc_usb3_pcd_ep_submit_req
                0x0203a31c      0x100 ./drivers/zoro/usb/usb_ll/pcd.o
                0x0203a31c                dwc_usb3_pcd_ep_submit_req
 .text.dwc_usb3_pcd_request_done
                0x0203a41c       0x70 ./drivers/zoro/usb/usb_ll/pcd.o
                0x0203a41c                dwc_usb3_pcd_request_done
 .text.dwc_usb3_ep_complete_request
                0x0203a48c      0x264 ./drivers/zoro/usb/usb_ll/pcd.o
                0x0203a48c                dwc_usb3_ep_complete_request
 .text.dwc_usb3_complete_request
                0x0203a6f0       0x88 ./drivers/zoro/usb/usb_ll/pcd.o
                0x0203a6f0                dwc_usb3_complete_request
 .text.dwc_usb3_pcd_stop
                0x0203a778       0xcc ./drivers/zoro/usb/usb_ll/pcd.o
                0x0203a778                dwc_usb3_pcd_stop
 .text.dwc_usb3_pcd_init
                0x0203a844      0x1e0 ./drivers/zoro/usb/usb_ll/pcd.o
                0x0203a844                dwc_usb3_pcd_init
 .text.dwc_usb3_pcd_remove
                0x0203aa24        0xc ./drivers/zoro/usb/usb_ll/pcd.o
                0x0203aa24                dwc_usb3_pcd_remove
 .text.ep0_do_stall
                0x0203aa30       0x40 ./drivers/zoro/usb/usb_ll/ep0.o
 .text.ep0_continue_transfer
                0x0203aa70       0x80 ./drivers/zoro/usb/usb_ll/ep0.o
 .text.ep0_complete_request
                0x0203aaf0      0x114 ./drivers/zoro/usb/usb_ll/ep0.o
 .text.dwc_usb3_pcd_ep0_data_stage
                0x0203ac04       0x58 ./drivers/zoro/usb/usb_ll/ep0.o
                0x0203ac04                dwc_usb3_pcd_ep0_data_stage
 .text.dwc_usb3_do_setup
                0x0203ac5c      0xb18 ./drivers/zoro/usb/usb_ll/ep0.o
                0x0203ac5c                dwc_usb3_do_setup
 .text.dwc_usb3_handle_ep0
                0x0203b774      0x2d8 ./drivers/zoro/usb/usb_ll/ep0.o
                0x0203b774                dwc_usb3_handle_ep0
 .text.dwc_usb3_handle_ep0_xfer
                0x0203ba4c       0x4c ./drivers/zoro/usb/usb_ll/ep0.o
                0x0203ba4c                dwc_usb3_handle_ep0_xfer
 .text.uart_init_device
                0x0203ba98       0xc4 ./drivers/synopsis/uart/DW_apb_uart/DW_apb_uart_drv.o
 .text.uart_boot_init
                0x0203bb5c       0xd0 ./drivers/synopsis/uart/DW_apb_uart/DW_apb_uart_drv.o
                0x0203bb5c                uart_boot_init
 .text.uart_debug_init
                0x0203bc2c       0xd4 ./drivers/synopsis/uart/DW_apb_uart/DW_apb_uart_drv.o
                0x0203bc2c                uart_debug_init
 .text.uart_write
                0x0203bd00       0x1c ./drivers/synopsis/uart/DW_apb_uart/DW_apb_uart_drv.o
                0x0203bd00                uart_write
 .text.uart_read
                0x0203bd1c       0x44 ./drivers/synopsis/uart/DW_apb_uart/DW_apb_uart_drv.o
                0x0203bd1c                uart_read
 .text.uart_is_ready
                0x0203bd60       0x10 ./drivers/synopsis/uart/DW_apb_uart/DW_apb_uart_drv.o
                0x0203bd60                uart_is_ready
 .text.dw_uart_isBusy
                0x0203bd70       0x24 ./drivers/synopsis/uart/DW_apb_uart/DW_apb_uart.o
                0x0203bd70                dw_uart_isBusy
 .text.dw_uart_resetTxFifo
                0x0203bd94       0x30 ./drivers/synopsis/uart/DW_apb_uart/DW_apb_uart.o
                0x0203bd94                dw_uart_resetTxFifo
 .text.dw_uart_resetRxFifo
                0x0203bdc4       0x30 ./drivers/synopsis/uart/DW_apb_uart/DW_apb_uart.o
                0x0203bdc4                dw_uart_resetRxFifo
 .text.dw_uart_setClockDivisor
                0x0203bdf4       0x50 ./drivers/synopsis/uart/DW_apb_uart/DW_apb_uart.o
                0x0203bdf4                dw_uart_setClockDivisor
 .text.dw_uart_setLineControl
                0x0203be44       0x44 ./drivers/synopsis/uart/DW_apb_uart/DW_apb_uart.o
                0x0203be44                dw_uart_setLineControl
 .text.dw_uart_enableFifos
                0x0203be88       0x50 ./drivers/synopsis/uart/DW_apb_uart/DW_apb_uart.o
                0x0203be88                dw_uart_enableFifos
 .text.dw_uart_areFifosEnabled
                0x0203bed8       0x38 ./drivers/synopsis/uart/DW_apb_uart/DW_apb_uart.o
                0x0203bed8                dw_uart_areFifosEnabled
 .text.dw_uart_disablePtime
                0x0203bf10       0x40 ./drivers/synopsis/uart/DW_apb_uart/DW_apb_uart.o
                0x0203bf10                dw_uart_disablePtime
 .text.dw_uart_enableLoopback
                0x0203bf50       0x18 ./drivers/synopsis/uart/DW_apb_uart/DW_apb_uart.o
                0x0203bf50                dw_uart_enableLoopback
 .text.dw_uart_disableLoopback
                0x0203bf68       0x18 ./drivers/synopsis/uart/DW_apb_uart/DW_apb_uart.o
                0x0203bf68                dw_uart_disableLoopback
 .text.dw_uart_disableIrq
                0x0203bf80       0x20 ./drivers/synopsis/uart/DW_apb_uart/DW_apb_uart.o
                0x0203bf80                dw_uart_disableIrq
 .text.dw_uart_getTxTrigger
                0x0203bfa0       0x28 ./drivers/synopsis/uart/DW_apb_uart/DW_apb_uart.o
                0x0203bfa0                dw_uart_getTxTrigger
 .text.dw_uart_resetInstance
                0x0203bfc8       0x84 ./drivers/synopsis/uart/DW_apb_uart/DW_apb_uart.o
                0x0203bfc8                dw_uart_resetInstance
 .text.dw_uart_autoCompParams
                0x0203c04c       0x98 ./drivers/synopsis/uart/DW_apb_uart/DW_apb_uart.o
                0x0203c04c                dw_uart_autoCompParams
 .text.dw_uart_init
                0x0203c0e4       0x34 ./drivers/synopsis/uart/DW_apb_uart/DW_apb_uart.o
                0x0203c0e4                dw_uart_init
 .text.run_test_mode
                0x0203c118       0x54 ./dft/dft.o
                0x0203c118                run_test_mode
 .text.xmodem_boot_init
                0x0203c16c       0x64 ./protocol/xmodem/xmodem_boot.o
                0x0203c16c                xmodem_boot_init
 .text.xmodem_wait_rx_char
                0x0203c1d0       0x70 ./protocol/xmodem/xmodem.o
 .text.uart_boot_is_ready
                0x0203c240       0x18 ./protocol/xmodem/xmodem.o
 .text.xmodem_init
                0x0203c258       0x40 ./protocol/xmodem/xmodem.o
                0x0203c258                xmodem_init
 .text.xmodem_calculate_crc16
                0x0203c298       0x48 ./protocol/xmodem/xmodem.o
                0x0203c298                xmodem_calculate_crc16
 .text.xmodem_rx_file
                0x0203c2e0      0x270 ./protocol/xmodem/xmodem.o
                0x0203c2e0                xmodem_rx_file
 .text.SBIF_Attribute_Check
                0x0203c550      0x104 drivers/secureBoot/SBCommon/SBIF/src/sbif_attributes.o
                0x0203c550                SBIF_Attribute_Check
 .text.SBHYBRID_Do_Asym_RunFsm
                0x0203c654       0xc8 drivers/secureBoot/SBLib/SB_SW/src/sbsw_api_decrypt.o
 .text.SB_ECDSA_Image_DecryptWithKeyAndVerify
                0x0203c71c      0x9f4 drivers/secureBoot/SBLib/SB_SW/src/sbsw_api_decrypt.o
                0x0203c71c                SB_ECDSA_Image_DecryptWithKeyAndVerify
 .text.SBIFTOOLS_Image_ConvertHeader
                0x0203d110      0x2f8 drivers/secureBoot/SBLib/SB_SW/src/sbsw_sbif_tools_convert.o
                0x0203d110                SBIFTOOLS_Image_ConvertHeader
 .text.SBIFTOOLS_Image_Convert_InitWorkspace
                0x0203d408       0x58 drivers/secureBoot/SBLib/SB_SW/src/sbsw_sbif_tools_convert.o
                0x0203d408                SBIFTOOLS_Image_Convert_InitWorkspace
 .text.SBIFTOOLS_Image_Convert_UninitWorkspace
                0x0203d460       0x24 drivers/secureBoot/SBLib/SB_SW/src/sbsw_sbif_tools_convert.o
                0x0203d460                SBIFTOOLS_Image_Convert_UninitWorkspace
 .text.SBHYBRID_Initialize_HW
                0x0203d484       0x10 drivers/secureBoot/SBLib/SB_SW/src/sbsw_hw_init.o
                0x0203d484                SBHYBRID_Initialize_HW
 .text.SBHYBRID_Uninitialize_HW
                0x0203d494        0x4 drivers/secureBoot/SBLib/SB_SW/src/sbsw_hw_init.o
                0x0203d494                SBHYBRID_Uninitialize_HW
 .text.unwrap_key
                0x0203d498      0x138 drivers/secureBoot/SBLib/SB_SW/src/sbsw_sw_aes_if.o
 .text.AES_IF_Ctx_GetSize
                0x0203d5d0        0x8 drivers/secureBoot/SBLib/SB_SW/src/sbsw_sw_aes_if.o
                0x0203d5d0                AES_IF_Ctx_GetSize
 .text.AES_IF_Ctx_Init
                0x0203d5d8       0x18 drivers/secureBoot/SBLib/SB_SW/src/sbsw_sw_aes_if.o
                0x0203d5d8                AES_IF_Ctx_Init
 .text.AES_IF_Ctx_Uninit
                0x0203d5f0        0x4 drivers/secureBoot/SBLib/SB_SW/src/sbsw_sw_aes_if.o
                0x0203d5f0                AES_IF_Ctx_Uninit
 .text.AES_IF_Ctx_GetError
                0x0203d5f4        0x8 drivers/secureBoot/SBLib/SB_SW/src/sbsw_sw_aes_if.o
                0x0203d5f4                AES_IF_Ctx_GetError
 .text.AES_IF_Ctx_LoadKey
                0x0203d5fc       0x20 drivers/secureBoot/SBLib/SB_SW/src/sbsw_sw_aes_if.o
                0x0203d5fc                AES_IF_Ctx_LoadKey
 .text.AES_IF_Ctx_LoadIV
                0x0203d61c       0x14 drivers/secureBoot/SBLib/SB_SW/src/sbsw_sw_aes_if.o
                0x0203d61c                AES_IF_Ctx_LoadIV
 .text.AES_IF_Ctx_SetKEK
                0x0203d630       0x3c drivers/secureBoot/SBLib/SB_SW/src/sbsw_sw_aes_if.o
                0x0203d630                AES_IF_Ctx_SetKEK
 .text.AES_IF_Ctx_LoadWrappedKey
                0x0203d66c       0x44 drivers/secureBoot/SBLib/SB_SW/src/sbsw_sw_aes_if.o
                0x0203d66c                AES_IF_Ctx_LoadWrappedKey
 .text.AES_IF_CBC_Decrypt
                0x0203d6b0       0xc8 drivers/secureBoot/SBLib/SB_SW/src/sbsw_sw_aes_if.o
                0x0203d6b0                AES_IF_CBC_Decrypt
 .text.uint8_to_sb_sw_number
                0x0203d778       0x20 drivers/secureBoot/SBLib/SB_SW/src/sbsw_sw_ecdsa_verify.o
 .text.SBHYBRID_SW_Ecdsa_Verify_SetPublicKey
                0x0203d798       0x4c drivers/secureBoot/SBLib/SB_SW/src/sbsw_sw_ecdsa_verify.o
                0x0203d798                SBHYBRID_SW_Ecdsa_Verify_SetPublicKey
 .text.SBHYBRID_SW_Ecdsa_Verify_SetSignature
                0x0203d7e4       0x4c drivers/secureBoot/SBLib/SB_SW/src/sbsw_sw_ecdsa_verify.o
                0x0203d7e4                SBHYBRID_SW_Ecdsa_Verify_SetSignature
 .text.SBHYBRID_SW_Ecdsa_Verify_SetDigest
                0x0203d830       0x44 drivers/secureBoot/SBLib/SB_SW/src/sbsw_sw_ecdsa_verify.o
                0x0203d830                SBHYBRID_SW_Ecdsa_Verify_SetDigest
 .text.SBHYBRID_SW_Ecdsa_Verify
                0x0203d874       0x24 drivers/secureBoot/SBLib/SB_SW/src/sbsw_sw_ecdsa_verify.o
                0x0203d874                SBHYBRID_SW_Ecdsa_Verify
 .text.c_memcpy
                0x0203d898        0xc drivers/secureBoot/Framework/CLIB/src/c_lib.o
                0x0203d898                c_memcpy
 .text.c_memset
                0x0203d8a4        0xc drivers/secureBoot/Framework/CLIB/src/c_lib.o
                0x0203d8a4                c_memset
 .text.c_memcmp
                0x0203d8b0        0xc drivers/secureBoot/Framework/CLIB/src/c_lib.o
                0x0203d8b0                c_memcmp
 .text.rijndaelSetupEncrypt
                0x0203d8bc      0x3a4 drivers/secureBoot/SBCommon/SB_SW_CRYPTO/src/rijndael.o
                0x0203d8bc                rijndaelSetupEncrypt
 .text.rijndaelSetupDecrypt
                0x0203dc60      0x1d8 drivers/secureBoot/SBCommon/SB_SW_CRYPTO/src/rijndael.o
                0x0203dc60                rijndaelSetupDecrypt
 .text.rijndaelDecrypt
                0x0203de38      0x428 drivers/secureBoot/SBCommon/SB_SW_CRYPTO/src/rijndael.o
                0x0203de38                rijndaelDecrypt
 .text.SB_SW_HASH_Init
                0x0203e260       0x50 drivers/secureBoot/SBCommon/SB_SW_CRYPTO/src/minsha_init.o
                0x0203e260                SB_SW_HASH_Init
 .text.SB_SW_HASH_Update
                0x0203e2b0       0x44 drivers/secureBoot/SBCommon/SB_SW_CRYPTO/src/minsha_update.o
                0x0203e2b0                SB_SW_HASH_Update
 .text.SB_SW_HASH_FinalUpdate
                0x0203e2f4      0x180 drivers/secureBoot/SBCommon/SB_SW_CRYPTO/src/minsha_update.o
                0x0203e2f4                SB_SW_HASH_FinalUpdate
 .text.rotr2shr
                0x0203e474       0x28 drivers/secureBoot/SBCommon/SB_SW_CRYPTO/src/minsha_core.o
 .text.SB_SW_HASH_Transform
                0x0203e49c      0x218 drivers/secureBoot/SBCommon/SB_SW_CRYPTO/src/minsha_core.o
                0x0203e49c                SB_SW_HASH_Transform
 .text.uECC_vli_add
                0x0203e6b4       0x98 drivers/secureBoot/micro-ecc/uECC.o
 .text.uECC_vli_sub
                0x0203e74c       0x9c drivers/secureBoot/micro-ecc/uECC.o
 .text.uECC_vli_mult
                0x0203e7e8       0x8c drivers/secureBoot/micro-ecc/uECC.o
 .text.uECC_vli_clear
                0x0203e874       0x34 drivers/secureBoot/micro-ecc/uECC.o
 .text.uECC_vli_isZero
                0x0203e8a8       0x44 drivers/secureBoot/micro-ecc/uECC.o
 .text.uECC_vli_testBit
                0x0203e8ec       0x18 drivers/secureBoot/micro-ecc/uECC.o
 .text.uECC_vli_numBits
                0x0203e904       0x94 drivers/secureBoot/micro-ecc/uECC.o
 .text.uECC_vli_set
                0x0203e998       0x34 drivers/secureBoot/micro-ecc/uECC.o
 .text.uECC_vli_cmp_unsafe
                0x0203e9cc       0x80 drivers/secureBoot/micro-ecc/uECC.o
 .text.uECC_vli_rshift1
                0x0203ea4c       0x40 drivers/secureBoot/micro-ecc/uECC.o
 .text.uECC_vli_modAdd
                0x0203ea8c       0x50 drivers/secureBoot/micro-ecc/uECC.o
 .text.uECC_vli_modMult
                0x0203eadc      0x224 drivers/secureBoot/micro-ecc/uECC.o
 .text.uECC_vli_modMult_fast
                0x0203ed00       0x34 drivers/secureBoot/micro-ecc/uECC.o
 .text.uECC_vli_modSquare_fast
                0x0203ed34       0xbc drivers/secureBoot/micro-ecc/uECC.o
 .text.vli_modInv_update
                0x0203edf0       0x60 drivers/secureBoot/micro-ecc/uECC.o
 .text.uECC_vli_modInv
                0x0203ee50      0x1f4 drivers/secureBoot/micro-ecc/uECC.o
 .text.apply_z  0x0203f044       0x6c drivers/secureBoot/micro-ecc/uECC.o
 .text.uECC_vli_modSub
                0x0203f0b0       0x98 drivers/secureBoot/micro-ecc/uECC.o
 .text.XYcZ_add
                0x0203f148      0x154 drivers/secureBoot/micro-ecc/uECC.o
 .text.double_jacobian_default
                0x0203f29c      0x234 drivers/secureBoot/micro-ecc/uECC.o
 .text.vli_mmod_fast_secp256r1
                0x0203f4d0      0x3fc drivers/secureBoot/micro-ecc/uECC.o
 .text.uECC_secp256r1
                0x0203f8cc        0xc drivers/secureBoot/micro-ecc/uECC.o
                0x0203f8cc                uECC_secp256r1
 .text.uECC_verify
                0x0203f8d8      0x494 drivers/secureBoot/micro-ecc/uECC.o
                0x0203f8d8                uECC_verify
 .text.SB_SW_ECDSA_Verify256
                0x0203fd6c       0x44 drivers/secureBoot/SBCommon/SB_SW_CRYPTO/src/sb_sw_ecdsa256.o
                0x0203fd6c                SB_SW_ECDSA_Verify256
 .text.init_cpu_perf
                0x0203fdb0       0x10 drivers/secureBoot/verification/verify.o
                0x0203fdb0                init_cpu_perf
 .text.decrypt_and_verify_blw_image
                0x0203fdc0       0xd8 drivers/secureBoot/verification/verify.o
                0x0203fdc0                decrypt_and_verify_blw_image
 .text.initSBEfuseDB
                0x0203fe98       0x1c drivers/secureBoot/verification/verify.o
                0x0203fe98                initSBEfuseDB
 .text.getEfuseSecureControlData
                0x0203feb4       0x38 drivers/secureBoot/verification/verify.o
                0x0203feb4                getEfuseSecureControlData
 .text.readEfuseSecureControl
                0x0203feec       0x30 drivers/secureBoot/verification/verify.o
                0x0203feec                readEfuseSecureControl
 .text.readEfuseKeys
                0x0203ff1c       0x68 drivers/secureBoot/verification/verify.o
                0x0203ff1c                readEfuseKeys
 .text.fillSBEfuseDB
                0x0203ff84       0x24 drivers/secureBoot/verification/verify.o
                0x0203ff84                fillSBEfuseDB
 .text.secureBoot
                0x0203ffa8      0x140 drivers/secureBoot/verification/verify.o
                0x0203ffa8                secureBoot
 .text          0x020400e8      0x114 /tools/gcc-arm/gcc-linaro/gcc-arm-none-eabi-4_6-2012q2/lib/gcc/arm-none-eabi/4.6.2/libgcc.a(_udivsi3.o)
                0x020400e8                __udivsi3
                0x020400e8                __aeabi_uidiv
                0x020401dc                __aeabi_uidivmod
 .text          0x020401fc      0x148 /tools/gcc-arm/gcc-linaro/gcc-arm-none-eabi-4_6-2012q2/lib/gcc/arm-none-eabi/4.6.2/libgcc.a(_divsi3.o)
                0x020401fc                __aeabi_idiv
                0x020401fc                __divsi3
                0x02040324                __aeabi_idivmod
 .text          0x02040344        0x4 /tools/gcc-arm/gcc-linaro/gcc-arm-none-eabi-4_6-2012q2/lib/gcc/arm-none-eabi/4.6.2/libgcc.a(_dvmd_tls.o)
                0x02040344                __aeabi_ldiv0
                0x02040344                __aeabi_idiv0

.glue_7         0x02040348        0x0
 .glue_7        0x00000000        0x0 linker stubs

.glue_7t        0x02040348        0x0
 .glue_7t       0x00000000        0x0 linker stubs

.vfp11_veneer   0x02040348        0x0
 .vfp11_veneer  0x00000000        0x0 linker stubs

.v4_bx          0x02040348        0x0
 .v4_bx         0x00000000        0x0 linker stubs
                0x02040348                . = ALIGN (0x4)

.rodata         0x02040348     0x2c34
 *(SORT(.rodata*))
 .rodata        0x02040348       0x80 ./lib/arm/interrupts.o
 .rodata        0x020403c8       0x10 ./drivers/zoro/usb/usb_driver/no_os_ep0.o
 .rodata.K      0x020403d8      0x100 drivers/secureBoot/SBCommon/SB_SW_CRYPTO/src/minsha_core.o
 .rodata.SBCommon_SBCRK
                0x020404d8       0x10 drivers/secureBoot/SBCommon/SB_SW_CRYPTO/src/sbcr_key.o
                0x020404d8                SBCommon_SBCRK
 .rodata.Td0    0x020404e8      0x400 drivers/secureBoot/SBCommon/SB_SW_CRYPTO/src/rijndael.o
 .rodata.Td1    0x020408e8      0x400 drivers/secureBoot/SBCommon/SB_SW_CRYPTO/src/rijndael.o
 .rodata.Td2    0x02040ce8      0x400 drivers/secureBoot/SBCommon/SB_SW_CRYPTO/src/rijndael.o
 .rodata.Td3    0x020410e8      0x400 drivers/secureBoot/SBCommon/SB_SW_CRYPTO/src/rijndael.o
 .rodata.Td4    0x020414e8      0x400 drivers/secureBoot/SBCommon/SB_SW_CRYPTO/src/rijndael.o
 .rodata.Te4    0x020418e8      0x400 drivers/secureBoot/SBCommon/SB_SW_CRYPTO/src/rijndael.o
 .rodata.__func__.4226
                0x02041ce8       0x14 ./main/system.o
 .rodata.__func__.4245
                0x02041cfc       0x20 drivers/secureBoot/SBLib/SB_SW/src/sbsw_sbif_tools_convert.o
 .rodata.__func__.4345
                0x02041d1c       0x14 ./protocol/xmodem/xmodem_boot.o
 .rodata.__func__.4371
                0x02041d30       0x28 drivers/secureBoot/SBLib/SB_SW/src/sbsw_sw_ecdsa_verify.o
 .rodata.__func__.4377
                0x02041d58       0x28 drivers/secureBoot/SBLib/SB_SW/src/sbsw_sw_ecdsa_verify.o
 .rodata.__func__.4383
                0x02041d80       0x24 drivers/secureBoot/SBLib/SB_SW/src/sbsw_sw_ecdsa_verify.o
 .rodata.__func__.4502
                0x02041da4       0x24 drivers/secureBoot/SBLib/SB_SW/src/sbsw_api_decrypt.o
 .rodata.__func__.4565
                0x02041dc8       0x28 drivers/secureBoot/SBLib/SB_SW/src/sbsw_api_decrypt.o
 .rodata.__func__.4608
                0x02041df0        0xc drivers/secureBoot/verification/verify.o
 .rodata.__func__.5995
                0x02041dfc        0xc ./drivers/inuitive/flash/flash_boot.o
 .rodata.__func__.6002
                0x02041e08        0xc ./drivers/inuitive/flash/flash_boot.o
 .rodata.board_modes
                0x02041e14      0x168 ./main/board.o
                0x02041e14                board_modes
 .rodata.bos_desc
                0x02041f7c        0x8 ./drivers/zoro/usb/usb_driver/no_os_ep0.o
 .rodata.cap1_desc
                0x02041f84        0x8 ./drivers/zoro/usb/usb_driver/no_os_ep0.o
 .rodata.cap2_desc
                0x02041f8c        0xc ./drivers/zoro/usb/usb_driver/no_os_ep0.o
 .rodata.cap3_desc
                0x02041f98       0x14 ./drivers/zoro/usb/usb_driver/no_os_ep0.o
 .rodata.crc16_tab
                0x02041fac      0x200 ./protocol/xmodem/xmodem.o
 .rodata.curve_secp256r1
                0x020421ac       0xac drivers/secureBoot/micro-ecc/uECC.o
 .rodata.dev_qualifier
                0x02042258        0xc ./drivers/zoro/usb/usb_driver/no_os_ep0.o
 .rodata.device_desc
                0x02042264       0x14 ./drivers/zoro/usb/usb_driver/no_os_ep0.o
 .rodata.fs_config_desc
                0x02042278       0x20 ./drivers/zoro/usb/usb_driver/no_os_ep0.o
                0x02042278                fs_config_desc
 .rodata.hs_config_desc
                0x02042298       0x20 ./drivers/zoro/usb/usb_driver/no_os_ep0.o
                0x02042298                hs_config_desc
 .rodata.nu3000_strings
                0x020422b8       0xf0 ./drivers/zoro/usb/usb_driver/no_os_ep0.o
                0x020422b8                nu3000_strings
 .rodata.rcon   0x020423a8       0x28 drivers/secureBoot/SBCommon/SB_SW_CRYPTO/src/rijndael.o
 .rodata.sha256_init
                0x020423d0       0x24 drivers/secureBoot/SBCommon/SB_SW_CRYPTO/src/minsha_init.o
 .rodata.ss_config_desc
                0x020423f4       0x2c ./drivers/zoro/usb/usb_driver/no_os_ep0.o
                0x020423f4                ss_config_desc
 .rodata.str1.4
                0x02042420      0x26b ./lib/arm/interrupts.o
                                0x274 (size before relaxing)
 *fill*         0x0204268b        0x1 00
 .rodata.str1.4
                0x0204268c       0x28 ./main/system.o
 .rodata.str1.4
                0x020426b4       0x6e ./main/main.o
                                 0x74 (size before relaxing)
 *fill*         0x02042722        0x2 00
 .rodata.str1.4
                0x02042724       0x9a ./main/board.o
                                 0xa4 (size before relaxing)
 *fill*         0x020427be        0x2 00
 .rodata.str1.4
                0x020427c0       0x15 ./drivers/inuitive/storage/src/storage.o
                                 0x18 (size before relaxing)
 *fill*         0x020427d5        0x3 00
 .rodata.str1.4
                0x020427d8       0x54 ./drivers/inuitive/flash/ispi.o
 .rodata.str1.4
                0x0204282c      0x12a ./drivers/inuitive/flash/flash_boot.o
                                0x134 (size before relaxing)
 *fill*         0x02042956        0x2 00
 .rodata.str1.4
                0x02042958       0x1f ./drivers/synopsis/uart/DW_apb_uart/DW_apb_uart_drv.o
                                 0x20 (size before relaxing)
 *fill*         0x02042977        0x1 00
 .rodata.str1.4
                0x02042978       0x59 ./protocol/xmodem/xmodem_boot.o
                                 0x5c (size before relaxing)
 *fill*         0x020429d1        0x3 00
 .rodata.str1.4
                0x020429d4      0x493 drivers/secureBoot/SBLib/SB_SW/src/sbsw_api_decrypt.o
                                0x498 (size before relaxing)
 .rodata.str1.4
                0x00000000       0x1c drivers/secureBoot/SBLib/SB_SW/src/sbsw_sbif_tools_convert.o
 .rodata.str1.4
                0x00000000       0x1c drivers/secureBoot/SBLib/SB_SW/src/sbsw_sw_ecdsa_verify.o
 *fill*         0x02042e67        0x1 00
 .rodata.str1.4
                0x02042e68       0x80 drivers/secureBoot/verification/verify.o
 .rodata.usb3ss_module_params
                0x02042ee8       0x94 ./drivers/zoro/usb/usb_driver/no_os_init.o
                0x02042ee8                usb3ss_module_params

.data.tlb_addr  0x02042f7c        0x4
 .data.tlb_addr
                0x02042f7c        0x4 ./lib/arm/cache-cp15.o
                0x02042f7c                tlb_addr
                0x02042f80                . = ALIGN (0x4)
                0x02042f80                __bin_end__ = .
                0x02042f84                . = (. + STRAP_SIZE)

.heap           0x02042f80     0xce84
                0x02042f80                . = ALIGN (0x4)
                0x02042f80                __heap_start__ = .
                0x0204fe04                . = (. + ((((((__LRAM_SIZE - SIZEOF (.text)) - SIZEOF (.rodata)) - BSS_MAX_SIZE) - PBSS_MAX_SIZE) - STACK_MAX_SIZE) - TLB_MAX_SIZE))
 *fill*         0x02042f80     0xce84 00
                0x0204fe04                __heap_end__ = .

.tlb            0x0204fe04     0x41fc
                0x02050000                . = ALIGN (0x4000)
 *fill*         0x0204fe04      0x1fc 00
                0x02050000                __tlb_start__ = .
                0x02054000                . = (. + TLB_MAX_SIZE)
 *fill*         0x02050000     0x4000 00
                0x02054000                __tlb_end__ = .

.stack          0x02054000     0x4200
                0x02054000                . = ALIGN (0x8)
                0x02054000                __stack_start__ = .
                0x02056000                . = (. + C_STACK_SIZE)
 *fill*         0x02054000     0x2000 00
                0x02056000                . = ALIGN (0x8)
                0x02056000                __c_stack_top__ = .
                0x02056200                . = (. + ABT_STACK_SIZE)
 *fill*         0x02056000      0x200 00
                0x02056200                . = ALIGN (0x8)
                0x02056200                __abt_stack_top__ = .
                0x02058200                . = (. + IRQ_STACK_SIZE)
 *fill*         0x02056200     0x2000 00
                0x02058200                . = ALIGN (0x8)
                0x02058200                __irq_stack_top__ = .
                0x02058200                __stack_top__ = .
                0x02058200                . = ALIGN (0x8)

.pbss           0x02058200      0x1d0
                0x02058200                . = ALIGN (0x4)
                0x02058200                __pbss_start__ = .
 *(.pbss*)
 .pbss          0x02058200        0x4 ./lib/debug/debug.o
                0x02058200                dbg_uart
 .pbss          0x02058204       0x10 ./main/main.o
                0x02058210                uart_boot_dev
 .pbss          0x02058214        0x4 ./main/board.o
 .pbss          0x02058218       0x10 ./drivers/inuitive/storage/src/storage.o
                0x02058218                storage_boot_header
                0x02058220                storage_header
 .pbss          0x02058228      0x140 ./drivers/synopsis/uart/DW_apb_uart/DW_apb_uart_drv.o
                0x02058228                uart1
                0x02058250                uart1_instance
                0x020582bc                uart1_param
                0x020582c8                uart2
                0x020582f0                uart2_instance
                0x0205835c                uart2_param
 .pbss          0x02058368       0x68 drivers/secureBoot/verification/verify.o
                0x02058368                eFUSEDB
                0x020583d0                . = ALIGN (0x4)
                0x020583d0                __pbss_end__ = .

.bss            0x020583d0     0x4544
                0x020583d0                . = ALIGN (0x4)
                0x020583d0                __bss_start__ = .
                0x020583d0                __bss_patch__ = .
 *(.patch)
 .patch         0x020583d0       0x40 ./drivers/zoro/usb/usb_driver/no_os_src_sink_lpbk.o
                0x020583d0                usb_pp
 *(.bss*)
 .bss.APB_TIMERP_baseP
                0x02058410        0x4 ./drivers/inuitive/timer/apb_timer.o
 .bss.ICTLP_isrTbl
                0x02058414      0x200 ./drivers/inuitive/ictl/ictl.o
 .bss.ICTLP_prioTbl
                0x02058614       0x18 ./drivers/inuitive/ictl/ictl.o
 .bss.SPI_DRVP_dviceDesc
                0x0205862c        0x4 ./drivers/inuitive/flash/ispi.o
 .bss.g_usb_is_loopbk_is_active
                0x02058630        0x4 ./drivers/zoro/usb/usb_driver/no_os_src_sink_lpbk.o
                0x02058630                g_usb_is_loopbk_is_active
 .bss.g_out_buf
                0x02058634     0x1000 ./drivers/zoro/usb/usb_driver/no_os_src_sink_lpbk.o
 .bss.loopbk    0x02059634       0x58 ./drivers/zoro/usb/usb_driver/no_os_src_sink_lpbk.o
 *fill*         0x0205968c        0x4 00
 .bss.g_ep0_out_desc
                0x02059690       0x10 ./drivers/zoro/usb/usb_driver/no_os_init.o
 .bss.g_hiber_scratchpad_array
                0x020596a0        0x8 ./drivers/zoro/usb/usb_driver/no_os_init.o
 .bss.g_ep0_req
                0x020596a8       0x4c ./drivers/zoro/usb/usb_driver/no_os_init.o
 .bss.g_ep0_status_buf
                0x020596f4      0x800 ./drivers/zoro/usb/usb_driver/no_os_init.o
 .bss.g_ep0_setup_pkt
                0x02059ef4        0x8 ./drivers/zoro/usb/usb_driver/no_os_init.o
 .bss.g_ep0     0x02059efc       0x68 ./drivers/zoro/usb/usb_driver/no_os_init.o
 .bss.g_in_ep   0x02059f64      0x270 ./drivers/zoro/usb/usb_driver/no_os_init.o
 *fill*         0x0205a1d4        0xc 00
 .bss.g_ep0_setup_desc
                0x0205a1e0       0x10 ./drivers/zoro/usb/usb_driver/no_os_init.o
 .bss.g_event_buf
                0x0205a1f0       0x80 ./drivers/zoro/usb/usb_driver/no_os_init.o
 .bss.g_out_ep  0x0205a270      0x270 ./drivers/zoro/usb/usb_driver/no_os_init.o
 .bss.g_hiber_scratchpad
                0x0205a4e0       0x40 ./drivers/zoro/usb/usb_driver/no_os_init.o
 .bss.g_ep0_in_desc
                0x0205a520       0x10 ./drivers/zoro/usb/usb_driver/no_os_init.o
 .bss.msg_cnt.7060
                0x0205a530        0x4 ./drivers/zoro/usb/usb_ll/cil_intr.o
 .bss.xmodem_packet_number
                0x0205a534        0x1 ./protocol/xmodem/xmodem.o
 *fill*         0x0205a535        0x3 00
 .bss.target_buffer
                0x0205a538        0x4 ./protocol/xmodem/xmodem.o
 .bss.xmodem_read_timeout_in_ticks
                0x0205a53c        0x4 ./protocol/xmodem/xmodem.o
 .bss.xmodem_start_timeout_in_ticks
                0x0205a540        0x4 ./protocol/xmodem/xmodem.o
 *(COMMON)
 COMMON         0x0205a544        0x4 ./drivers/inuitive/ictl/ictl.o
                0x0205a544                ICTLP_spIsrCnt
 COMMON         0x0205a548     0x1fb4 ./drivers/zoro/usb/usb_driver/no_os_ep0.o
                0x0205a548                bos_desc_buf
                0x0205a748                hs_config_desc_buf
                0x0205af48                ss_config_desc_buf
                0x0205b748                nu3000_usb_descriptors_export
                0x0205b77c                dev_qualifier_buf
                0x0205b788                bos_desc_buf_size
                0x0205b78c                fs_config_desc_buf_size
                0x0205b790                device_desc_buf
                0x0205b7a4                nu3000_descriptor_override
                0x0205b7b4                fs_config_desc_buf
                0x0205bfb4                ss_config_desc_buf_size
                0x0205bfb8                nu3000_string_descriptors
                0x0205c4b8                nu3000_iso_rate
                0x0205c4f8                hs_config_desc_buf_size
 COMMON         0x0205c4fc        0x4 ./drivers/zoro/usb/usb_driver/no_os_src_sink_lpbk.o
                0x0205c4fc                fw_entry
 COMMON         0x0205c500        0x8 ./drivers/zoro/usb/usb_driver/no_os_gadget.o
                0x0205c500                nu3000_num_trbs
                0x0205c504                nu3000_alloc_trb_cb
 *fill*         0x0205c508        0x8 00
 COMMON         0x0205c510      0x400 ./drivers/zoro/usb/usb_driver/no_os_init.o
                0x0205c510                g_pcd_req
                0x0205c640                g_pcd_req_bm
                0x0205c650                g_out_trb_pool
                0x0205c710                g_usb3_dev
                0x0205c850                g_in_trb_pool
 COMMON         0x0205c910        0x4 ./drivers/zoro/usb/usb_ll/pcd.o
                0x0205c910                nu3000_dep_cfg_cb
                0x0205c914                . = ALIGN (0x4)
                0x0205c914                __bss_end__ = .
START GROUP
LOAD boot/start.o
LOAD ./lib/sys/memset.o
LOAD ./lib/sys/memcpy.o
LOAD ./lib/sys/memcmp.o
LOAD ./lib/debug/debug.o
LOAD ./lib/debug/mail_box.o
LOAD ./lib/debug/string_to_gpio.o
LOAD ./lib/debug/sim.o
LOAD ./lib/arm/cache_v7.o
LOAD ./lib/arm/interrupts.o
LOAD ./lib/arm/cache-cp15.o
LOAD ./main/system.o
LOAD ./main/main.o
LOAD ./main/board.o
LOAD ./drivers/inuitive/timer/apb_timer.o
LOAD ./drivers/inuitive/storage/src/storage.o
LOAD ./drivers/inuitive/gme/gme.o
LOAD ./drivers/inuitive/ictl/ictl.o
LOAD ./drivers/inuitive/flash/ispi.o
LOAD ./drivers/inuitive/flash/spi_flash.o
LOAD ./drivers/inuitive/flash/flash_boot.o
LOAD ./drivers/zoro/usb/usb_driver/no_os_ep0.o
LOAD ./drivers/zoro/usb/usb_driver/no_os_hiber.o
LOAD ./drivers/zoro/usb/usb_driver/no_os_src_sink_lpbk.o
LOAD ./drivers/zoro/usb/usb_driver/no_os_gadget.o
LOAD ./drivers/zoro/usb/usb_driver/no_os_init.o
LOAD ./drivers/zoro/usb/usb_driver/conf.o
LOAD ./drivers/zoro/usb/usb_ll/pcd_intr.o
LOAD ./drivers/zoro/usb/usb_ll/cil.o
LOAD ./drivers/zoro/usb/usb_ll/pcd_hiber.o
LOAD ./drivers/zoro/usb/usb_ll/cil_intr.o
LOAD ./drivers/zoro/usb/usb_ll/pcd.o
LOAD ./drivers/zoro/usb/usb_ll/ep0.o
LOAD ./drivers/synopsis/uart/DW_apb_uart/DW_apb_uart_drv.o
LOAD ./drivers/synopsis/uart/DW_apb_uart/DW_apb_uart.o
LOAD ./dft/dft.o
LOAD ./protocol/xmodem/xmodem_boot.o
LOAD ./protocol/xmodem/xmodem.o
LOAD drivers/secureBoot/SBCommon/SBIF/src/sbif_attributes.o
LOAD drivers/secureBoot/SBLib/SB_SW/src/sbsw_api_decrypt.o
LOAD drivers/secureBoot/SBLib/SB_SW/src/sbsw_sbif_tools_convert.o
LOAD drivers/secureBoot/SBLib/SB_SW/src/sbsw_hw_init.o
LOAD drivers/secureBoot/SBLib/SB_SW/src/sbsw_sw_aes_if.o
LOAD drivers/secureBoot/SBLib/SB_SW/src/sbsw_sw_ecdsa_verify.o
LOAD drivers/secureBoot/SBLib/SB_SW/src/sbsw_sw_publicdata.o
LOAD drivers/secureBoot/Framework/CLIB/src/c_lib.o
LOAD drivers/secureBoot/SBCommon/SB_SW_CRYPTO/src/sbcr_key.o
LOAD drivers/secureBoot/SBCommon/SB_SW_CRYPTO/src/rijndael.o
LOAD drivers/secureBoot/SBCommon/SB_SW_CRYPTO/src/minsha_init.o
LOAD drivers/secureBoot/SBCommon/SB_SW_CRYPTO/src/minsha_update.o
LOAD drivers/secureBoot/SBCommon/SB_SW_CRYPTO/src/minsha_core.o
LOAD drivers/secureBoot/micro-ecc/uECC.o
LOAD drivers/secureBoot/SBCommon/SB_SW_CRYPTO/src/sb_sw_ecdsa256.o
LOAD drivers/secureBoot/verification/verify.o
LOAD /tools/gcc-arm/gcc-linaro/gcc-arm-none-eabi-4_6-2012q2/lib/gcc/arm-none-eabi/4.6.2/libgcc.a
END GROUP
OUTPUT(nu4000-rom.elf elf32-littlearm)

.ARM.attributes
                0x00000000       0x2f
 .ARM.attributes
                0x00000000       0x21 boot/start.o
 .ARM.attributes
                0x00000021       0x39 ./lib/sys/memset.o
 .ARM.attributes
                0x0000005a       0x39 ./lib/sys/memcpy.o
 .ARM.attributes
                0x00000093       0x39 ./lib/sys/memcmp.o
 .ARM.attributes
                0x000000cc       0x39 ./lib/debug/debug.o
 .ARM.attributes
                0x00000105       0x39 ./lib/debug/mail_box.o
 .ARM.attributes
                0x0000013e       0x39 ./lib/debug/string_to_gpio.o
 .ARM.attributes
                0x00000177       0x39 ./lib/debug/sim.o
 .ARM.attributes
                0x000001b0       0x39 ./lib/arm/cache_v7.o
 .ARM.attributes
                0x000001e9       0x39 ./lib/arm/interrupts.o
 .ARM.attributes
                0x00000222       0x39 ./lib/arm/cache-cp15.o
 .ARM.attributes
                0x0000025b       0x39 ./main/system.o
 .ARM.attributes
                0x00000294       0x39 ./main/main.o
 .ARM.attributes
                0x000002cd       0x39 ./main/board.o
 .ARM.attributes
                0x00000306       0x39 ./drivers/inuitive/timer/apb_timer.o
 .ARM.attributes
                0x0000033f       0x39 ./drivers/inuitive/storage/src/storage.o
 .ARM.attributes
                0x00000378       0x39 ./drivers/inuitive/gme/gme.o
 .ARM.attributes
                0x000003b1       0x39 ./drivers/inuitive/ictl/ictl.o
 .ARM.attributes
                0x000003ea       0x39 ./drivers/inuitive/flash/ispi.o
 .ARM.attributes
                0x00000423       0x39 ./drivers/inuitive/flash/spi_flash.o
 .ARM.attributes
                0x0000045c       0x39 ./drivers/inuitive/flash/flash_boot.o
 .ARM.attributes
                0x00000495       0x39 ./drivers/zoro/usb/usb_driver/no_os_ep0.o
 .ARM.attributes
                0x000004ce       0x39 ./drivers/zoro/usb/usb_driver/no_os_hiber.o
 .ARM.attributes
                0x00000507       0x39 ./drivers/zoro/usb/usb_driver/no_os_src_sink_lpbk.o
 .ARM.attributes
                0x00000540       0x39 ./drivers/zoro/usb/usb_driver/no_os_gadget.o
 .ARM.attributes
                0x00000579       0x39 ./drivers/zoro/usb/usb_driver/no_os_init.o
 .ARM.attributes
                0x000005b2       0x39 ./drivers/zoro/usb/usb_driver/conf.o
 .ARM.attributes
                0x000005eb       0x39 ./drivers/zoro/usb/usb_ll/pcd_intr.o
 .ARM.attributes
                0x00000624       0x39 ./drivers/zoro/usb/usb_ll/cil.o
 .ARM.attributes
                0x0000065d       0x39 ./drivers/zoro/usb/usb_ll/pcd_hiber.o
 .ARM.attributes
                0x00000696       0x39 ./drivers/zoro/usb/usb_ll/cil_intr.o
 .ARM.attributes
                0x000006cf       0x39 ./drivers/zoro/usb/usb_ll/pcd.o
 .ARM.attributes
                0x00000708       0x39 ./drivers/zoro/usb/usb_ll/ep0.o
 .ARM.attributes
                0x00000741       0x39 ./drivers/synopsis/uart/DW_apb_uart/DW_apb_uart_drv.o
 .ARM.attributes
                0x0000077a       0x39 ./drivers/synopsis/uart/DW_apb_uart/DW_apb_uart.o
 .ARM.attributes
                0x000007b3       0x39 ./dft/dft.o
 .ARM.attributes
                0x000007ec       0x39 ./protocol/xmodem/xmodem_boot.o
 .ARM.attributes
                0x00000825       0x39 ./protocol/xmodem/xmodem.o
 .ARM.attributes
                0x0000085e       0x39 drivers/secureBoot/SBCommon/SBIF/src/sbif_attributes.o
 .ARM.attributes
                0x00000897       0x39 drivers/secureBoot/SBLib/SB_SW/src/sbsw_api_decrypt.o
 .ARM.attributes
                0x000008d0       0x39 drivers/secureBoot/SBLib/SB_SW/src/sbsw_sbif_tools_convert.o
 .ARM.attributes
                0x00000909       0x39 drivers/secureBoot/SBLib/SB_SW/src/sbsw_hw_init.o
 .ARM.attributes
                0x00000942       0x39 drivers/secureBoot/SBLib/SB_SW/src/sbsw_sw_aes_if.o
 .ARM.attributes
                0x0000097b       0x39 drivers/secureBoot/SBLib/SB_SW/src/sbsw_sw_ecdsa_verify.o
 .ARM.attributes
                0x000009b4       0x39 drivers/secureBoot/SBLib/SB_SW/src/sbsw_sw_publicdata.o
 .ARM.attributes
                0x000009ed       0x39 drivers/secureBoot/Framework/CLIB/src/c_lib.o
 .ARM.attributes
                0x00000a26       0x39 drivers/secureBoot/SBCommon/SB_SW_CRYPTO/src/sbcr_key.o
 .ARM.attributes
                0x00000a5f       0x39 drivers/secureBoot/SBCommon/SB_SW_CRYPTO/src/rijndael.o
 .ARM.attributes
                0x00000a98       0x39 drivers/secureBoot/SBCommon/SB_SW_CRYPTO/src/minsha_init.o
 .ARM.attributes
                0x00000ad1       0x39 drivers/secureBoot/SBCommon/SB_SW_CRYPTO/src/minsha_update.o
 .ARM.attributes
                0x00000b0a       0x39 drivers/secureBoot/SBCommon/SB_SW_CRYPTO/src/minsha_core.o
 .ARM.attributes
                0x00000b43       0x39 drivers/secureBoot/micro-ecc/uECC.o
 .ARM.attributes
                0x00000b7c       0x39 drivers/secureBoot/SBCommon/SB_SW_CRYPTO/src/sb_sw_ecdsa256.o
 .ARM.attributes
                0x00000bb5       0x39 drivers/secureBoot/verification/verify.o
 .ARM.attributes
                0x00000bee       0x18 /tools/gcc-arm/gcc-linaro/gcc-arm-none-eabi-4_6-2012q2/lib/gcc/arm-none-eabi/4.6.2/libgcc.a(_udivsi3.o)
 .ARM.attributes
                0x00000c06       0x18 /tools/gcc-arm/gcc-linaro/gcc-arm-none-eabi-4_6-2012q2/lib/gcc/arm-none-eabi/4.6.2/libgcc.a(_divsi3.o)
 .ARM.attributes
                0x00000c1e       0x16 /tools/gcc-arm/gcc-linaro/gcc-arm-none-eabi-4_6-2012q2/lib/gcc/arm-none-eabi/4.6.2/libgcc.a(_dvmd_tls.o)

.comment        0x00000000       0x70
 .comment       0x00000000       0x70 ./lib/sys/memset.o
                                 0x71 (size before relaxing)
 .comment       0x00000000       0x71 ./lib/sys/memcpy.o
 .comment       0x00000000       0x71 ./lib/sys/memcmp.o
 .comment       0x00000000       0x71 ./lib/debug/debug.o
 .comment       0x00000000       0x71 ./lib/debug/mail_box.o
 .comment       0x00000000       0x71 ./lib/debug/string_to_gpio.o
 .comment       0x00000000       0x71 ./lib/debug/sim.o
 .comment       0x00000000       0x71 ./lib/arm/cache_v7.o
 .comment       0x00000000       0x71 ./lib/arm/interrupts.o
 .comment       0x00000000       0x71 ./lib/arm/cache-cp15.o
 .comment       0x00000000       0x71 ./main/system.o
 .comment       0x00000000       0x71 ./main/main.o
 .comment       0x00000000       0x71 ./main/board.o
 .comment       0x00000000       0x71 ./drivers/inuitive/timer/apb_timer.o
 .comment       0x00000000       0x71 ./drivers/inuitive/storage/src/storage.o
 .comment       0x00000000       0x71 ./drivers/inuitive/gme/gme.o
 .comment       0x00000000       0x71 ./drivers/inuitive/ictl/ictl.o
 .comment       0x00000000       0x71 ./drivers/inuitive/flash/ispi.o
 .comment       0x00000000       0x71 ./drivers/inuitive/flash/spi_flash.o
 .comment       0x00000000       0x71 ./drivers/inuitive/flash/flash_boot.o
 .comment       0x00000000       0x71 ./drivers/zoro/usb/usb_driver/no_os_ep0.o
 .comment       0x00000000       0x71 ./drivers/zoro/usb/usb_driver/no_os_hiber.o
 .comment       0x00000000       0x71 ./drivers/zoro/usb/usb_driver/no_os_src_sink_lpbk.o
 .comment       0x00000000       0x71 ./drivers/zoro/usb/usb_driver/no_os_gadget.o
 .comment       0x00000000       0x71 ./drivers/zoro/usb/usb_driver/no_os_init.o
 .comment       0x00000000       0x71 ./drivers/zoro/usb/usb_driver/conf.o
 .comment       0x00000000       0x71 ./drivers/zoro/usb/usb_ll/pcd_intr.o
 .comment       0x00000000       0x71 ./drivers/zoro/usb/usb_ll/cil.o
 .comment       0x00000000       0x71 ./drivers/zoro/usb/usb_ll/pcd_hiber.o
 .comment       0x00000000       0x71 ./drivers/zoro/usb/usb_ll/cil_intr.o
 .comment       0x00000000       0x71 ./drivers/zoro/usb/usb_ll/pcd.o
 .comment       0x00000000       0x71 ./drivers/zoro/usb/usb_ll/ep0.o
 .comment       0x00000000       0x71 ./drivers/synopsis/uart/DW_apb_uart/DW_apb_uart_drv.o
 .comment       0x00000000       0x71 ./drivers/synopsis/uart/DW_apb_uart/DW_apb_uart.o
 .comment       0x00000000       0x71 ./dft/dft.o
 .comment       0x00000000       0x71 ./protocol/xmodem/xmodem_boot.o
 .comment       0x00000000       0x71 ./protocol/xmodem/xmodem.o
 .comment       0x00000000       0x71 drivers/secureBoot/SBCommon/SBIF/src/sbif_attributes.o
 .comment       0x00000000       0x71 drivers/secureBoot/SBLib/SB_SW/src/sbsw_api_decrypt.o
 .comment       0x00000000       0x71 drivers/secureBoot/SBLib/SB_SW/src/sbsw_sbif_tools_convert.o
 .comment       0x00000000       0x71 drivers/secureBoot/SBLib/SB_SW/src/sbsw_hw_init.o
 .comment       0x00000000       0x71 drivers/secureBoot/SBLib/SB_SW/src/sbsw_sw_aes_if.o
 .comment       0x00000000       0x71 drivers/secureBoot/SBLib/SB_SW/src/sbsw_sw_ecdsa_verify.o
 .comment       0x00000000       0x71 drivers/secureBoot/SBLib/SB_SW/src/sbsw_sw_publicdata.o
 .comment       0x00000000       0x71 drivers/secureBoot/Framework/CLIB/src/c_lib.o
 .comment       0x00000000       0x71 drivers/secureBoot/SBCommon/SB_SW_CRYPTO/src/sbcr_key.o
 .comment       0x00000000       0x71 drivers/secureBoot/SBCommon/SB_SW_CRYPTO/src/rijndael.o
 .comment       0x00000000       0x71 drivers/secureBoot/SBCommon/SB_SW_CRYPTO/src/minsha_init.o
 .comment       0x00000000       0x71 drivers/secureBoot/SBCommon/SB_SW_CRYPTO/src/minsha_update.o
 .comment       0x00000000       0x71 drivers/secureBoot/SBCommon/SB_SW_CRYPTO/src/minsha_core.o
 .comment       0x00000000       0x71 drivers/secureBoot/micro-ecc/uECC.o
 .comment       0x00000000       0x71 drivers/secureBoot/SBCommon/SB_SW_CRYPTO/src/sb_sw_ecdsa256.o
 .comment       0x00000000       0x71 drivers/secureBoot/verification/verify.o

.debug_line     0x00000000     0x88cf
 .debug_line    0x00000000       0xc9 boot/start.o
 .debug_line    0x000000c9      0x19c ./lib/sys/memset.o
 .debug_line    0x00000265       0xfa ./lib/sys/memcpy.o
 .debug_line    0x0000035f      0x183 ./lib/sys/memcmp.o
 .debug_line    0x000004e2      0x249 ./lib/debug/debug.o
 .debug_line    0x0000072b        0x0 ./lib/debug/mail_box.o
 .debug_line    0x0000072b        0x0 ./lib/debug/string_to_gpio.o
 .debug_line    0x0000072b       0x76 ./lib/debug/sim.o
 .debug_line    0x000007a1      0x1e0 ./lib/arm/cache_v7.o
 .debug_line    0x00000981      0x1b4 ./lib/arm/interrupts.o
 .debug_line    0x00000b35      0x1e0 ./lib/arm/cache-cp15.o
 .debug_line    0x00000d15      0x17e ./main/system.o
 .debug_line    0x00000e93      0x19b ./main/main.o
 .debug_line    0x0000102e      0x275 ./main/board.o
 .debug_line    0x000012a3      0x12e ./drivers/inuitive/timer/apb_timer.o
 .debug_line    0x000013d1       0xea ./drivers/inuitive/storage/src/storage.o
 .debug_line    0x000014bb      0x55b ./drivers/inuitive/gme/gme.o
 .debug_line    0x00001a16      0x259 ./drivers/inuitive/ictl/ictl.o
 .debug_line    0x00001c6f       0xff ./drivers/inuitive/flash/ispi.o
 .debug_line    0x00001d6e      0x149 ./drivers/inuitive/flash/spi_flash.o
 .debug_line    0x00001eb7       0xf7 ./drivers/inuitive/flash/flash_boot.o
 .debug_line    0x00001fae      0x30c ./drivers/zoro/usb/usb_driver/no_os_ep0.o
 .debug_line    0x000022ba      0x18e ./drivers/zoro/usb/usb_driver/no_os_hiber.o
 .debug_line    0x00002448      0x544 ./drivers/zoro/usb/usb_driver/no_os_src_sink_lpbk.o
 .debug_line    0x0000298c      0x3ab ./drivers/zoro/usb/usb_driver/no_os_gadget.o
 .debug_line    0x00002d37      0x241 ./drivers/zoro/usb/usb_driver/no_os_init.o
 .debug_line    0x00002f78        0x0 ./drivers/zoro/usb/usb_driver/conf.o
 .debug_line    0x00002f78      0x2d9 ./drivers/zoro/usb/usb_ll/pcd_intr.o
 .debug_line    0x00003251      0xb52 ./drivers/zoro/usb/usb_ll/cil.o
 .debug_line    0x00003da3      0x465 ./drivers/zoro/usb/usb_ll/pcd_hiber.o
 .debug_line    0x00004208      0x29b ./drivers/zoro/usb/usb_ll/cil_intr.o
 .debug_line    0x000044a3      0x6ed ./drivers/zoro/usb/usb_ll/pcd.o
 .debug_line    0x00004b90      0x350 ./drivers/zoro/usb/usb_ll/ep0.o
 .debug_line    0x00004ee0      0x1d5 ./drivers/synopsis/uart/DW_apb_uart/DW_apb_uart_drv.o
 .debug_line    0x000050b5      0xda1 ./drivers/synopsis/uart/DW_apb_uart/DW_apb_uart.o
 .debug_line    0x00005e56       0x48 ./dft/dft.o
 .debug_line    0x00005e9e       0x55 ./protocol/xmodem/xmodem_boot.o
 .debug_line    0x00005ef3      0x1ee ./protocol/xmodem/xmodem.o
 .debug_line    0x000060e1      0x1a6 drivers/secureBoot/SBCommon/SBIF/src/sbif_attributes.o
 .debug_line    0x00006287      0x52d drivers/secureBoot/SBLib/SB_SW/src/sbsw_api_decrypt.o
 .debug_line    0x000067b4      0x367 drivers/secureBoot/SBLib/SB_SW/src/sbsw_sbif_tools_convert.o
 .debug_line    0x00006b1b      0x216 drivers/secureBoot/SBLib/SB_SW/src/sbsw_hw_init.o
 .debug_line    0x00006d31      0x3b6 drivers/secureBoot/SBLib/SB_SW/src/sbsw_sw_aes_if.o
 .debug_line    0x000070e7      0x256 drivers/secureBoot/SBLib/SB_SW/src/sbsw_sw_ecdsa_verify.o
 .debug_line    0x0000733d      0x12c drivers/secureBoot/SBLib/SB_SW/src/sbsw_sw_publicdata.o
 .debug_line    0x00007469      0x26b drivers/secureBoot/Framework/CLIB/src/c_lib.o
 .debug_line    0x000076d4       0xe0 drivers/secureBoot/SBCommon/SB_SW_CRYPTO/src/sbcr_key.o
 .debug_line    0x000077b4      0x2af drivers/secureBoot/SBCommon/SB_SW_CRYPTO/src/rijndael.o
 .debug_line    0x00007a63      0x14c drivers/secureBoot/SBCommon/SB_SW_CRYPTO/src/minsha_init.o
 .debug_line    0x00007baf      0x196 drivers/secureBoot/SBCommon/SB_SW_CRYPTO/src/minsha_update.o
 .debug_line    0x00007d45      0x1c0 drivers/secureBoot/SBCommon/SB_SW_CRYPTO/src/minsha_core.o
 .debug_line    0x00007f05      0x5c3 drivers/secureBoot/micro-ecc/uECC.o
 .debug_line    0x000084c8      0x152 drivers/secureBoot/SBCommon/SB_SW_CRYPTO/src/sb_sw_ecdsa256.o
 .debug_line    0x0000861a      0x2b5 drivers/secureBoot/verification/verify.o

.debug_info     0x00000000    0x27a4a
 .debug_info    0x00000000       0x6d boot/start.o
 .debug_info    0x0000006d      0x112 ./lib/sys/memset.o
 .debug_info    0x0000017f      0x110 ./lib/sys/memcpy.o
 .debug_info    0x0000028f      0x114 ./lib/sys/memcmp.o
 .debug_info    0x000003a3      0x5b7 ./lib/debug/debug.o
 .debug_info    0x0000095a       0xf8 ./lib/debug/sim.o
 .debug_info    0x00000a52      0x772 ./lib/arm/cache_v7.o
 .debug_info    0x000011c4      0x3a3 ./lib/arm/interrupts.o
 .debug_info    0x00001567      0x5a7 ./lib/arm/cache-cp15.o
 .debug_info    0x00001b0e      0x3a2 ./main/system.o
 .debug_info    0x00001eb0      0x39b ./main/main.o
 .debug_info    0x0000224b      0x782 ./main/board.o
 .debug_info    0x000029cd      0x242 ./drivers/inuitive/timer/apb_timer.o
 .debug_info    0x00002c0f      0x1f1 ./drivers/inuitive/storage/src/storage.o
 .debug_info    0x00002e00     0x1233 ./drivers/inuitive/gme/gme.o
 .debug_info    0x00004033      0x638 ./drivers/inuitive/ictl/ictl.o
 .debug_info    0x0000466b      0x659 ./drivers/inuitive/flash/ispi.o
 .debug_info    0x00004cc4      0x39e ./drivers/inuitive/flash/spi_flash.o
 .debug_info    0x00005062      0x250 ./drivers/inuitive/flash/flash_boot.o
 .debug_info    0x000052b2     0x26a5 ./drivers/zoro/usb/usb_driver/no_os_ep0.o
 .debug_info    0x00007957     0x16f6 ./drivers/zoro/usb/usb_driver/no_os_hiber.o
 .debug_info    0x0000904d     0x2614 ./drivers/zoro/usb/usb_driver/no_os_src_sink_lpbk.o
 .debug_info    0x0000b661     0x1e1b ./drivers/zoro/usb/usb_driver/no_os_gadget.o
 .debug_info    0x0000d47c     0x1a6c ./drivers/zoro/usb/usb_driver/no_os_init.o
 .debug_info    0x0000eee8     0x1f48 ./drivers/zoro/usb/usb_ll/pcd_intr.o
 .debug_info    0x00010e30     0x431d ./drivers/zoro/usb/usb_ll/cil.o
 .debug_info    0x0001514d     0x20d0 ./drivers/zoro/usb/usb_ll/pcd_hiber.o
 .debug_info    0x0001721d     0x1e39 ./drivers/zoro/usb/usb_ll/cil_intr.o
 .debug_info    0x00019056     0x261f ./drivers/zoro/usb/usb_ll/pcd.o
 .debug_info    0x0001b675     0x1ee3 ./drivers/zoro/usb/usb_ll/ep0.o
 .debug_info    0x0001d558      0xbcc ./drivers/synopsis/uart/DW_apb_uart/DW_apb_uart_drv.o
 .debug_info    0x0001e124     0x3099 ./drivers/synopsis/uart/DW_apb_uart/DW_apb_uart.o
 .debug_info    0x000211bd       0x7e ./dft/dft.o
 .debug_info    0x0002123b       0xd3 ./protocol/xmodem/xmodem_boot.o
 .debug_info    0x0002130e      0x5d8 ./protocol/xmodem/xmodem.o
 .debug_info    0x000218e6      0x332 drivers/secureBoot/SBCommon/SBIF/src/sbif_attributes.o
 .debug_info    0x00021c18     0x11d1 drivers/secureBoot/SBLib/SB_SW/src/sbsw_api_decrypt.o
 .debug_info    0x00022de9      0x736 drivers/secureBoot/SBLib/SB_SW/src/sbsw_sbif_tools_convert.o
 .debug_info    0x0002351f      0x3fa drivers/secureBoot/SBLib/SB_SW/src/sbsw_hw_init.o
 .debug_info    0x00023919      0xb85 drivers/secureBoot/SBLib/SB_SW/src/sbsw_sw_aes_if.o
 .debug_info    0x0002449e      0x3c7 drivers/secureBoot/SBLib/SB_SW/src/sbsw_sw_ecdsa_verify.o
 .debug_info    0x00024865      0x135 drivers/secureBoot/SBLib/SB_SW/src/sbsw_sw_publicdata.o
 .debug_info    0x0002499a      0x4ee drivers/secureBoot/Framework/CLIB/src/c_lib.o
 .debug_info    0x00024e88       0x9e drivers/secureBoot/SBCommon/SB_SW_CRYPTO/src/sbcr_key.o
 .debug_info    0x00024f26      0x33b drivers/secureBoot/SBCommon/SB_SW_CRYPTO/src/rijndael.o
 .debug_info    0x00025261      0x189 drivers/secureBoot/SBCommon/SB_SW_CRYPTO/src/minsha_init.o
 .debug_info    0x000253ea      0x305 drivers/secureBoot/SBCommon/SB_SW_CRYPTO/src/minsha_update.o
 .debug_info    0x000256ef      0x2bc drivers/secureBoot/SBCommon/SB_SW_CRYPTO/src/minsha_core.o